Archive member included to satisfy reference by file (symbol)

/Applications/CrossWorks for ARM 4.8/lib/libc_v7m_t_le_eabi.a(libc_asm.o)
                              1768 LPCOpen THUMB Flash Debug/i2s_17xx_40xx.o (__aeabi_uldivmod)
/Applications/CrossWorks for ARM 4.8/lib/libc_v7m_t_le_eabi.a(libc2.o)
                              1768 LPCOpen THUMB Flash Debug/can.o (printf)
/Applications/CrossWorks for ARM 4.8/lib/libc_v7m_t_le_eabi.a(libc2_asm.o)
                              1768 LPCOpen THUMB Flash Debug/ring_buffer.o (memcpy)
/Applications/CrossWorks for ARM 4.8/lib/libc_v7m_t_le_eabi.a(libvfprintf.o)
                              (__vfprintf_float_long_long)
/Applications/CrossWorks for ARM 4.8/lib/libc_v7m_t_le_eabi.a(libvfscanf.o)
                              (__vfscanf_float_long_long_cc)
/Applications/CrossWorks for ARM 4.8/lib/libc_v7m_t_le_eabi.a(libc.o)
                              /Applications/CrossWorks for ARM 4.8/lib/libc_v7m_t_le_eabi.a(libc2.o) (__heap_lock)
/Applications/CrossWorks for ARM 4.8/lib/libdebugio_v7m_t_le_eabi.a(libdebugio.o)
                              1768 LPCOpen THUMB Flash Debug/thumb_crt0.o (debug_fopen)
/Applications/CrossWorks for ARM 4.8/lib/libdebugio_v7m_t_le_eabi.a(do_nv_debug_operation.o)
                              /Applications/CrossWorks for ARM 4.8/lib/libdebugio_v7m_t_le_eabi.a(libdebugio.o) (__do_nvdebug_operation)
/Applications/CrossWorks for ARM 4.8/lib/libdebugio_v7m_t_le_eabi.a(mempoll_debug_operations.o)
                              (__do_debug_operation_mempoll)
/Applications/CrossWorks for ARM 4.8/lib/libm_v7m_t_le_eabi.a(libm_asm.o)
                              /Applications/CrossWorks for ARM 4.8/lib/libc_v7m_t_le_eabi.a(libc2.o) (__aeabi_i2f)
/Applications/CrossWorks for ARM 4.8/lib/libm_v7m_t_le_eabi.a(libm2.o)
                              /Applications/CrossWorks for ARM 4.8/lib/libc_v7m_t_le_eabi.a(libvfprintf.o) (frexp)
/Applications/CrossWorks for ARM 4.8/lib/libm_v7m_t_le_eabi.a(libm2_asm.o)
                              /Applications/CrossWorks for ARM 4.8/lib/libm_v7m_t_le_eabi.a(libm2.o) (fabs)

Discarded input sections

 .group         0x0000000000000000        0xc 1768 LPCOpen THUMB Flash Debug/Clocks-1768.o
 .group         0x0000000000000000        0xc 1768 LPCOpen THUMB Flash Debug/Clocks-1768.o
 .group         0x0000000000000000        0xc 1768 LPCOpen THUMB Flash Debug/Clocks-1768.o
 .group         0x0000000000000000        0xc 1768 LPCOpen THUMB Flash Debug/Clocks-1768.o
 .group         0x0000000000000000        0xc 1768 LPCOpen THUMB Flash Debug/Clocks-1768.o
 .group         0x0000000000000000        0xc 1768 LPCOpen THUMB Flash Debug/Clocks-1768.o
 .group         0x0000000000000000        0xc 1768 LPCOpen THUMB Flash Debug/Clocks-1768.o
 .group         0x0000000000000000        0xc 1768 LPCOpen THUMB Flash Debug/Clocks-1768.o
 .group         0x0000000000000000        0xc 1768 LPCOpen THUMB Flash Debug/Clocks-1768.o
 .group         0x0000000000000000        0xc 1768 LPCOpen THUMB Flash Debug/Clocks-1768.o
 .group         0x0000000000000000        0xc 1768 LPCOpen THUMB Flash Debug/Clocks-1768.o
 .group         0x0000000000000000        0xc 1768 LPCOpen THUMB Flash Debug/Clocks-1768.o
 .group         0x0000000000000000        0xc 1768 LPCOpen THUMB Flash Debug/Clocks-1768.o
 .group         0x0000000000000000        0xc 1768 LPCOpen THUMB Flash Debug/Clocks-1768.o
 .group         0x0000000000000000        0xc 1768 LPCOpen THUMB Flash Debug/Clocks-1768.o
 .group         0x0000000000000000        0xc 1768 LPCOpen THUMB Flash Debug/Clocks-1768.o
 .group         0x0000000000000000        0xc 1768 LPCOpen THUMB Flash Debug/Clocks-1768.o
 .group         0x0000000000000000        0xc 1768 LPCOpen THUMB Flash Debug/Clocks-1768.o
 .group         0x0000000000000000        0xc 1768 LPCOpen THUMB Flash Debug/Clocks-1768.o
 .group         0x0000000000000000        0xc 1768 LPCOpen THUMB Flash Debug/Clocks-1768.o
 .group         0x0000000000000000        0xc 1768 LPCOpen THUMB Flash Debug/Clocks-1768.o
 .group         0x0000000000000000        0xc 1768 LPCOpen THUMB Flash Debug/Clocks-1768.o
 .group         0x0000000000000000        0xc 1768 LPCOpen THUMB Flash Debug/Clocks-1768.o
 .group         0x0000000000000000        0xc 1768 LPCOpen THUMB Flash Debug/Clocks-1768.o
 .group         0x0000000000000000        0xc 1768 LPCOpen THUMB Flash Debug/Clocks-1768.o
 .group         0x0000000000000000        0xc 1768 LPCOpen THUMB Flash Debug/Clocks-1768.o
 .group         0x0000000000000000        0xc 1768 LPCOpen THUMB Flash Debug/Clocks-1768.o
 .group         0x0000000000000000        0xc 1768 LPCOpen THUMB Flash Debug/Clocks-1768.o
 .group         0x0000000000000000        0xc 1768 LPCOpen THUMB Flash Debug/Clocks-1768.o
 .group         0x0000000000000000        0xc 1768 LPCOpen THUMB Flash Debug/Clocks-1768.o
 .group         0x0000000000000000        0xc 1768 LPCOpen THUMB Flash Debug/Clocks-1768.o
[...]
Memory Configuration

Name             Origin             Length             Attributes
UNPLACED_SECTIONS 0x0000000100000000 0x0000000000000000 xw
CM3_System_Control_Space 0x00000000e000e000 0x0000000000001000 xw
AHB_Peripherals  0x0000000050000000 0x0000000000200000 xw
APB1_Peripherals 0x0000000040080000 0x0000000000080000 xw
APB0_Peripherals 0x0000000040000000 0x0000000000080000 xw
GPIO             0x000000002009c000 0x0000000000004000 xw
AHBSRAM          0x000000002007c000 0x0000000000008000 xw
RAM              0x0000000010000000 0x0000000000008000 xw
FLASH            0x0000000000000000 0x0000000000080000 xr
*default*        0x0000000000000000 0xffffffffffffffff

Linker script and memory map

                0x0000000000002ff0                __do_debug_operation = __do_debug_operation_mempoll
                0x0000000000001f28                __vfprintf = __vfprintf_float_long_long
                0x0000000000000000                __vfscanf = __vfscanf_float_long_long_cc
                0x00000000e000e000                __CM3_System_Control_Space_segment_start__ = 0xe000e000
                0x00000000e000f000                __CM3_System_Control_Space_segment_end__ = 0xe000f000
                0x0000000000001000                __CM3_System_Control_Space_segment_size__ = 0x1000
                0x0000000050000000                __AHB_Peripherals_segment_start__ = 0x50000000
                0x0000000050200000                __AHB_Peripherals_segment_end__ = 0x50200000
                0x0000000000200000                __AHB_Peripherals_segment_size__ = 0x200000
                0x0000000040080000                __APB1_Peripherals_segment_start__ = 0x40080000
                0x0000000040100000                __APB1_Peripherals_segment_end__ = 0x40100000
                0x0000000000080000                __APB1_Peripherals_segment_size__ = 0x80000
                0x0000000040000000                __APB0_Peripherals_segment_start__ = 0x40000000
                0x0000000040080000                __APB0_Peripherals_segment_end__ = 0x40080000
                0x0000000000080000                __APB0_Peripherals_segment_size__ = 0x80000
                0x000000002009c000                __GPIO_segment_start__ = 0x2009c000
                0x00000000200a0000                __GPIO_segment_end__ = 0x200a0000
                0x0000000000004000                __GPIO_segment_size__ = 0x4000
                0x000000002007c000                __AHBSRAM_segment_start__ = 0x2007c000
                0x0000000020084000                __AHBSRAM_segment_end__ = 0x20084000
                0x0000000000008000                __AHBSRAM_segment_size__ = 0x8000
                0x0000000010000000                __RAM_segment_start__ = 0x10000000
                0x0000000010008000                __RAM_segment_end__ = 0x10008000
                0x0000000000008000                __RAM_segment_size__ = 0x8000
                0x0000000000000000                __FLASH_segment_start__ = 0x0
                0x0000000000080000                __FLASH_segment_end__ = 0x80000
                0x0000000000080000                __FLASH_segment_size__ = 0x80000
                0x0000000000000080                __HEAPSIZE__ = 0x80
                0x0000000000000000                __STACKSIZE_ABT__ = 0x0
                0x0000000000000000                __STACKSIZE_FIQ__ = 0x0
                0x0000000000000000                __STACKSIZE_IRQ__ = 0x0
                0x0000000000000000                __STACKSIZE_PROCESS__ = 0x0
                0x0000000000000000                __STACKSIZE_SVC__ = 0x0
                0x0000000000000000                __STACKSIZE_UND__ = 0x0
                0x0000000000000100                __STACKSIZE__ = 0x100
                0x0000000010000000                __vectors_ram_load_start__ = ALIGN (__RAM_segment_start__, 0x100)

.vectors_ram    0x0000000010000000        0x0
                0x0000000010000000                __vectors_ram_start__ = .
 *(.vectors_ram .vectors_ram.*)
                0x0000000010000000                __vectors_ram_end__ = (__vectors_ram_start__ + SIZEOF (.vectors_ram))
                0x0000000000000000                __vectors_ram_size__ = SIZEOF (.vectors_ram)
                0x0000000010000000                __vectors_ram_load_end__ = __vectors_ram_end__
                0x0000000000000001                . = ASSERT (((__vectors_ram_start__ == __vectors_ram_end__) || ((__vectors_ram_end__ - __RAM_segment_start__) <= __RAM_segment_size__)), error: .vectors_ram is too large to fit in RAM memory segment)
                0x0000000000000000                __vectors_load_start__ = ALIGN (__FLASH_segment_start__, 0x100)

.vectors        0x0000000000000000       0xcc
                0x0000000000000000                __vectors_start__ = .
 *(.vectors .vectors.*)
 .vectors       0x0000000000000000       0xcc 1768 LPCOpen THUMB Flash Debug/LPC1700_Startup.o
                0x0000000000000000                _vectors
                0x00000000000000cc                __vectors_end__ = (__vectors_start__ + SIZEOF (.vectors))
                0x00000000000000cc                __vectors_size__ = SIZEOF (.vectors)
                0x00000000000000cc                __vectors_load_end__ = __vectors_end__
                0x0000000000000001                . = ASSERT (((__vectors_start__ == __vectors_end__) || ((__vectors_end__ - __FLASH_segment_start__) <= __FLASH_segment_size__)), error: .vectors is too large to fit in FLASH memory segment)
                0x00000000000000cc                __init_load_start__ = ALIGN (__vectors_end__, 0x4)

.init           0x00000000000000cc      0x1d0
                0x00000000000000cc                __init_start__ = .
 *(.init .init.*)
 .init          0x00000000000000cc      0x154 1768 LPCOpen THUMB Flash Debug/thumb_crt0.o
                0x00000000000000cc                _start
                0x000000000000017c                exit
 .init          0x0000000000000220       0x7c 1768 LPCOpen THUMB Flash Debug/LPC1700_Startup.o
                0x0000000000000220                reset_handler
                0x0000000000000232                NMI_Handler
                0x0000000000000234                HardFault_Handler
                0x0000000000000236                MemManage_Handler
                0x0000000000000238                BusFault_Handler
                0x000000000000023a                UsageFault_Handler
                0x000000000000023c                SVC_Handler
                0x000000000000023e                DebugMon_Handler
                0x0000000000000240                PendSV_Handler
                0x0000000000000242                SysTick_Handler
                0x0000000000000244                WDT_IRQHandler
                0x0000000000000246                TIMER0_IRQHandler
                0x0000000000000248                TIMER1_IRQHandler
                0x000000000000024a                TIMER2_IRQHandler
                0x000000000000024c                TIMER3_IRQHandler
                0x0000000000000250                UART1_IRQHandler
                0x0000000000000252                UART2_IRQHandler
                0x0000000000000254                UART3_IRQHandler
                0x0000000000000256                PWM1_IRQHandler
                0x0000000000000258                I2C0_IRQHandler
                0x000000000000025a                I2C1_IRQHandler
                0x000000000000025c                I2C2_IRQHandler
                0x000000000000025e                SPI_IRQHandler
                0x0000000000000260                SSP0_IRQHandler
                0x0000000000000262                SSP1_IRQHandler
                0x0000000000000264                PLL0_IRQHandler
                0x0000000000000266                RTC_IRQHandler
                0x0000000000000268                EINT0_IRQHandler
                0x000000000000026a                EINT1_IRQHandler
                0x000000000000026c                EINT2_IRQHandler
                0x000000000000026e                EINT3_IRQHandler
                0x0000000000000270                ADC_IRQHandler
                0x0000000000000272                BOD_IRQHandler
                0x0000000000000274                USB_IRQHandler
                0x0000000000000278                DMA_IRQHandler
                0x000000000000027a                I2S_IRQHandler
                0x000000000000027c                ENET_IRQHandler
                0x000000000000027e                RIT_IRQHandler
                0x0000000000000280                MCPWM_IRQHandler
                0x0000000000000282                QEI_IRQHandler
                0x0000000000000284                PLL1_IRQHandler
                0x0000000000000286                USBACT_IRQHandler
                0x0000000000000288                CANACT_IRQHandler
                0x000000000000028a                reset_wait
                0x000000000000029c                __init_end__ = (__init_start__ + SIZEOF (.init))
                0x00000000000001d0                __init_size__ = SIZEOF (.init)
                0x000000000000029c                __init_load_end__ = __init_end__
                0x0000000000000001                . = ASSERT (((__init_start__ == __init_end__) || ((__init_end__ - __FLASH_segment_start__) <= __FLASH_segment_size__)), error: .init is too large to fit in FLASH memory segment)
                0x000000000000029c                __text_load_start__ = ALIGN (__init_end__, 0x4)

.text           0x000000000000029c     0x3932
                0x000000000000029c                __text_start__ = .
 *(.text .text.* .glue_7t .glue_7 .gnu.linkonce.t.* .gcc_except_table .ARM.extab* .gnu.linkonce.armextab.*)
 .glue_7        0x000000000000029c        0x0 linker stubs
 .glue_7t       0x000000000000029c        0x0 linker stubs
 .text.main     0x000000000000029c       0x28 1768 LPCOpen THUMB Flash Debug/Clocks-1768.o
                0x000000000000029c                main
 .text.NVIC_EnableIRQ
                0x00000000000002c4       0x2c 1768 LPCOpen THUMB Flash Debug/can.o
 .text.Chip_CAN_GetStatus
                0x00000000000002f0        0xe 1768 LPCOpen THUMB Flash Debug/can.o
 .text.Chip_CAN_EnableInt
                0x00000000000002fe       0x18 1768 LPCOpen THUMB Flash Debug/can.o
 .text.Chip_CAN_GetIntStatus
                0x0000000000000316        0xe 1768 LPCOpen THUMB Flash Debug/can.o
 .text.Chip_CAN_SetAFMode
                0x0000000000000324       0x18 1768 LPCOpen THUMB Flash Debug/can.o
 .text.PrintCANErrorInfo
                0x000000000000033c       0xc0 1768 LPCOpen THUMB Flash Debug/can.o
 .text.PrintCANMsg
                0x00000000000003fc       0xcc 1768 LPCOpen THUMB Flash Debug/can.o
 .text.ReplyRemoteMessage
                0x00000000000004c8       0x80 1768 LPCOpen THUMB Flash Debug/can.o
 .text.ReplyNormalMessage
                0x0000000000000548       0x50 1768 LPCOpen THUMB Flash Debug/can.o
 .text.CAN_IRQHandler
                0x0000000000000598       0x60 1768 LPCOpen THUMB Flash Debug/can.o
                0x0000000000000598                CAN_IRQHandler
 .text.CAN_Thread
                0x00000000000005f8       0xcc 1768 LPCOpen THUMB Flash Debug/can.o
                0x00000000000005f8                CAN_Thread
 .text.SystemInit
                0x00000000000006c4       0x18 1768 LPCOpen THUMB Flash Debug/sysinit.o
                0x00000000000006c4                SystemInit
 .text.UART0_IRQHandler
                0x00000000000006dc       0x1c 1768 LPCOpen THUMB Flash Debug/uart_rb.o
                0x00000000000006dc                UART0_IRQHandler
 .text.__aeabi_read_tp
                0x00000000000006f8        0x8 1768 LPCOpen THUMB Flash Debug/thumb_crt0.o
                0x00000000000006f8                __aeabi_read_tp
 .text.__putchar
                0x0000000000000700        0x4 1768 LPCOpen THUMB Flash Debug/thumb_crt0.o
                0x0000000000000700                __putchar
 .text.Chip_IOCON_Init
                0x0000000000000704       0x14 1768 LPCOpen THUMB Flash Debug/board.o
 .text.Chip_GPIO_Init
                0x0000000000000718       0x14 1768 LPCOpen THUMB Flash Debug/board.o
 .text.Chip_GPIO_SetPinState
                0x000000000000072c       0x70 1768 LPCOpen THUMB Flash Debug/board.o
 .text.Chip_GPIO_WritePortBit
                0x000000000000079c       0x32 1768 LPCOpen THUMB Flash Debug/board.o
 .text.Chip_GPIO_SetPinDIROutput
                0x00000000000007ce       0x38 1768 LPCOpen THUMB Flash Debug/board.o
 .text.Chip_GPIO_SetPinDIRInput
                0x0000000000000806       0x3c 1768 LPCOpen THUMB Flash Debug/board.o
 .text.Chip_GPIO_SetPinDIR
                0x0000000000000842       0x50 1768 LPCOpen THUMB Flash Debug/board.o
 .text.Chip_GPIO_WriteDirBit
                0x0000000000000892       0x38 1768 LPCOpen THUMB Flash Debug/board.o
 .text.Chip_UART_SendByte
                0x00000000000008ca       0x18 1768 LPCOpen THUMB Flash Debug/board.o
 .text.Chip_UART_ConfigData
                0x00000000000008e2       0x12 1768 LPCOpen THUMB Flash Debug/board.o
 .text.Chip_UART_ReadLineStatus
                0x00000000000008f4        0xe 1768 LPCOpen THUMB Flash Debug/board.o
 *fill*         0x0000000000000902        0x2 
 .text.Board_LED_Init
                0x0000000000000904       0x18 1768 LPCOpen THUMB Flash Debug/board.o
 .text.Board_UART_Init
                0x000000000000091c        0xa 1768 LPCOpen THUMB Flash Debug/board.o
                0x000000000000091c                Board_UART_Init
 *fill*         0x0000000000000926        0x2 
 .text.Board_Debug_Init
                0x0000000000000928       0x30 1768 LPCOpen THUMB Flash Debug/board.o
                0x0000000000000928                Board_Debug_Init
 .text.Board_UARTPutChar
                0x0000000000000958       0x34 1768 LPCOpen THUMB Flash Debug/board.o
                0x0000000000000958                Board_UARTPutChar
 .text.Board_UARTPutSTR
                0x000000000000098c       0x28 1768 LPCOpen THUMB Flash Debug/board.o
                0x000000000000098c                Board_UARTPutSTR
 .text.Board_LED_Set
                0x00000000000009b4       0x34 1768 LPCOpen THUMB Flash Debug/board.o
                0x00000000000009b4                Board_LED_Set
 .text.Board_Init
                0x00000000000009e8       0x24 1768 LPCOpen THUMB Flash Debug/board.o
                0x00000000000009e8                Board_Init
 .text.Chip_SYSCTL_SetFLASHAccess
                0x0000000000000a0c       0x2c 1768 LPCOpen THUMB Flash Debug/board_sysinit.o
 .text.Board_SetupMuxing
                0x0000000000000a38       0x18 1768 LPCOpen THUMB Flash Debug/board_sysinit.o
                0x0000000000000a38                Board_SetupMuxing
 .text.Board_SetupClocking
                0x0000000000000a50       0x10 1768 LPCOpen THUMB Flash Debug/board_sysinit.o
                0x0000000000000a50                Board_SetupClocking
 .text.Board_SystemInit
                0x0000000000000a60        0xe 1768 LPCOpen THUMB Flash Debug/board_sysinit.o
                0x0000000000000a60                Board_SystemInit
 .text.Chip_CAN_SetCmd
                0x0000000000000a6e       0x12 1768 LPCOpen THUMB Flash Debug/can_17xx_40xx.o
 .text.Chip_CAN_GetStatus
                0x0000000000000a80        0xe 1768 LPCOpen THUMB Flash Debug/can_17xx_40xx.o
 .text.Chip_CAN_GetMode
                0x0000000000000a8e       0x16 1768 LPCOpen THUMB Flash Debug/can_17xx_40xx.o
 .text.Chip_CAN_SetAFMode
                0x0000000000000aa4       0x18 1768 LPCOpen THUMB Flash Debug/can_17xx_40xx.o
 .text.Chip_CAN_GetAFMode
                0x0000000000000abc       0x10 1768 LPCOpen THUMB Flash Debug/can_17xx_40xx.o
 .text.setBusTiming
                0x0000000000000acc       0x66 1768 LPCOpen THUMB Flash Debug/can_17xx_40xx.o
 .text.setSectionEndAddress
                0x0000000000000b32       0x30 1768 LPCOpen THUMB Flash Debug/can_17xx_40xx.o
 .text.getReceiveFrameInfo
                0x0000000000000b62       0x30 1768 LPCOpen THUMB Flash Debug/can_17xx_40xx.o
 .text.setSendFrameInfo
                0x0000000000000b92       0x2c 1768 LPCOpen THUMB Flash Debug/can_17xx_40xx.o
 .text.clearAFLUT
                0x0000000000000bbe       0x84 1768 LPCOpen THUMB Flash Debug/can_17xx_40xx.o
                0x0000000000000bbe                clearAFLUT
 *fill*         0x0000000000000c42        0x2 
 .text.Chip_CAN_GetClockIndex
                0x0000000000000c44       0x28 1768 LPCOpen THUMB Flash Debug/can_17xx_40xx.o
 .text.Chip_CAN_GetClkIndex
                0x0000000000000c6c       0x28 1768 LPCOpen THUMB Flash Debug/can_17xx_40xx.o
 .text.Chip_CAN_Init
                0x0000000000000c94       0x5c 1768 LPCOpen THUMB Flash Debug/can_17xx_40xx.o
                0x0000000000000c94                Chip_CAN_Init
 .text.Chip_CAN_SetBitRate
                0x0000000000000cf0       0xfc 1768 LPCOpen THUMB Flash Debug/can_17xx_40xx.o
                0x0000000000000cf0                Chip_CAN_SetBitRate
 .text.Chip_CAN_SetMode
                0x0000000000000dec       0xa0 1768 LPCOpen THUMB Flash Debug/can_17xx_40xx.o
                0x0000000000000dec                Chip_CAN_SetMode
 .text.Chip_CAN_GetFreeTxBuf
                0x0000000000000e8c       0x52 1768 LPCOpen THUMB Flash Debug/can_17xx_40xx.o
                0x0000000000000e8c                Chip_CAN_GetFreeTxBuf
 .text.Chip_CAN_Send
                0x0000000000000ede      0x12e 1768 LPCOpen THUMB Flash Debug/can_17xx_40xx.o
                0x0000000000000ede                Chip_CAN_Send
 .text.Chip_CAN_Receive
                0x000000000000100c       0xd6 1768 LPCOpen THUMB Flash Debug/can_17xx_40xx.o
                0x000000000000100c                Chip_CAN_Receive
 *fill*         0x00000000000010e2        0x2 
 .text.SystemCoreClockUpdate
                0x00000000000010e4       0x14 1768 LPCOpen THUMB Flash Debug/chip_17xx_40xx.o
                0x00000000000010e4                SystemCoreClockUpdate
 .text.Chip_Clock_IsMainPLLEnabled
                0x00000000000010f8       0x1c 1768 LPCOpen THUMB Flash Debug/clock_17xx_40xx.o
 .text.Chip_Clock_IsMainPLLConnected
                0x0000000000001114       0x1c 1768 LPCOpen THUMB Flash Debug/clock_17xx_40xx.o
 .text.Chip_Clock_FeedPLL
                0x0000000000001130       0x34 1768 LPCOpen THUMB Flash Debug/clock_17xx_40xx.o
 .text.Chip_Clock_GetMainPLLSource
                0x0000000000001164       0x18 1768 LPCOpen THUMB Flash Debug/clock_17xx_40xx.o
 .text.Chip_Clock_GetMainOscRate
                0x000000000000117c        0xc 1768 LPCOpen THUMB Flash Debug/clock_17xx_40xx.o
 .text.Chip_Clock_GetIntOscRate
                0x0000000000001188        0xc 1768 LPCOpen THUMB Flash Debug/clock_17xx_40xx.o
 .text.Chip_Clock_GetRTCOscRate
                0x0000000000001194        0xc 1768 LPCOpen THUMB Flash Debug/clock_17xx_40xx.o
 .text.Chip_Clock_GetMainPLLInClockRate
                0x00000000000011a0        0xc 1768 LPCOpen THUMB Flash Debug/clock_17xx_40xx.o
 .text.Chip_Clock_EnablePLL
                0x00000000000011ac       0x4c 1768 LPCOpen THUMB Flash Debug/clock_17xx_40xx.o
                0x00000000000011ac                Chip_Clock_EnablePLL
 .text.Chip_Clock_DisablePLL
                0x00000000000011f8       0x4c 1768 LPCOpen THUMB Flash Debug/clock_17xx_40xx.o
                0x00000000000011f8                Chip_Clock_DisablePLL
 .text.Chip_Clock_SetupPLL
                0x0000000000001244       0x64 1768 LPCOpen THUMB Flash Debug/clock_17xx_40xx.o
                0x0000000000001244                Chip_Clock_SetupPLL
 .text.Chip_Clock_EnablePeriphClock
                0x00000000000012a8       0x30 1768 LPCOpen THUMB Flash Debug/clock_17xx_40xx.o
                0x00000000000012a8                Chip_Clock_EnablePeriphClock
 .text.Chip_Clock_GetCPUClockSource
                0x00000000000012d8       0x28 1768 LPCOpen THUMB Flash Debug/clock_17xx_40xx.o
                0x00000000000012d8                Chip_Clock_GetCPUClockSource
 .text.Chip_Clock_SetCPUClockDiv
                0x0000000000001300       0x18 1768 LPCOpen THUMB Flash Debug/clock_17xx_40xx.o
                0x0000000000001300                Chip_Clock_SetCPUClockDiv
 .text.Chip_Clock_GetCPUClockDiv
                0x0000000000001318       0x14 1768 LPCOpen THUMB Flash Debug/clock_17xx_40xx.o
                0x0000000000001318                Chip_Clock_GetCPUClockDiv
 .text.Chip_Clock_GetPCLKDiv
                0x000000000000132c       0x90 1768 LPCOpen THUMB Flash Debug/clock_17xx_40xx.o
                0x000000000000132c                Chip_Clock_GetPCLKDiv
 .text.Chip_Clock_GetSYSCLKRate
                0x00000000000013bc       0x38 1768 LPCOpen THUMB Flash Debug/clock_17xx_40xx.o
                0x00000000000013bc                Chip_Clock_GetSYSCLKRate
 .text.Chip_Clock_GetMainPLLOutClockRate
                0x00000000000013f4       0x54 1768 LPCOpen THUMB Flash Debug/clock_17xx_40xx.o
                0x00000000000013f4                Chip_Clock_GetMainPLLOutClockRate
 .text.Chip_Clock_GetMainClockRate
                0x0000000000001448       0x26 1768 LPCOpen THUMB Flash Debug/clock_17xx_40xx.o
                0x0000000000001448                Chip_Clock_GetMainClockRate
 .text.Chip_Clock_GetSystemClockRate
                0x000000000000146e       0x16 1768 LPCOpen THUMB Flash Debug/clock_17xx_40xx.o
                0x000000000000146e                Chip_Clock_GetSystemClockRate
 .text.Chip_Clock_GetPeripheralClockRate
                0x0000000000001484       0x26 1768 LPCOpen THUMB Flash Debug/clock_17xx_40xx.o
                0x0000000000001484                Chip_Clock_GetPeripheralClockRate
 .text.Chip_IOCON_PinMuxSet
                0x00000000000014aa       0x3c 1768 LPCOpen THUMB Flash Debug/iocon_17xx_40xx.o
                0x00000000000014aa                Chip_IOCON_PinMuxSet
 .text.Chip_IOCON_PinMux
                0x00000000000014e6       0xaa 1768 LPCOpen THUMB Flash Debug/iocon_17xx_40xx.o
                0x00000000000014e6                Chip_IOCON_PinMux
 .text.Chip_IOCON_SetPinMuxing
                0x0000000000001590       0x62 1768 LPCOpen THUMB Flash Debug/iocon_17xx_40xx.o
                0x0000000000001590                Chip_IOCON_SetPinMuxing
 .text.RingBuffer_GetCount
                0x00000000000015f2       0x18 1768 LPCOpen THUMB Flash Debug/ring_buffer.o
 .text.RingBuffer_IsFull
                0x000000000000160a       0x24 1768 LPCOpen THUMB Flash Debug/ring_buffer.o
 .text.RingBuffer_IsEmpty
                0x000000000000162e       0x20 1768 LPCOpen THUMB Flash Debug/ring_buffer.o
 .text.RingBuffer_Insert
                0x000000000000164e       0x5a 1768 LPCOpen THUMB Flash Debug/ring_buffer.o
                0x000000000000164e                RingBuffer_Insert
 .text.RingBuffer_Pop
                0x00000000000016a8       0x5a 1768 LPCOpen THUMB Flash Debug/ring_buffer.o
                0x00000000000016a8                RingBuffer_Pop
 *fill*         0x0000000000001702        0x2 
 .text.Chip_Clock_IsMainPLLEnabled
                0x0000000000001704       0x1c 1768 LPCOpen THUMB Flash Debug/sysinit_17xx_40xx.o
 .text.Chip_Clock_IsMainPLLLocked
                0x0000000000001720       0x1c 1768 LPCOpen THUMB Flash Debug/sysinit_17xx_40xx.o
 .text.Chip_Clock_IsMainPLLConnected
                0x000000000000173c       0x1c 1768 LPCOpen THUMB Flash Debug/sysinit_17xx_40xx.o
 .text.Chip_Clock_EnableCrystal
                0x0000000000001758       0x18 1768 LPCOpen THUMB Flash Debug/sysinit_17xx_40xx.o
 .text.Chip_Clock_IsCrystalEnabled
                0x0000000000001770       0x1c 1768 LPCOpen THUMB Flash Debug/sysinit_17xx_40xx.o
 .text.Chip_Clock_SetMainPLLSource
                0x000000000000178c       0x1c 1768 LPCOpen THUMB Flash Debug/sysinit_17xx_40xx.o
 .text.Chip_SetupXtalClocking
                0x00000000000017a8       0x8e 1768 LPCOpen THUMB Flash Debug/sysinit_17xx_40xx.o
                0x00000000000017a8                Chip_SetupXtalClocking
 .text.RingBuffer_IsEmpty
                0x0000000000001836       0x20 1768 LPCOpen THUMB Flash Debug/uart_17xx_40xx.o
 .text.Chip_UART_SendByte
                0x0000000000001856       0x18 1768 LPCOpen THUMB Flash Debug/uart_17xx_40xx.o
 .text.Chip_UART_ReadByte
                0x000000000000186e       0x10 1768 LPCOpen THUMB Flash Debug/uart_17xx_40xx.o
 .text.Chip_UART_IntDisable
                0x000000000000187e       0x1a 1768 LPCOpen THUMB Flash Debug/uart_17xx_40xx.o
 .text.Chip_UART_ReadIntIDReg
                0x0000000000001898        0xe 1768 LPCOpen THUMB Flash Debug/uart_17xx_40xx.o
 .text.Chip_UART_SetupFIFOS
                0x00000000000018a6       0x12 1768 LPCOpen THUMB Flash Debug/uart_17xx_40xx.o
 .text.Chip_UART_ConfigData
                0x00000000000018b8       0x12 1768 LPCOpen THUMB Flash Debug/uart_17xx_40xx.o
 .text.Chip_UART_EnableDivisorAccess
                0x00000000000018ca       0x16 1768 LPCOpen THUMB Flash Debug/uart_17xx_40xx.o
 .text.Chip_UART_DisableDivisorAccess
                0x00000000000018e0       0x16 1768 LPCOpen THUMB Flash Debug/uart_17xx_40xx.o
 .text.Chip_UART_SetDivisorLatches
                0x00000000000018f6       0x26 1768 LPCOpen THUMB Flash Debug/uart_17xx_40xx.o
 .text.Chip_UART_ReadLineStatus
                0x000000000000191c        0xe 1768 LPCOpen THUMB Flash Debug/uart_17xx_40xx.o
 .text.Chip_UART_SetAutoBaudReg
                0x000000000000192a       0x18 1768 LPCOpen THUMB Flash Debug/uart_17xx_40xx.o
 *fill*         0x0000000000001942        0x2 
 .text.Chip_UART_GetClockIndex
                0x0000000000001944       0x64 1768 LPCOpen THUMB Flash Debug/uart_17xx_40xx.o
 .text.Chip_UART_ABIntHandler
                0x00000000000019a8       0x6c 1768 LPCOpen THUMB Flash Debug/uart_17xx_40xx.o
 .text.Chip_UART_GetClkIndex
                0x0000000000001a14       0x64 1768 LPCOpen THUMB Flash Debug/uart_17xx_40xx.o
 .text.Chip_UART_Init
                0x0000000000001a78       0x74 1768 LPCOpen THUMB Flash Debug/uart_17xx_40xx.o
                0x0000000000001a78                Chip_UART_Init
 .text.Chip_UART_TXEnable
                0x0000000000001aec       0x10 1768 LPCOpen THUMB Flash Debug/uart_17xx_40xx.o
                0x0000000000001aec                Chip_UART_TXEnable
 .text.Chip_UART_TXDisable
                0x0000000000001afc       0x10 1768 LPCOpen THUMB Flash Debug/uart_17xx_40xx.o
                0x0000000000001afc                Chip_UART_TXDisable
 .text.Chip_UART_SetBaud
                0x0000000000001b0c       0x60 1768 LPCOpen THUMB Flash Debug/uart_17xx_40xx.o
                0x0000000000001b0c                Chip_UART_SetBaud
 .text.Chip_UART_RXIntHandlerRB
                0x0000000000001b6c       0x3c 1768 LPCOpen THUMB Flash Debug/uart_17xx_40xx.o
                0x0000000000001b6c                Chip_UART_RXIntHandlerRB
 .text.Chip_UART_TXIntHandlerRB
                0x0000000000001ba8       0x40 1768 LPCOpen THUMB Flash Debug/uart_17xx_40xx.o
                0x0000000000001ba8                Chip_UART_TXIntHandlerRB
 .text.Chip_UART_IRQRBHandler
                0x0000000000001be8       0x48 1768 LPCOpen THUMB Flash Debug/uart_17xx_40xx.o
                0x0000000000001be8                Chip_UART_IRQRBHandler
 .text.libc.__int64_udivmod
                0x0000000000001c30       0xce /Applications/CrossWorks for ARM 4.8/lib/libc_v7m_t_le_eabi.a(libc_asm.o)
                0x0000000000001c30                __int64_udivmod
                0x0000000000001c30                __aeabi_uldivmod
                0x0000000000001c30                __int64_udiv
                0x0000000000001c30                __udivdi3
 *fill*         0x0000000000001cfe        0x2 
 .text.libc.__RAL_pow10
                0x0000000000001d00       0x50 /Applications/CrossWorks for ARM 4.8/lib/libc_v7m_t_le_eabi.a(libc2.o)
                0x0000000000001d00                __RAL_pow10
 .text.libc.__putc
                0x0000000000001d50       0x36 /Applications/CrossWorks for ARM 4.8/lib/libc_v7m_t_le_eabi.a(libc2.o)
                0x0000000000001d50                __putc
 .text.libc.__RAL_print_padding
                0x0000000000001d86       0x1c /Applications/CrossWorks for ARM 4.8/lib/libc_v7m_t_le_eabi.a(libc2.o)
                0x0000000000001d86                __RAL_print_padding
 .text.libc.__RAL_pre_padding
                0x0000000000001da2       0x1a /Applications/CrossWorks for ARM 4.8/lib/libc_v7m_t_le_eabi.a(libc2.o)
                0x0000000000001da2                __RAL_pre_padding
 .text.libc.abs
                0x0000000000001dbc        0x8 /Applications/CrossWorks for ARM 4.8/lib/libc_v7m_t_le_eabi.a(libc2.o)
                0x0000000000001dbc                abs
 .text.libc.__aeabi_errno_addr
                0x0000000000001dc4       0x14 /Applications/CrossWorks for ARM 4.8/lib/libc_v7m_t_le_eabi.a(libc2.o)
                0x0000000000001dc4                __aeabi_errno_addr
 .text.libc.printf
                0x0000000000001dd8       0x40 /Applications/CrossWorks for ARM 4.8/lib/libc_v7m_t_le_eabi.a(libc2.o)
                0x0000000000001dd8                printf
 .text.libc.puts
                0x0000000000001e18       0x38 /Applications/CrossWorks for ARM 4.8/lib/libc_v7m_t_le_eabi.a(libc2.o)
                0x0000000000001e18                puts
 .text.libc.strnlen
                0x0000000000001e50       0x22 /Applications/CrossWorks for ARM 4.8/lib/libc_v7m_t_le_eabi.a(libc2.o)
                0x0000000000001e50                strnlen
 .text.libc.memcpy
                0x0000000000001e72       0x52 /Applications/CrossWorks for ARM 4.8/lib/libc_v7m_t_le_eabi.a(libc2_asm.o)
                0x0000000000001e72                memcpy
                0x0000000000001e72                __aeabi_memcpy
                0x0000000000001e7e                __aeabi_memcpy4
                0x0000000000001e7e                __aeabi_memcpy8
 .text.libc.strlen
                0x0000000000001ec4       0x60 /Applications/CrossWorks for ARM 4.8/lib/libc_v7m_t_le_eabi.a(libc2_asm.o)
                0x0000000000001ec4                strlen
 *fill*         0x0000000000001f24        0x4 
 .text.libc.__vfprintf_float_long_long
                0x0000000000001f28     0x10a8 /Applications/CrossWorks for ARM 4.8/lib/libc_v7m_t_le_eabi.a(libvfprintf.o)
                0x0000000000001f28                __vfprintf_float_long_long
 .text.libc.__printf_lock
                0x0000000000002fd0        0x2 /Applications/CrossWorks for ARM 4.8/lib/libc_v7m_t_le_eabi.a(libc.o)
                0x0000000000002fd0                __printf_lock
 .text.libc.__printf_unlock
                0x0000000000002fd2        0x2 /Applications/CrossWorks for ARM 4.8/lib/libc_v7m_t_le_eabi.a(libc.o)
                0x0000000000002fd2                __printf_unlock
 .text.libdebugio.debug_putchar
                0x0000000000002fd4       0x18 /Applications/CrossWorks for ARM 4.8/lib/libdebugio_v7m_t_le_eabi.a(libdebugio.o)
                0x0000000000002fd4                debug_putchar
 .text.libdebugio.__debug_io_lock
                0x0000000000002fec        0x2 /Applications/CrossWorks for ARM 4.8/lib/libdebugio_v7m_t_le_eabi.a(libdebugio.o)
                0x0000000000002fec                __debug_io_lock
 .text.libdebugio.__debug_io_unlock
                0x0000000000002fee        0x2 /Applications/CrossWorks for ARM 4.8/lib/libdebugio_v7m_t_le_eabi.a(libdebugio.o)
                0x0000000000002fee                __debug_io_unlock
 .text.libdebugio.__do_debug_operation_mempoll
                0x0000000000002ff0       0x30 /Applications/CrossWorks for ARM 4.8/lib/libdebugio_v7m_t_le_eabi.a(mempoll_debug_operations.o)
                0x0000000000002ff0                __do_debug_operation_mempoll
 .text.libc.__int64_to_float64
                0x0000000000003020       0xa0 /Applications/CrossWorks for ARM 4.8/lib/libm_v7m_t_le_eabi.a(libm_asm.o)
                0x0000000000003020                __floatdidf
                0x0000000000003020                __int64_to_float64
                0x0000000000003020                __aeabi_l2d
                0x0000000000003044                __RAL_aeabi_l2d_common
 .text.libc.__uint64_to_float64
                0x00000000000030c0       0x14 /Applications/CrossWorks for ARM 4.8/lib/libm_v7m_t_le_eabi.a(libm_asm.o)
                0x00000000000030c0                __uint64_to_float64
                0x00000000000030c0                __aeabi_ul2d
                0x00000000000030c0                __floatundidf
 .text.libc.__float64_to_uint64
                0x00000000000030d4       0x48 /Applications/CrossWorks for ARM 4.8/lib/libm_v7m_t_le_eabi.a(libm_asm.o)
                0x00000000000030d4                __aeabi_d2ulz
                0x00000000000030d4                __fixunsdfdi
                0x00000000000030d4                __float64_to_uint64
 .text.libc.__float64_add
                0x000000000000311c      0x294 /Applications/CrossWorks for ARM 4.8/lib/libm_v7m_t_le_eabi.a(libm_asm.o)
                0x000000000000311c                __aeabi_drsub
                0x0000000000003124                __float64_sub
                0x0000000000003124                __aeabi_dsub
                0x0000000000003124                __subdf3
                0x0000000000003128                __adddf3
                0x0000000000003128                __float64_add
                0x0000000000003128                __aeabi_dadd
 .text.libc.__float64_mul
                0x00000000000033b0      0x16c /Applications/CrossWorks for ARM 4.8/lib/libm_v7m_t_le_eabi.a(libm_asm.o)
                0x00000000000033b0                __aeabi_dmul
                0x00000000000033b0                __float64_mul
                0x00000000000033b0                __muldf3
 .text.libc.__float64_div
                0x000000000000351c      0x214 /Applications/CrossWorks for ARM 4.8/lib/libm_v7m_t_le_eabi.a(libm_asm.o)
                0x000000000000351c                __aeabi_ddiv
                0x000000000000351c                __divdf3
                0x000000000000351c                __float64_div
 .text.libc.__float64_cmpeq
                0x0000000000003730       0x32 /Applications/CrossWorks for ARM 4.8/lib/libm_v7m_t_le_eabi.a(libm_asm.o)
                0x0000000000003730                __aeabi_dcmpeq
 .text.libc.__float64_cmple
                0x0000000000003762       0x3c /Applications/CrossWorks for ARM 4.8/lib/libm_v7m_t_le_eabi.a(libm_asm.o)
                0x0000000000003762                __aeabi_dcmple
 .text.libc.__float64_cmpge
                0x000000000000379e       0x3c /Applications/CrossWorks for ARM 4.8/lib/libm_v7m_t_le_eabi.a(libm_asm.o)
                0x000000000000379e                __aeabi_dcmpge
 .text.libc.__float64_cmplt
                0x00000000000037da       0x38 /Applications/CrossWorks for ARM 4.8/lib/libm_v7m_t_le_eabi.a(libm_asm.o)
                0x00000000000037da                __aeabi_dcmplt
 .text.libc.__float64_cmpgt
                0x0000000000003812       0x38 /Applications/CrossWorks for ARM 4.8/lib/libm_v7m_t_le_eabi.a(libm_asm.o)
                0x0000000000003812                __aeabi_dcmpgt
 .text.libc.__float64_signbit
                0x000000000000384a        0x6 /Applications/CrossWorks for ARM 4.8/lib/libm_v7m_t_le_eabi.a(libm_asm.o)
                0x000000000000384a                __float64_signbit
 .text.libc.__float64_isinf
                0x0000000000003850       0x10 /Applications/CrossWorks for ARM 4.8/lib/libm_v7m_t_le_eabi.a(libm_asm.o)
                0x0000000000003850                __float64_isinf
 .text.libc.__float64_isnan
                0x0000000000003860       0x10 /Applications/CrossWorks for ARM 4.8/lib/libm_v7m_t_le_eabi.a(libm_asm.o)
                0x0000000000003860                __float64_isnan
 .text.libc.frexp
                0x0000000000003870       0x48 /Applications/CrossWorks for ARM 4.8/lib/libm_v7m_t_le_eabi.a(libm2.o)
                0x0000000000003870                frexp(double, int*)
                0x0000000000003870                frexpl(long double, int*)
                0x0000000000003870                frexpl
                0x0000000000003870                frexp
 .text.libc.ldexp
                0x00000000000038b8       0x68 /Applications/CrossWorks for ARM 4.8/lib/libm_v7m_t_le_eabi.a(libm2.o)
                0x00000000000038b8                ldexp(double, int)
                0x00000000000038b8                ldexpl(long double, int)
                0x00000000000038b8                ldexp
                0x00000000000038b8                ldexpl
 .text.libc.modf
                0x0000000000003920       0xa0 /Applications/CrossWorks for ARM 4.8/lib/libm_v7m_t_le_eabi.a(libm2.o)
                0x0000000000003920                modfl
                0x0000000000003920                modf
                0x0000000000003920                modf(double, double*)
                0x0000000000003920                modfl(long double, long double*)
 .text.libc.floor
                0x00000000000039c0       0x9c /Applications/CrossWorks for ARM 4.8/lib/libm_v7m_t_le_eabi.a(libm2.o)
                0x00000000000039c0                floor
                0x00000000000039c0                floorl
                0x00000000000039c0                floorl(long double)
                0x00000000000039c0                floor(double)
 .text.libc.fmod
                0x0000000000003a5c      0x16c /Applications/CrossWorks for ARM 4.8/lib/libm_v7m_t_le_eabi.a(libm2.o)
                0x0000000000003a5c                fmod(double, double)
                0x0000000000003a5c                fmod
                0x0000000000003a5c                fmodl
                0x0000000000003a5c                fmodl(long double, long double)
 .text.libc.fabs
                0x0000000000003bc8        0x6 /Applications/CrossWorks for ARM 4.8/lib/libm_v7m_t_le_eabi.a(libm2_asm.o)
                0x0000000000003bc8                fabs
                0x0000000000003bc8                fabsl
                0x0000000000003bc8                fabs(double)
                0x0000000000003bc8                fabsl(long double)
                0x0000000000003bce                __text_end__ = (__text_start__ + SIZEOF (.text))
                0x0000000000003932                __text_size__ = SIZEOF (.text)
                0x0000000000003bce                __text_load_end__ = __text_end__

.vfp11_veneer   0x0000000100000000        0x0
 .vfp11_veneer  0x0000000100000000        0x0 linker stubs

.v4_bx          0x0000000100000000        0x0
 .v4_bx         0x0000000100000000        0x0 linker stubs

.iplt           0x0000000100000000        0x0
 .iplt          0x0000000100000000        0x0 1768 LPCOpen THUMB Flash Debug/Clocks-1768.o
                0x0000000000000001                . = ASSERT (((__text_start__ == __text_end__) || ((__text_end__ - __FLASH_segment_start__) <= __FLASH_segment_size__)), error: .text is too large to fit in FLASH memory segment)
                0x0000000000003bd0                __dtors_load_start__ = ALIGN (__text_end__, 0x4)

.dtors          0x0000000000003bd0        0x0
                0x0000000000003bd0                __dtors_start__ = .
 *(SORT_BY_NAME(.dtors.*))
 *(.dtors)
 *(.fini_array)
 *(SORT_BY_NAME(.fini_array.*))
                0x0000000000003bd0                __dtors_end__ = (__dtors_start__ + SIZEOF (.dtors))
                0x0000000000000000                __dtors_size__ = SIZEOF (.dtors)
                0x0000000000003bd0                __dtors_load_end__ = __dtors_end__
                0x0000000000000001                . = ASSERT (((__dtors_start__ == __dtors_end__) || ((__dtors_end__ - __FLASH_segment_start__) <= __FLASH_segment_size__)), error: .dtors is too large to fit in FLASH memory segment)
                0x0000000000003bd0                __ctors_load_start__ = ALIGN (__dtors_end__, 0x4)

.ctors          0x0000000000003bd0        0x0
                0x0000000000003bd0                __ctors_start__ = .
 *(SORT_BY_NAME(.ctors.*))
 *(.ctors)
 *(.init_array)
 *(SORT_BY_NAME(.init_array.*))
                0x0000000000003bd0                __ctors_end__ = (__ctors_start__ + SIZEOF (.ctors))
                0x0000000000000000                __ctors_size__ = SIZEOF (.ctors)
                0x0000000000003bd0                __ctors_load_end__ = __ctors_end__
                0x0000000000000001                . = ASSERT (((__ctors_start__ == __ctors_end__) || ((__ctors_end__ - __FLASH_segment_start__) <= __FLASH_segment_size__)), error: .ctors is too large to fit in FLASH memory segment)
                0x0000000000003bd0                __rodata_load_start__ = ALIGN (__ctors_end__, 0x4)

.rodata         0x0000000000003bd0      0x360
                0x0000000000003bd0                __rodata_start__ = .
 *(.rodata .rodata.* .gnu.linkonce.r.*)
 .rodata        0x0000000000003bd0      0x201 1768 LPCOpen THUMB Flash Debug/can.o
 *fill*         0x0000000000003dd1        0x3 
 .rodata.OscRateIn
                0x0000000000003dd4        0x4 1768 LPCOpen THUMB Flash Debug/board.o
                0x0000000000003dd4                OscRateIn
 .rodata.RTCOscRateIn
                0x0000000000003dd8        0x4 1768 LPCOpen THUMB Flash Debug/board.o
                0x0000000000003dd8                RTCOscRateIn
 .rodata.pinmuxing
                0x0000000000003ddc       0x14 1768 LPCOpen THUMB Flash Debug/board_sysinit.o
 .rodata.libc.__RAL_hex_lc
                0x0000000000003df0       0x10 /Applications/CrossWorks for ARM 4.8/lib/libc_v7m_t_le_eabi.a(libc2.o)
                0x0000000000003df0                __RAL_hex_lc
 .rodata.libc.__RAL_hex_uc
                0x0000000000003e00       0x10 /Applications/CrossWorks for ARM 4.8/lib/libc_v7m_t_le_eabi.a(libc2.o)
                0x0000000000003e00                __RAL_hex_uc
 .rodata.libc.__aeabi_EDOM
                0x0000000000003e10        0x4 /Applications/CrossWorks for ARM 4.8/lib/libc_v7m_t_le_eabi.a(libc2.o)
                0x0000000000003e10                __aeabi_EDOM
 .rodata.libc.__aeabi_ERANGE
                0x0000000000003e14        0x4 /Applications/CrossWorks for ARM 4.8/lib/libc_v7m_t_le_eabi.a(libc2.o)
                0x0000000000003e14                __aeabi_ERANGE
 .rodata.libc.power
                0x0000000000003e18       0x48 /Applications/CrossWorks for ARM 4.8/lib/libc_v7m_t_le_eabi.a(libc2.o)
 .rodata.libc.__vfprintf_int.str1.4
                0x0000000000003e60        0x7 /Applications/CrossWorks for ARM 4.8/lib/libc_v7m_t_le_eabi.a(libvfprintf.o)
 *fill*         0x0000000000003e67        0x1 
 .rodata.libc.__vfprintf_float_long.str1.4
                0x0000000000003e68       0x28 /Applications/CrossWorks for ARM 4.8/lib/libc_v7m_t_le_eabi.a(libvfprintf.o)
 .rodata.libc.ipow10
                0x0000000000003e90       0xa0 /Applications/CrossWorks for ARM 4.8/lib/libc_v7m_t_le_eabi.a(libvfprintf.o)
                0x0000000000003f30                __rodata_end__ = (__rodata_start__ + SIZEOF (.rodata))
                0x0000000000000360                __rodata_size__ = SIZEOF (.rodata)
                0x0000000000003f30                __rodata_load_end__ = __rodata_end__

.rel.dyn        0x0000000000000000        0x0
 .rel.iplt      0x0000000000000000        0x0 1768 LPCOpen THUMB Flash Debug/Clocks-1768.o
                0x0000000000000001                . = ASSERT (((__rodata_start__ == __rodata_end__) || ((__rodata_end__ - __FLASH_segment_start__) <= __FLASH_segment_size__)), error: .rodata is too large to fit in FLASH memory segment)
                0x0000000000003f30                __constdata_load_start__ = ALIGN (__rodata_end__, 0x4)

.constdata      0x0000000000003f30        0x0
                0x0000000000003f30                __constdata_start__ = .
 *(.constdata .constdata.*)
                0x0000000000003f30                __constdata_end__ = (__constdata_start__ + SIZEOF (.constdata))
                0x0000000000000000                __constdata_size__ = SIZEOF (.constdata)
                0x0000000000003f30                __constdata_load_end__ = __constdata_end__
                0x0000000000000001                . = ASSERT (((__constdata_start__ == __constdata_end__) || ((__constdata_end__ - __FLASH_segment_start__) <= __FLASH_segment_size__)), error: .constdata is too large to fit in FLASH memory segment)
                0x0000000000003f30                __ARM.exidx_load_start__ = ALIGN (__constdata_end__, 0x4)

.ARM.exidx      0x0000000000003f30        0x0
                0x0000000000003f30                __ARM.exidx_start__ = .
                0x0000000000003f30                __exidx_start = __ARM.exidx_start__
 *(.ARM.exidx .ARM.exidx.*)
                0x0000000000003f30                __ARM.exidx_end__ = (__ARM.exidx_start__ + SIZEOF (.ARM.exidx))
                0x0000000000000000                __ARM.exidx_size__ = SIZEOF (.ARM.exidx)
                0x0000000000003f30                __exidx_end = __ARM.exidx_end__
                0x0000000000003f30                __ARM.exidx_load_end__ = __ARM.exidx_end__
                0x0000000000000001                . = ASSERT (((__ARM.exidx_start__ == __ARM.exidx_end__) || ((__ARM.exidx_end__ - __FLASH_segment_start__) <= __FLASH_segment_size__)), error: .ARM.exidx is too large to fit in FLASH memory segment)
                0x0000000000003f30                __fast_load_start__ = ALIGN (__ARM.exidx_end__, 0x4)

.fast           0x0000000010000000        0x0 load address 0x0000000000003f30
                0x0000000010000000                __fast_start__ = .
 *(.fast .fast.*)
                0x0000000010000000                __fast_end__ = (__fast_start__ + SIZEOF (.fast))
                0x0000000000000000                __fast_size__ = SIZEOF (.fast)
                0x0000000000003f30                __fast_load_end__ = (__fast_load_start__ + SIZEOF (.fast))
                0x0000000000000001                . = ASSERT (((__fast_load_start__ == __fast_load_end__) || ((__fast_load_end__ - __FLASH_segment_start__) <= __FLASH_segment_size__)), error: .fast is too large to fit in FLASH memory segment)

.fast_run       0x0000000010000000        0x0
                0x0000000010000000                __fast_run_start__ = .
                0x0000000010000000                __fast_run_end__ = (__fast_run_start__ + SIZEOF (.fast))
                0x0000000000000000                __fast_run_size__ = (__fast_run_end__ - __fast_run_start__)
                0x0000000010000000                __fast_run_load_end__ = __fast_run_end__
                0x0000000000000001                . = ASSERT (((__fast_run_start__ == __fast_run_end__) || ((__fast_run_end__ - __RAM_segment_start__) <= __RAM_segment_size__)), error: .fast_run is too large to fit in RAM memory segment)
                0x0000000000003f30                __data_load_start__ = ALIGN ((__fast_load_start__ + SIZEOF (.fast)), 0x4)

.data           0x0000000010000000       0x7e load address 0x0000000000003f30
                0x0000000010000000                __data_start__ = .
 *(.data .data.* .gnu.linkonce.d.*)
 .data.WelcomeMenu
                0x0000000010000000       0x7e 1768 LPCOpen THUMB Flash Debug/can.o
                0x000000001000007e                __data_end__ = (__data_start__ + SIZEOF (.data))
                0x000000000000007e                __data_size__ = SIZEOF (.data)
                0x0000000000003fae                __data_load_end__ = (__data_load_start__ + SIZEOF (.data))

.igot.plt       0x0000000100000000        0x0
 .igot.plt      0x0000000100000000        0x0 1768 LPCOpen THUMB Flash Debug/Clocks-1768.o
                0x0000000000000001                . = ASSERT (((__data_load_start__ == __data_load_end__) || ((__data_load_end__ - __FLASH_segment_start__) <= __FLASH_segment_size__)), error: .data is too large to fit in FLASH memory segment)

.data_run       0x0000000010000000        0x0
                0x0000000010000000                __data_run_start__ = .
                0x000000001000007e                __data_run_end__ = (__data_run_start__ + SIZEOF (.data))
                0x000000000000007e                __data_run_size__ = (__data_run_end__ - __data_run_start__)
                0x000000001000007e                __data_run_load_end__ = __data_run_end__
                0x0000000000000001                . = ASSERT (((__data_run_start__ == __data_run_end__) || ((__data_run_end__ - __RAM_segment_start__) <= __RAM_segment_size__)), error: .data_run is too large to fit in RAM memory segment)
                0x0000000010000080                __non_init_load_start__ = ALIGN (__data_run_end__, 0x4)

.non_init       0x0000000010000080        0x0
                0x0000000010000080                __non_init_start__ = .
 *(.non_init .non_init.*)
                0x0000000010000080                __non_init_end__ = (__non_init_start__ + SIZEOF (.non_init))
                0x0000000000000000                __non_init_size__ = SIZEOF (.non_init)
                0x0000000010000080                __non_init_load_end__ = __non_init_end__
                0x0000000000000001                . = ASSERT (((__non_init_start__ == __non_init_end__) || ((__non_init_end__ - __RAM_segment_start__) <= __RAM_segment_size__)), error: .non_init is too large to fit in RAM memory segment)
                0x0000000010000080                __tbss_load_start__ = ALIGN (__non_init_end__, 0x4)

.tbss           0x0000000010000080        0x4
                0x0000000010000080                __tbss_start__ = .
 *(.tbss .tbss.*)
 .tbss.errno_val
                0x0000000010000080        0x4 /Applications/CrossWorks for ARM 4.8/lib/libc_v7m_t_le_eabi.a(libc2.o)
                0x0000000010000084                __tbss_end__ = (__tbss_start__ + SIZEOF (.tbss))
                0x0000000000000004                __tbss_size__ = SIZEOF (.tbss)
                0x0000000010000084                __tbss_load_end__ = __tbss_end__
                0x0000000000000001                . = ASSERT (((__tbss_start__ == __tbss_end__) || ((__tbss_end__ - __RAM_segment_start__) <= __RAM_segment_size__)), error: .tbss is too large to fit in RAM memory segment)
                0x0000000000003fb0                __tdata_load_start__ = ALIGN ((__data_load_start__ + SIZEOF (.data)), 0x4)

.tdata          0x0000000010000084        0x0 load address 0x0000000000003fb0
                0x0000000010000084                __tdata_start__ = .
 *(.tdata .tdata.*)
                0x0000000010000084                __tdata_end__ = (__tdata_start__ + SIZEOF (.tdata))
                0x0000000000000000                __tdata_size__ = SIZEOF (.tdata)
                0x0000000000003fb0                __tdata_load_end__ = (__tdata_load_start__ + SIZEOF (.tdata))
                0x0000000000000001                . = ASSERT (((__tdata_load_start__ == __tdata_load_end__) || ((__tdata_load_end__ - __FLASH_segment_start__) <= __FLASH_segment_size__)), error: .tdata is too large to fit in FLASH memory segment)

.tdata_run      0x0000000010000084        0x0
                0x0000000010000084                __tdata_run_start__ = .
                0x0000000010000084                __tdata_run_end__ = (__tdata_run_start__ + SIZEOF (.tdata))
                0x0000000000000000                __tdata_run_size__ = (__tdata_run_end__ - __tdata_run_start__)
                0x0000000010000084                __tdata_run_load_end__ = __tdata_run_end__
                0x0000000000000001                . = ASSERT (((__tdata_run_start__ == __tdata_run_end__) || ((__tdata_run_end__ - __RAM_segment_start__) <= __RAM_segment_size__)), error: .tdata_run is too large to fit in RAM memory segment)
                0x0000000010000084                __bss_load_start__ = ALIGN (__tdata_run_end__, 0x4)

.bss            0x0000000010000084       0x40
                0x0000000010000084                __bss_start__ = .
 *(.bss .bss.* .gnu.linkonce.b.*)
 .bss.i.0       0x0000000010000084        0x4 1768 LPCOpen THUMB Flash Debug/Clocks-1768.o
 .bss.txring    0x0000000010000088       0x14 1768 LPCOpen THUMB Flash Debug/uart_rb.o
 .bss.rxring    0x000000001000009c       0x14 1768 LPCOpen THUMB Flash Debug/uart_rb.o
 .bss.SystemCoreClock
                0x00000000100000b0        0x4 1768 LPCOpen THUMB Flash Debug/chip_17xx_40xx.o
                0x00000000100000b0                SystemCoreClock
 .bss.ABsyncSts
                0x00000000100000b4        0x1 1768 LPCOpen THUMB Flash Debug/uart_17xx_40xx.o
 *fill*         0x00000000100000b5        0x3 
 .bss.libc.__user_format_extender
                0x00000000100000b8        0x4 /Applications/CrossWorks for ARM 4.8/lib/libc_v7m_t_le_eabi.a(libc2.o)
                0x00000000100000b8                __user_format_extender
 .bss.libdebugio.dbgCntrlWord_mempoll
                0x00000000100000bc        0x4 /Applications/CrossWorks for ARM 4.8/lib/libdebugio_v7m_t_le_eabi.a(mempoll_debug_operations.o)
                0x00000000100000bc                dbgCntrlWord_mempoll
 .bss.libdebugio.dbgCommWord
                0x00000000100000c0        0x4 /Applications/CrossWorks for ARM 4.8/lib/libdebugio_v7m_t_le_eabi.a(mempoll_debug_operations.o)
                0x00000000100000c0                dbgCommWord
 *(COMMON)
                0x00000000100000c4                __bss_end__ = (__bss_start__ + SIZEOF (.bss))
                0x0000000000000040                __bss_size__ = SIZEOF (.bss)
                0x00000000100000c4                __bss_load_end__ = __bss_end__
                0x0000000000000001                . = ASSERT (((__bss_start__ == __bss_end__) || ((__bss_end__ - __RAM_segment_start__) <= __RAM_segment_size__)), error: .bss is too large to fit in RAM memory segment)
                0x000000002007c000                __heap_load_start__ = ALIGN (__AHBSRAM_segment_start__, 0x4)

.heap           0x000000002007c000       0x80
                0x000000002007c000                __heap_start__ = .
 *(.heap .heap.*)
                0x000000002007c080                . = ALIGN (MAX ((__heap_start__ + __HEAPSIZE__), .), 0x4)
 *fill*         0x000000002007c000       0x80 
                0x000000002007c080                __heap_end__ = (__heap_start__ + SIZEOF (.heap))
                0x0000000000000080                __heap_size__ = SIZEOF (.heap)
                0x000000002007c080                __heap_load_end__ = __heap_end__
                0x0000000000000001                . = ASSERT (((__heap_start__ == __heap_end__) || ((__heap_end__ - __AHBSRAM_segment_start__) <= __AHBSRAM_segment_size__)), error: .heap is too large to fit in AHBSRAM memory segment)
                0x000000002007c080                __stack_load_start__ = ALIGN (__heap_end__, 0x4)

.stack          0x000000002007c080      0x100
                0x000000002007c080                __stack_start__ = .
 *(.stack .stack.*)
                0x000000002007c180                . = ALIGN (MAX ((__stack_start__ + __STACKSIZE__), .), 0x4)
 *fill*         0x000000002007c080      0x100 
                0x000000002007c180                __stack_end__ = (__stack_start__ + SIZEOF (.stack))
                0x0000000000000100                __stack_size__ = SIZEOF (.stack)
                0x000000002007c180                __stack_load_end__ = __stack_end__
                0x0000000000000001                . = ASSERT (((__stack_start__ == __stack_end__) || ((__stack_end__ - __AHBSRAM_segment_start__) <= __AHBSRAM_segment_size__)), error: .stack is too large to fit in AHBSRAM memory segment)
                0x000000002007c180                __stack_process_load_start__ = ALIGN (__stack_end__, 0x4)

.stack_process  0x000000002007c180        0x0
                0x000000002007c180                __stack_process_start__ = .
 *(.stack_process .stack_process.*)
                0x000000002007c180                . = ALIGN (MAX ((__stack_process_start__ + __STACKSIZE_PROCESS__), .), 0x4)
                0x000000002007c180                __stack_process_end__ = (__stack_process_start__ + SIZEOF (.stack_process))
                0x0000000000000000                __stack_process_size__ = SIZEOF (.stack_process)
                0x000000002007c180                __stack_process_load_end__ = __stack_process_end__
                0x000000002007c180                __AHBSRAM_segment_used_end__ = (ALIGN (__stack_end__, 0x4) + SIZEOF (.stack_process))
                0x0000000000000180                __AHBSRAM_segment_used_size__ = (__AHBSRAM_segment_used_end__ - __AHBSRAM_segment_start__)
                0x0000000000000001                . = ASSERT (((__stack_process_start__ == __stack_process_end__) || ((__stack_process_end__ - __AHBSRAM_segment_start__) <= __AHBSRAM_segment_size__)), error: .stack_process is too large to fit in AHBSRAM memory segment)
                0x0000000000003fb0                __text2_load_start__ = ALIGN ((__tdata_load_start__ + SIZEOF (.tdata)), 0x4)

.text2          0x0000000000003fb0        0x0
                0x0000000000003fb0                __text2_start__ = .
 *(.text2 .text2.*)
                0x0000000000003fb0                __text2_end__ = (__text2_start__ + SIZEOF (.text2))
                0x0000000000000000                __text2_size__ = SIZEOF (.text2)
                0x0000000000003fb0                __text2_load_end__ = __text2_end__
                0x0000000000000001                . = ASSERT (((__text2_start__ == __text2_end__) || ((__text2_end__ - __FLASH_segment_start__) <= __FLASH_segment_size__)), error: .text2 is too large to fit in FLASH memory segment)
                0x0000000000003fb0                __rodata2_load_start__ = ALIGN (__text2_end__, 0x4)

.rodata2        0x0000000000003fb0        0x0
                0x0000000000003fb0                __rodata2_start__ = .
 *(.rodata2 .rodata2.*)
                0x0000000000003fb0                __rodata2_end__ = (__rodata2_start__ + SIZEOF (.rodata2))
                0x0000000000000000                __rodata2_size__ = SIZEOF (.rodata2)
                0x0000000000003fb0                __rodata2_load_end__ = __rodata2_end__
                0x0000000000000001                . = ASSERT (((__rodata2_start__ == __rodata2_end__) || ((__rodata2_end__ - __FLASH_segment_start__) <= __FLASH_segment_size__)), error: .rodata2 is too large to fit in FLASH memory segment)
                0x0000000000003fb0                __data2_load_start__ = ALIGN (__rodata2_end__, 0x4)

.data2          0x00000000100000c4        0x0 load address 0x0000000000003fb0
                0x00000000100000c4                __data2_start__ = .
 *(.data2 .data2.*)
                0x00000000100000c4                __data2_end__ = (__data2_start__ + SIZEOF (.data2))
                0x0000000000000000                __data2_size__ = SIZEOF (.data2)
                0x0000000000003fb0                __data2_load_end__ = (__data2_load_start__ + SIZEOF (.data2))
                0x0000000000003fb0                __FLASH_segment_used_end__ = (ALIGN (__rodata2_end__, 0x4) + SIZEOF (.data2))
                0x0000000000003fb0                __FLASH_segment_used_size__ = (__FLASH_segment_used_end__ - __FLASH_segment_start__)
                0x0000000000000001                . = ASSERT (((__data2_load_start__ == __data2_load_end__) || ((__data2_load_end__ - __FLASH_segment_start__) <= __FLASH_segment_size__)), error: .data2 is too large to fit in FLASH memory segment)

.data2_run      0x00000000100000c4        0x0
                0x00000000100000c4                __data2_run_start__ = .
                0x00000000100000c4                __data2_run_end__ = (__data2_run_start__ + SIZEOF (.data2))
                0x0000000000000000                __data2_run_size__ = (__data2_run_end__ - __data2_run_start__)
                0x00000000100000c4                __data2_run_load_end__ = __data2_run_end__
                0x0000000000000001                . = ASSERT (((__data2_run_start__ == __data2_run_end__) || ((__data2_run_end__ - __RAM_segment_start__) <= __RAM_segment_size__)), error: .data2_run is too large to fit in RAM memory segment)
                0x00000000100000c4                __bss2_load_start__ = ALIGN (__data2_run_end__, 0x4)

.bss2           0x00000000100000c4        0x0
                0x00000000100000c4                __bss2_start__ = .
 *(.bss2 .bss2.*)
                0x00000000100000c4                __bss2_end__ = (__bss2_start__ + SIZEOF (.bss2))
                0x0000000000000000                __bss2_size__ = SIZEOF (.bss2)
                0x00000000100000c4                __bss2_load_end__ = __bss2_end__
                0x00000000100000c4                __RAM_segment_used_end__ = (ALIGN (__data2_run_end__, 0x4) + SIZEOF (.bss2))
                0x00000000000000c4                __RAM_segment_used_size__ = (__RAM_segment_used_end__ - __RAM_segment_start__)
                0x0000000000000001                . = ASSERT (((__bss2_start__ == __bss2_end__) || ((__bss2_end__ - __RAM_segment_start__) <= __RAM_segment_size__)), error: .bss2 is too large to fit in RAM memory segment)
START GROUP
LOAD 1768 LPCOpen THUMB Flash Debug/Clocks-1768.o
LOAD 1768 LPCOpen THUMB Flash Debug/can.o
LOAD 1768 LPCOpen THUMB Flash Debug/sysinit.o
LOAD 1768 LPCOpen THUMB Flash Debug/uart_rb.o
LOAD 1768 LPCOpen THUMB Flash Debug/thumb_crt0.o
LOAD 1768 LPCOpen THUMB Flash Debug/LPC1700_Startup.o
LOAD 1768 LPCOpen THUMB Flash Debug/adc_17xx_40xx.o
LOAD 1768 LPCOpen THUMB Flash Debug/board.o
LOAD 1768 LPCOpen THUMB Flash Debug/board_sysinit.o
LOAD 1768 LPCOpen THUMB Flash Debug/can_17xx_40xx.o
LOAD 1768 LPCOpen THUMB Flash Debug/chip_17xx_40xx.o
LOAD 1768 LPCOpen THUMB Flash Debug/clock_17xx_40xx.o
LOAD 1768 LPCOpen THUMB Flash Debug/cmp_17xx_40xx.o
LOAD 1768 LPCOpen THUMB Flash Debug/crc_17xx_40xx.o
LOAD 1768 LPCOpen THUMB Flash Debug/dac_17xx_40xx.o
LOAD 1768 LPCOpen THUMB Flash Debug/eeprom_17xx_40xx.o
LOAD 1768 LPCOpen THUMB Flash Debug/emc_17xx_40xx.o
LOAD 1768 LPCOpen THUMB Flash Debug/enet_17xx_40xx.o
LOAD 1768 LPCOpen THUMB Flash Debug/gpdma_17xx_40xx.o
LOAD 1768 LPCOpen THUMB Flash Debug/gpio_17xx_40xx.o
LOAD 1768 LPCOpen THUMB Flash Debug/gpioint_17xx_40xx.o
LOAD 1768 LPCOpen THUMB Flash Debug/i2c_17xx_40xx.o
LOAD 1768 LPCOpen THUMB Flash Debug/i2s_17xx_40xx.o
LOAD 1768 LPCOpen THUMB Flash Debug/iap.o
LOAD 1768 LPCOpen THUMB Flash Debug/iocon_17xx_40xx.o
LOAD 1768 LPCOpen THUMB Flash Debug/lcd_17xx_40xx.o
LOAD 1768 LPCOpen THUMB Flash Debug/lpc_phy_smsc87x0.o
LOAD 1768 LPCOpen THUMB Flash Debug/pmu_17xx_40xx.o
LOAD 1768 LPCOpen THUMB Flash Debug/ring_buffer.o
LOAD 1768 LPCOpen THUMB Flash Debug/ritimer_17xx_40xx.o
LOAD 1768 LPCOpen THUMB Flash Debug/rtc_17xx_40xx.o
LOAD 1768 LPCOpen THUMB Flash Debug/sdc_17xx_40xx.o
LOAD 1768 LPCOpen THUMB Flash Debug/sdmmc_17xx_40xx.o
LOAD 1768 LPCOpen THUMB Flash Debug/spi_17xx_40xx.o
LOAD 1768 LPCOpen THUMB Flash Debug/ssp_17xx_40xx.o
LOAD 1768 LPCOpen THUMB Flash Debug/stopwatch_17xx_40xx.o
LOAD 1768 LPCOpen THUMB Flash Debug/sysctl_17xx_40xx.o
LOAD 1768 LPCOpen THUMB Flash Debug/sysinit_17xx_40xx.o
LOAD 1768 LPCOpen THUMB Flash Debug/timer_17xx_40xx.o
LOAD 1768 LPCOpen THUMB Flash Debug/uart_17xx_40xx.o
LOAD 1768 LPCOpen THUMB Flash Debug/wwdt_17xx_40xx.o
LOAD /Users/jayalcock/Library/Rowley Associates Limited/CrossWorks for ARM/v4/packages/targets/LPC1000/lib/liblpc1000_v7m_t_le_eabi.a
LOAD /Applications/CrossWorks for ARM 4.8/lib/libm_v7m_t_le_eabi.a
LOAD /Applications/CrossWorks for ARM 4.8/lib/libc_v7m_t_le_eabi.a
LOAD /Applications/CrossWorks for ARM 4.8/lib/libdebugio_v7m_t_le_eabi.a
LOAD /Applications/CrossWorks for ARM 4.8/lib/libcm_v7m_t_le_eabi.a
END GROUP
OUTPUT(1768 LPCOpen THUMB Flash Debug/1768 LPCOpen.elf elf32-littlearm)
LOAD linker stubs

.debug_frame    0x0000000000000000     0x1ce8
 .debug_frame   0x0000000000000000       0x2c 1768 LPCOpen THUMB Flash Debug/Clocks-1768.o
 .debug_frame   0x000000000000002c      0x1a4 1768 LPCOpen THUMB Flash Debug/can.o
 .debug_frame   0x00000000000001d0       0x38 1768 LPCOpen THUMB Flash Debug/sysinit.o
 .debug_frame   0x0000000000000208       0xc8 1768 LPCOpen THUMB Flash Debug/uart_rb.o
 .debug_frame   0x00000000000002d0      0x528 1768 LPCOpen THUMB Flash Debug/board.o
 .debug_frame   0x00000000000007f8       0x84 1768 LPCOpen THUMB Flash Debug/board_sysinit.o
 .debug_frame   0x000000000000087c      0x8b4 1768 LPCOpen THUMB Flash Debug/can_17xx_40xx.o
 .debug_frame   0x0000000000001130       0x68 1768 LPCOpen THUMB Flash Debug/chip_17xx_40xx.o
 .debug_frame   0x0000000000001198      0x3c8 1768 LPCOpen THUMB Flash Debug/clock_17xx_40xx.o
 .debug_frame   0x0000000000001560       0x80 1768 LPCOpen THUMB Flash Debug/iocon_17xx_40xx.o
 .debug_frame   0x00000000000015e0      0x164 1768 LPCOpen THUMB Flash Debug/ring_buffer.o
 .debug_frame   0x0000000000001744       0xd4 1768 LPCOpen THUMB Flash Debug/sysinit_17xx_40xx.o
 .debug_frame   0x0000000000001818      0x4d0 1768 LPCOpen THUMB Flash Debug/uart_17xx_40xx.o

.debug_info     0x0000000000000000     0x77e8
 .debug_info    0x0000000000000000       0xa3 1768 LPCOpen THUMB Flash Debug/Clocks-1768.o
 .debug_info    0x00000000000000a3      0x906 1768 LPCOpen THUMB Flash Debug/can.o
 .debug_info    0x00000000000009a9       0x9f 1768 LPCOpen THUMB Flash Debug/sysinit.o
 .debug_info    0x0000000000000a48      0x97d 1768 LPCOpen THUMB Flash Debug/uart_rb.o
 .debug_info    0x00000000000013c5       0x22 1768 LPCOpen THUMB Flash Debug/thumb_crt0.o
 .debug_info    0x00000000000013e7       0x23 1768 LPCOpen THUMB Flash Debug/LPC1700_Startup.o
 .debug_info    0x000000000000140a     0x13e0 1768 LPCOpen THUMB Flash Debug/board.o
 .debug_info    0x00000000000027ea      0x586 1768 LPCOpen THUMB Flash Debug/board_sysinit.o
 .debug_info    0x0000000000002d70     0x200c 1768 LPCOpen THUMB Flash Debug/can_17xx_40xx.o
 .debug_info    0x0000000000004d7c      0x510 1768 LPCOpen THUMB Flash Debug/chip_17xx_40xx.o
 .debug_info    0x000000000000528c      0xbba 1768 LPCOpen THUMB Flash Debug/clock_17xx_40xx.o
 .debug_info    0x0000000000005e46      0x2ba 1768 LPCOpen THUMB Flash Debug/iocon_17xx_40xx.o
 .debug_info    0x0000000000006100      0x370 1768 LPCOpen THUMB Flash Debug/ring_buffer.o
 .debug_info    0x0000000000006470      0x423 1768 LPCOpen THUMB Flash Debug/sysinit_17xx_40xx.o
 .debug_info    0x0000000000006893      0xf55 1768 LPCOpen THUMB Flash Debug/uart_17xx_40xx.o

.debug_abbrev   0x0000000000000000     0x1903
 .debug_abbrev  0x0000000000000000       0x64 1768 LPCOpen THUMB Flash Debug/Clocks-1768.o
 .debug_abbrev  0x0000000000000064      0x233 1768 LPCOpen THUMB Flash Debug/can.o
 .debug_abbrev  0x0000000000000297       0x64 1768 LPCOpen THUMB Flash Debug/sysinit.o
 .debug_abbrev  0x00000000000002fb      0x243 1768 LPCOpen THUMB Flash Debug/uart_rb.o
 .debug_abbrev  0x000000000000053e       0x12 1768 LPCOpen THUMB Flash Debug/thumb_crt0.o
 .debug_abbrev  0x0000000000000550       0x14 1768 LPCOpen THUMB Flash Debug/LPC1700_Startup.o
 .debug_abbrev  0x0000000000000564      0x37b 1768 LPCOpen THUMB Flash Debug/board.o
 .debug_abbrev  0x00000000000008df      0x159 1768 LPCOpen THUMB Flash Debug/board_sysinit.o
 .debug_abbrev  0x0000000000000a38      0x343 1768 LPCOpen THUMB Flash Debug/can_17xx_40xx.o
 .debug_abbrev  0x0000000000000d7b      0x148 1768 LPCOpen THUMB Flash Debug/chip_17xx_40xx.o
 .debug_abbrev  0x0000000000000ec3      0x328 1768 LPCOpen THUMB Flash Debug/clock_17xx_40xx.o
 .debug_abbrev  0x00000000000011eb      0x135 1768 LPCOpen THUMB Flash Debug/iocon_17xx_40xx.o
 .debug_abbrev  0x0000000000001320      0x146 1768 LPCOpen THUMB Flash Debug/ring_buffer.o
 .debug_abbrev  0x0000000000001466      0x178 1768 LPCOpen THUMB Flash Debug/sysinit_17xx_40xx.o
 .debug_abbrev  0x00000000000015de      0x325 1768 LPCOpen THUMB Flash Debug/uart_17xx_40xx.o

.debug_pubnames
                0x0000000000000000     0x4244
 .debug_pubnames
                0x0000000000000000       0x1b 1768 LPCOpen THUMB Flash Debug/Clocks-1768.o
 .debug_pubnames
                0x000000000000001b      0x642 1768 LPCOpen THUMB Flash Debug/can.o
 .debug_pubnames
                0x000000000000065d       0x21 1768 LPCOpen THUMB Flash Debug/sysinit.o
 .debug_pubnames
                0x000000000000067e      0x5dd 1768 LPCOpen THUMB Flash Debug/uart_rb.o
 .debug_pubnames
                0x0000000000000c5b      0x91d 1768 LPCOpen THUMB Flash Debug/board.o
 .debug_pubnames
                0x0000000000001578      0x31a 1768 LPCOpen THUMB Flash Debug/board_sysinit.o
 .debug_pubnames
                0x0000000000001892      0xd90 1768 LPCOpen THUMB Flash Debug/can_17xx_40xx.o
 .debug_pubnames
                0x0000000000002622      0x5c6 1768 LPCOpen THUMB Flash Debug/chip_17xx_40xx.o
 .debug_pubnames
                0x0000000000002be8      0x800 1768 LPCOpen THUMB Flash Debug/clock_17xx_40xx.o
 .debug_pubnames
                0x00000000000033e8       0x5d 1768 LPCOpen THUMB Flash Debug/iocon_17xx_40xx.o
 .debug_pubnames
                0x0000000000003445       0xdc 1768 LPCOpen THUMB Flash Debug/ring_buffer.o
 .debug_pubnames
                0x0000000000003521      0x1ae 1768 LPCOpen THUMB Flash Debug/sysinit_17xx_40xx.o
 .debug_pubnames
                0x00000000000036cf      0xb75 1768 LPCOpen THUMB Flash Debug/uart_17xx_40xx.o

.debug_pubtypes
                0x0000000000000000     0x10ce
 .debug_pubtypes
                0x0000000000000000       0xbf 1768 LPCOpen THUMB Flash Debug/Clocks-1768.o
 .debug_pubtypes
                0x00000000000000bf      0x198 1768 LPCOpen THUMB Flash Debug/can.o
 .debug_pubtypes
                0x0000000000000257       0xbf 1768 LPCOpen THUMB Flash Debug/sysinit.o
 .debug_pubtypes
                0x0000000000000316      0x139 1768 LPCOpen THUMB Flash Debug/uart_rb.o
 .debug_pubtypes
                0x000000000000044f      0x18f 1768 LPCOpen THUMB Flash Debug/board.o
 .debug_pubtypes
                0x00000000000005de      0x127 1768 LPCOpen THUMB Flash Debug/board_sysinit.o
 .debug_pubtypes
                0x0000000000000705      0x2a1 1768 LPCOpen THUMB Flash Debug/can_17xx_40xx.o
 .debug_pubtypes
                0x00000000000009a6       0xfc 1768 LPCOpen THUMB Flash Debug/chip_17xx_40xx.o
 .debug_pubtypes
                0x0000000000000aa2      0x1de 1768 LPCOpen THUMB Flash Debug/clock_17xx_40xx.o
 .debug_pubtypes
                0x0000000000000c80       0xec 1768 LPCOpen THUMB Flash Debug/iocon_17xx_40xx.o
 .debug_pubtypes
                0x0000000000000d6c       0xe7 1768 LPCOpen THUMB Flash Debug/ring_buffer.o
 .debug_pubtypes
                0x0000000000000e53      0x11c 1768 LPCOpen THUMB Flash Debug/sysinit_17xx_40xx.o
 .debug_pubtypes
                0x0000000000000f6f      0x15f 1768 LPCOpen THUMB Flash Debug/uart_17xx_40xx.o

.debug_aranges  0x0000000000000000      0x880
 .debug_aranges
                0x0000000000000000       0x20 1768 LPCOpen THUMB Flash Debug/Clocks-1768.o
 .debug_aranges
                0x0000000000000020       0x70 1768 LPCOpen THUMB Flash Debug/can.o
 .debug_aranges
                0x0000000000000090       0x20 1768 LPCOpen THUMB Flash Debug/sysinit.o
 .debug_aranges
                0x00000000000000b0       0x48 1768 LPCOpen THUMB Flash Debug/uart_rb.o
 .debug_aranges
                0x00000000000000f8       0x98 1768 LPCOpen THUMB Flash Debug/thumb_crt0.o
 .debug_aranges
                0x0000000000000190       0x20 1768 LPCOpen THUMB Flash Debug/LPC1700_Startup.o
 .debug_aranges
                0x00000000000001b0      0x140 1768 LPCOpen THUMB Flash Debug/board.o
 .debug_aranges
                0x00000000000002f0       0x38 1768 LPCOpen THUMB Flash Debug/board_sysinit.o
 .debug_aranges
                0x0000000000000328      0x1e8 1768 LPCOpen THUMB Flash Debug/can_17xx_40xx.o
 .debug_aranges
                0x0000000000000510       0x38 1768 LPCOpen THUMB Flash Debug/chip_17xx_40xx.o
 .debug_aranges
                0x0000000000000548      0x120 1768 LPCOpen THUMB Flash Debug/clock_17xx_40xx.o
 .debug_aranges
                0x0000000000000668       0x30 1768 LPCOpen THUMB Flash Debug/iocon_17xx_40xx.o
 .debug_aranges
                0x0000000000000698       0x60 1768 LPCOpen THUMB Flash Debug/ring_buffer.o
 .debug_aranges
                0x00000000000006f8       0x60 1768 LPCOpen THUMB Flash Debug/sysinit_17xx_40xx.o
 .debug_aranges
                0x0000000000000758      0x128 1768 LPCOpen THUMB Flash Debug/uart_17xx_40xx.o

.debug_ranges   0x0000000000000000      0x7b8
 .debug_ranges  0x0000000000000000       0x10 1768 LPCOpen THUMB Flash Debug/Clocks-1768.o
 .debug_ranges  0x0000000000000010       0x60 1768 LPCOpen THUMB Flash Debug/can.o
 .debug_ranges  0x0000000000000070       0x10 1768 LPCOpen THUMB Flash Debug/sysinit.o
 .debug_ranges  0x0000000000000080       0x38 1768 LPCOpen THUMB Flash Debug/uart_rb.o
 .debug_ranges  0x00000000000000b8       0x90 1768 LPCOpen THUMB Flash Debug/thumb_crt0.o
 .debug_ranges  0x0000000000000148      0x130 1768 LPCOpen THUMB Flash Debug/board.o
 .debug_ranges  0x0000000000000278       0x28 1768 LPCOpen THUMB Flash Debug/board_sysinit.o
 .debug_ranges  0x00000000000002a0      0x208 1768 LPCOpen THUMB Flash Debug/can_17xx_40xx.o
 .debug_ranges  0x00000000000004a8       0x28 1768 LPCOpen THUMB Flash Debug/chip_17xx_40xx.o
 .debug_ranges  0x00000000000004d0      0x110 1768 LPCOpen THUMB Flash Debug/clock_17xx_40xx.o
 .debug_ranges  0x00000000000005e0       0x20 1768 LPCOpen THUMB Flash Debug/iocon_17xx_40xx.o
 .debug_ranges  0x0000000000000600       0x50 1768 LPCOpen THUMB Flash Debug/ring_buffer.o
 .debug_ranges  0x0000000000000650       0x50 1768 LPCOpen THUMB Flash Debug/sysinit_17xx_40xx.o
 .debug_ranges  0x00000000000006a0      0x118 1768 LPCOpen THUMB Flash Debug/uart_17xx_40xx.o

.debug_macro    0x0000000000000000     0x4c83
 .debug_macro   0x0000000000000000      0x204 1768 LPCOpen THUMB Flash Debug/Clocks-1768.o
 .debug_macro   0x0000000000000204      0xab4 1768 LPCOpen THUMB Flash Debug/Clocks-1768.o
 .debug_macro   0x0000000000000cb8      0x18d 1768 LPCOpen THUMB Flash Debug/Clocks-1768.o
 .debug_macro   0x0000000000000e45       0x22 1768 LPCOpen THUMB Flash Debug/Clocks-1768.o
 .debug_macro   0x0000000000000e67       0x66 1768 LPCOpen THUMB Flash Debug/Clocks-1768.o
 .debug_macro   0x0000000000000ecd       0x10 1768 LPCOpen THUMB Flash Debug/Clocks-1768.o
 .debug_macro   0x0000000000000edd       0x2d 1768 LPCOpen THUMB Flash Debug/Clocks-1768.o
 .debug_macro   0x0000000000000f0a       0x3a 1768 LPCOpen THUMB Flash Debug/Clocks-1768.o
 .debug_macro   0x0000000000000f44       0x2d 1768 LPCOpen THUMB Flash Debug/Clocks-1768.o
 .debug_macro   0x0000000000000f71      0xbb1 1768 LPCOpen THUMB Flash Debug/Clocks-1768.o
 .debug_macro   0x0000000000001b22      0x22c 1768 LPCOpen THUMB Flash Debug/Clocks-1768.o
 .debug_macro   0x0000000000001d4e       0x42 1768 LPCOpen THUMB Flash Debug/Clocks-1768.o
 .debug_macro   0x0000000000001d90       0x52 1768 LPCOpen THUMB Flash Debug/Clocks-1768.o
 .debug_macro   0x0000000000001de2       0x78 1768 LPCOpen THUMB Flash Debug/Clocks-1768.o
 .debug_macro   0x0000000000001e5a       0x82 1768 LPCOpen THUMB Flash Debug/Clocks-1768.o
 .debug_macro   0x0000000000001edc      0x48c 1768 LPCOpen THUMB Flash Debug/Clocks-1768.o
 .debug_macro   0x0000000000002368       0x34 1768 LPCOpen THUMB Flash Debug/Clocks-1768.o
 .debug_macro   0x000000000000239c      0x4c5 1768 LPCOpen THUMB Flash Debug/Clocks-1768.o
 .debug_macro   0x0000000000002861      0x1b7 1768 LPCOpen THUMB Flash Debug/Clocks-1768.o
 .debug_macro   0x0000000000002a18       0x10 1768 LPCOpen THUMB Flash Debug/Clocks-1768.o
 .debug_macro   0x0000000000002a28      0x21b 1768 LPCOpen THUMB Flash Debug/Clocks-1768.o
 .debug_macro   0x0000000000002c43      0x1b9 1768 LPCOpen THUMB Flash Debug/Clocks-1768.o
 .debug_macro   0x0000000000002dfc       0x40 1768 LPCOpen THUMB Flash Debug/Clocks-1768.o
 .debug_macro   0x0000000000002e3c       0x22 1768 LPCOpen THUMB Flash Debug/Clocks-1768.o
 .debug_macro   0x0000000000002e5e      0x162 1768 LPCOpen THUMB Flash Debug/Clocks-1768.o
 .debug_macro   0x0000000000002fc0       0x94 1768 LPCOpen THUMB Flash Debug/Clocks-1768.o
 .debug_macro   0x0000000000003054       0xb8 1768 LPCOpen THUMB Flash Debug/Clocks-1768.o
 .debug_macro   0x000000000000310c       0x4c 1768 LPCOpen THUMB Flash Debug/Clocks-1768.o
 .debug_macro   0x0000000000003158       0x16 1768 LPCOpen THUMB Flash Debug/Clocks-1768.o
 .debug_macro   0x000000000000316e      0x328 1768 LPCOpen THUMB Flash Debug/Clocks-1768.o
 .debug_macro   0x0000000000003496       0x49 1768 LPCOpen THUMB Flash Debug/Clocks-1768.o
 .debug_macro   0x00000000000034df       0x16 1768 LPCOpen THUMB Flash Debug/Clocks-1768.o
 .debug_macro   0x00000000000034f5       0xca 1768 LPCOpen THUMB Flash Debug/Clocks-1768.o
 .debug_macro   0x00000000000035bf       0x18 1768 LPCOpen THUMB Flash Debug/Clocks-1768.o
 .debug_macro   0x00000000000035d7       0x46 1768 LPCOpen THUMB Flash Debug/Clocks-1768.o
 .debug_macro   0x000000000000361d       0x89 1768 LPCOpen THUMB Flash Debug/Clocks-1768.o
 .debug_macro   0x00000000000036a6       0x72 1768 LPCOpen THUMB Flash Debug/Clocks-1768.o
 .debug_macro   0x0000000000003718       0x20 1768 LPCOpen THUMB Flash Debug/Clocks-1768.o
 .debug_macro   0x0000000000003738       0x2e 1768 LPCOpen THUMB Flash Debug/Clocks-1768.o
 .debug_macro   0x0000000000003766      0x21a 1768 LPCOpen THUMB Flash Debug/can.o
 .debug_macro   0x0000000000003980      0x1f0 1768 LPCOpen THUMB Flash Debug/sysinit.o
 .debug_macro   0x0000000000003b70      0x21c 1768 LPCOpen THUMB Flash Debug/uart_rb.o
 .debug_macro   0x0000000000003d8c      0x20f 1768 LPCOpen THUMB Flash Debug/board.o
 .debug_macro   0x0000000000003f9b       0x12 1768 LPCOpen THUMB Flash Debug/board.o
 .debug_macro   0x0000000000003fad      0x1f0 1768 LPCOpen THUMB Flash Debug/board_sysinit.o
 .debug_macro   0x000000000000419d      0x1ab 1768 LPCOpen THUMB Flash Debug/can_17xx_40xx.o
 .debug_macro   0x0000000000004348      0x1ab 1768 LPCOpen THUMB Flash Debug/chip_17xx_40xx.o
 .debug_macro   0x00000000000044f3      0x1ab 1768 LPCOpen THUMB Flash Debug/clock_17xx_40xx.o
 .debug_macro   0x000000000000469e      0x1ab 1768 LPCOpen THUMB Flash Debug/iocon_17xx_40xx.o
 .debug_macro   0x0000000000004849       0x65 1768 LPCOpen THUMB Flash Debug/ring_buffer.o
 .debug_macro   0x00000000000048ae       0x10 1768 LPCOpen THUMB Flash Debug/ring_buffer.o
 .debug_macro   0x00000000000048be       0x5f 1768 LPCOpen THUMB Flash Debug/ring_buffer.o
 .debug_macro   0x000000000000491d       0x10 1768 LPCOpen THUMB Flash Debug/ring_buffer.o
 .debug_macro   0x000000000000492d      0x1ab 1768 LPCOpen THUMB Flash Debug/sysinit_17xx_40xx.o
 .debug_macro   0x0000000000004ad8      0x1ab 1768 LPCOpen THUMB Flash Debug/uart_17xx_40xx.o

.debug_line     0x0000000000000000     0x647a
 .debug_line    0x0000000000000000      0x4c7 1768 LPCOpen THUMB Flash Debug/Clocks-1768.o
 .debug_line    0x00000000000004c7      0x6b5 1768 LPCOpen THUMB Flash Debug/can.o
 .debug_line    0x0000000000000b7c      0x462 1768 LPCOpen THUMB Flash Debug/sysinit.o
 .debug_line    0x0000000000000fde      0x529 1768 LPCOpen THUMB Flash Debug/uart_rb.o
 .debug_line    0x0000000000001507      0x204 1768 LPCOpen THUMB Flash Debug/thumb_crt0.o
 .debug_line    0x000000000000170b       0xde 1768 LPCOpen THUMB Flash Debug/LPC1700_Startup.o
 .debug_line    0x00000000000017e9      0x93e 1768 LPCOpen THUMB Flash Debug/board.o
 .debug_line    0x0000000000002127      0x4ca 1768 LPCOpen THUMB Flash Debug/board_sysinit.o
 .debug_line    0x00000000000025f1     0x18af 1768 LPCOpen THUMB Flash Debug/can_17xx_40xx.o
 .debug_line    0x0000000000003ea0      0x4c1 1768 LPCOpen THUMB Flash Debug/chip_17xx_40xx.o
 .debug_line    0x0000000000004361      0x928 1768 LPCOpen THUMB Flash Debug/clock_17xx_40xx.o
 .debug_line    0x0000000000004c89      0x4dd 1768 LPCOpen THUMB Flash Debug/iocon_17xx_40xx.o
 .debug_line    0x0000000000005166      0x36b 1768 LPCOpen THUMB Flash Debug/ring_buffer.o
 .debug_line    0x00000000000054d1      0x59a 1768 LPCOpen THUMB Flash Debug/sysinit_17xx_40xx.o
 .debug_line    0x0000000000005a6b      0xa0f 1768 LPCOpen THUMB Flash Debug/uart_17xx_40xx.o

.debug_str      0x0000000000000000    0x12f17
 .debug_str     0x0000000000000000     0xff2e 1768 LPCOpen THUMB Flash Debug/Clocks-1768.o
                                       0xffe1 (size before relaxing)
 .debug_str     0x000000000000ff2e      0x732 1768 LPCOpen THUMB Flash Debug/can.o
                                      0x10707 (size before relaxing)
 .debug_str     0x0000000000010660       0x4d 1768 LPCOpen THUMB Flash Debug/sysinit.o
                                       0xffd9 (size before relaxing)
 .debug_str     0x00000000000106ad      0x218 1768 LPCOpen THUMB Flash Debug/uart_rb.o
                                      0x10631 (size before relaxing)
 .debug_str     0x00000000000108c5       0x47 1768 LPCOpen THUMB Flash Debug/thumb_crt0.o
                                         0x7c (size before relaxing)
 .debug_str     0x000000000001090c       0x74 1768 LPCOpen THUMB Flash Debug/LPC1700_Startup.o
                                         0xb7 (size before relaxing)
 .debug_str     0x0000000000010980      0xaad 1768 LPCOpen THUMB Flash Debug/board.o
                                      0x10cdd (size before relaxing)
 .debug_str     0x000000000001142d      0x266 1768 LPCOpen THUMB Flash Debug/board_sysinit.o
                                      0x103fe (size before relaxing)
 .debug_str     0x0000000000011693      0xb11 1768 LPCOpen THUMB Flash Debug/can_17xx_40xx.o
                                      0x10a4a (size before relaxing)
 .debug_str     0x00000000000121a4       0xbc 1768 LPCOpen THUMB Flash Debug/chip_17xx_40xx.o
                                      0x1006d (size before relaxing)
 .debug_str     0x0000000000012260      0x63a 1768 LPCOpen THUMB Flash Debug/clock_17xx_40xx.o
                                      0x106f2 (size before relaxing)
 .debug_str     0x000000000001289a       0xb2 1768 LPCOpen THUMB Flash Debug/iocon_17xx_40xx.o
                                       0xfb58 (size before relaxing)
 .debug_str     0x000000000001294c      0x178 1768 LPCOpen THUMB Flash Debug/ring_buffer.o
                                       0x37ee (size before relaxing)
 .debug_str     0x0000000000012ac4       0xfd 1768 LPCOpen THUMB Flash Debug/sysinit_17xx_40xx.o
                                       0xfd40 (size before relaxing)
 .debug_str     0x0000000000012bc1      0x356 1768 LPCOpen THUMB Flash Debug/uart_17xx_40xx.o
                                      0x105b0 (size before relaxing)

.comment        0x0000000000000000       0x3f
 .comment       0x0000000000000000       0x3f 1768 LPCOpen THUMB Flash Debug/Clocks-1768.o
                                         0x40 (size before relaxing)
 .comment       0x000000000000003f       0x40 1768 LPCOpen THUMB Flash Debug/can.o
 .comment       0x000000000000003f       0x40 1768 LPCOpen THUMB Flash Debug/sysinit.o
 .comment       0x000000000000003f       0x40 1768 LPCOpen THUMB Flash Debug/uart_rb.o
 .comment       0x000000000000003f       0x40 1768 LPCOpen THUMB Flash Debug/board.o
 .comment       0x000000000000003f       0x40 1768 LPCOpen THUMB Flash Debug/board_sysinit.o
 .comment       0x000000000000003f       0x40 1768 LPCOpen THUMB Flash Debug/can_17xx_40xx.o
 .comment       0x000000000000003f       0x40 1768 LPCOpen THUMB Flash Debug/chip_17xx_40xx.o
 .comment       0x000000000000003f       0x40 1768 LPCOpen THUMB Flash Debug/clock_17xx_40xx.o
 .comment       0x000000000000003f       0x40 1768 LPCOpen THUMB Flash Debug/iocon_17xx_40xx.o
 .comment       0x000000000000003f       0x40 1768 LPCOpen THUMB Flash Debug/ring_buffer.o
 .comment       0x000000000000003f       0x40 1768 LPCOpen THUMB Flash Debug/sysinit_17xx_40xx.o
 .comment       0x000000000000003f       0x40 1768 LPCOpen THUMB Flash Debug/uart_17xx_40xx.o
 .comment       0x000000000000003f       0x40 /Applications/CrossWorks for ARM 4.8/lib/libc_v7m_t_le_eabi.a(libc2.o)
 .comment       0x000000000000003f       0x40 /Applications/CrossWorks for ARM 4.8/lib/libc_v7m_t_le_eabi.a(libvfprintf.o)
 .comment       0x000000000000003f       0x40 /Applications/CrossWorks for ARM 4.8/lib/libc_v7m_t_le_eabi.a(libc.o)
 .comment       0x000000000000003f       0x40 /Applications/CrossWorks for ARM 4.8/lib/libdebugio_v7m_t_le_eabi.a(libdebugio.o)
 .comment       0x000000000000003f       0x40 /Applications/CrossWorks for ARM 4.8/lib/libdebugio_v7m_t_le_eabi.a(mempoll_debug_operations.o)
 .comment       0x000000000000003f       0x40 /Applications/CrossWorks for ARM 4.8/lib/libm_v7m_t_le_eabi.a(libm2.o)

.ARM.attributes
                0x0000000000000000       0x31
 .ARM.attributes
                0x0000000000000000       0x33 1768 LPCOpen THUMB Flash Debug/Clocks-1768.o
 .ARM.attributes
                0x0000000000000033       0x33 1768 LPCOpen THUMB Flash Debug/can.o
 .ARM.attributes
                0x0000000000000066       0x33 1768 LPCOpen THUMB Flash Debug/sysinit.o
 .ARM.attributes
                0x0000000000000099       0x33 1768 LPCOpen THUMB Flash Debug/uart_rb.o
 .ARM.attributes
                0x00000000000000cc       0x1b 1768 LPCOpen THUMB Flash Debug/thumb_crt0.o
 .ARM.attributes
                0x00000000000000e7       0x1b 1768 LPCOpen THUMB Flash Debug/LPC1700_Startup.o
 .ARM.attributes
                0x0000000000000102       0x33 1768 LPCOpen THUMB Flash Debug/board.o
 .ARM.attributes
                0x0000000000000135       0x33 1768 LPCOpen THUMB Flash Debug/board_sysinit.o
 .ARM.attributes
                0x0000000000000168       0x33 1768 LPCOpen THUMB Flash Debug/can_17xx_40xx.o
 .ARM.attributes
                0x000000000000019b       0x33 1768 LPCOpen THUMB Flash Debug/chip_17xx_40xx.o
 .ARM.attributes
                0x00000000000001ce       0x33 1768 LPCOpen THUMB Flash Debug/clock_17xx_40xx.o
 .ARM.attributes
                0x0000000000000201       0x33 1768 LPCOpen THUMB Flash Debug/iocon_17xx_40xx.o
 .ARM.attributes
                0x0000000000000234       0x33 1768 LPCOpen THUMB Flash Debug/ring_buffer.o
 .ARM.attributes
                0x0000000000000267       0x33 1768 LPCOpen THUMB Flash Debug/sysinit_17xx_40xx.o
 .ARM.attributes
                0x000000000000029a       0x33 1768 LPCOpen THUMB Flash Debug/uart_17xx_40xx.o
 .ARM.attributes
                0x00000000000002cd       0x1b /Applications/CrossWorks for ARM 4.8/lib/libc_v7m_t_le_eabi.a(libc_asm.o)
 .ARM.attributes
                0x00000000000002e8       0x2d /Applications/CrossWorks for ARM 4.8/lib/libc_v7m_t_le_eabi.a(libc2.o)
 .ARM.attributes
                0x0000000000000315       0x1b /Applications/CrossWorks for ARM 4.8/lib/libc_v7m_t_le_eabi.a(libc2_asm.o)
 .ARM.attributes
                0x0000000000000330       0x2d /Applications/CrossWorks for ARM 4.8/lib/libc_v7m_t_le_eabi.a(libvfprintf.o)
 .ARM.attributes
                0x000000000000035d       0x2d /Applications/CrossWorks for ARM 4.8/lib/libc_v7m_t_le_eabi.a(libc.o)
 .ARM.attributes
                0x000000000000038a       0x2d /Applications/CrossWorks for ARM 4.8/lib/libdebugio_v7m_t_le_eabi.a(libdebugio.o)
 .ARM.attributes
                0x00000000000003b7       0x2d /Applications/CrossWorks for ARM 4.8/lib/libdebugio_v7m_t_le_eabi.a(mempoll_debug_operations.o)
 .ARM.attributes
                0x00000000000003e4       0x1b /Applications/CrossWorks for ARM 4.8/lib/libm_v7m_t_le_eabi.a(libm_asm.o)
 .ARM.attributes
                0x00000000000003ff       0x2d /Applications/CrossWorks for ARM 4.8/lib/libm_v7m_t_le_eabi.a(libm2.o)
 .ARM.attributes
                0x000000000000042c       0x1b /Applications/CrossWorks for ARM 4.8/lib/libm_v7m_t_le_eabi.a(libm2_asm.o)
