Archive member included to satisfy reference by file (symbol)

/Users/jayalcock/Library/Rowley Associates Limited/CrossWorks for ARM/v4/packages/targets/LPC1000/lib/liblpc1000_v7m_t_le_eabi.a(liblpc1000_lpc17xx_get_cclk.o)
                              Clocks 1768 CTL ARM RAM Debug/ctl_lpc1700.o (liblpc1000_lpc17xx_get_cclk)
/Users/jayalcock/Library/Rowley Associates Limited/CrossWorks for ARM/v4/packages/libraries/libctl/lib/libctl_v7m_t_le_eabi.a(ctl_unity.o)
                              Clocks 1768 CTL ARM RAM Debug/main_ctl.o (ctl_task_init)
/Users/jayalcock/Library/Rowley Associates Limited/CrossWorks for ARM/v4/packages/libraries/libctl/lib/libctl_v7m_t_le_eabi.a(ctl_cm3.o)
                              /Users/jayalcock/Library/Rowley Associates Limited/CrossWorks for ARM/v4/packages/libraries/libctl/lib/libctl_v7m_t_le_eabi.a(ctl_unity.o) (ctl_private_init_registers)
/Applications/CrossWorks for ARM 4.7/lib/libc_v7m_t_le_eabi.a(libc2_asm.o)
                              Clocks 1768 CTL ARM RAM Debug/main_ctl.o (memset)
/Applications/CrossWorks for ARM 4.7/lib/libc_v7m_t_le_eabi.a(libvfprintf.o)
                              (__vfprintf_float_long_long)
/Applications/CrossWorks for ARM 4.7/lib/libc_v7m_t_le_eabi.a(libvfscanf.o)
                              (__vfscanf_float_long_long_cc)
/Applications/CrossWorks for ARM 4.7/lib/libc_v7m_t_le_eabi.a(libc_asm.o)
                              /Applications/CrossWorks for ARM 4.7/lib/libc_v7m_t_le_eabi.a(libvfprintf.o) (__aeabi_uldivmod)
/Applications/CrossWorks for ARM 4.7/lib/libc_v7m_t_le_eabi.a(libc2.o)
                              /Applications/CrossWorks for ARM 4.7/lib/libc_v7m_t_le_eabi.a(libvfscanf.o) (__getc)
/Applications/CrossWorks for ARM 4.7/lib/libdebugio_v7m_t_le_eabi.a(libdebugio.o)
                              Clocks 1768 CTL ARM RAM Debug/thumb_crt0.o (debug_fopen)
/Applications/CrossWorks for ARM 4.7/lib/libdebugio_v7m_t_le_eabi.a(do_nv_debug_operation.o)
                              /Applications/CrossWorks for ARM 4.7/lib/libdebugio_v7m_t_le_eabi.a(libdebugio.o) (__do_nvdebug_operation)
/Applications/CrossWorks for ARM 4.7/lib/libdebugio_v7m_t_le_eabi.a(mempoll_debug_operations.o)
                              (__do_debug_operation_mempoll)
/Applications/CrossWorks for ARM 4.7/lib/libm_v7m_t_le_eabi.a(libm_asm.o)
                              /Applications/CrossWorks for ARM 4.7/lib/libc_v7m_t_le_eabi.a(libc2.o) (__aeabi_i2f)
/Applications/CrossWorks for ARM 4.7/lib/libm_v7m_t_le_eabi.a(libm2.o)
                              /Applications/CrossWorks for ARM 4.7/lib/libc_v7m_t_le_eabi.a(libvfprintf.o) (frexp)
/Applications/CrossWorks for ARM 4.7/lib/libm_v7m_t_le_eabi.a(libm2_asm.o)
                              /Applications/CrossWorks for ARM 4.7/lib/libm_v7m_t_le_eabi.a(libm2.o) (fabs)

Discarded input sections

 .group         0x0000000000000000        0xc Clocks 1768 CTL ARM RAM Debug/main_ctl.o
 .group         0x0000000000000000        0xc Clocks 1768 CTL ARM RAM Debug/main_ctl.o
 .group         0x0000000000000000        0xc Clocks 1768 CTL ARM RAM Debug/main_ctl.o
 .group         0x0000000000000000        0xc Clocks 1768 CTL ARM RAM Debug/main_ctl.o
 .group         0x0000000000000000        0xc Clocks 1768 CTL ARM RAM Debug/main_ctl.o
 .group         0x0000000000000000        0xc Clocks 1768 CTL ARM RAM Debug/main_ctl.o
 .group         0x0000000000000000        0xc Clocks 1768 CTL ARM RAM Debug/main_ctl.o
 .group         0x0000000000000000        0xc Clocks 1768 CTL ARM RAM Debug/main_ctl.o
 .group         0x0000000000000000        0xc Clocks 1768 CTL ARM RAM Debug/main_ctl.o
 .group         0x0000000000000000        0xc Clocks 1768 CTL ARM RAM Debug/main_ctl.o
 .group         0x0000000000000000        0xc Clocks 1768 CTL ARM RAM Debug/main_ctl.o
 .text          0x0000000000000000        0x0 Clocks 1768 CTL ARM RAM Debug/main_ctl.o
 .data          0x0000000000000000        0x0 Clocks 1768 CTL ARM RAM Debug/main_ctl.o
 .bss           0x0000000000000000        0x0 Clocks 1768 CTL ARM RAM Debug/main_ctl.o
 .text          0x0000000000000000        0x0 Clocks 1768 CTL ARM RAM Debug/thumb_crt0.o
 .data          0x0000000000000000        0x0 Clocks 1768 CTL ARM RAM Debug/thumb_crt0.o
 .bss           0x0000000000000000        0x0 Clocks 1768 CTL ARM RAM Debug/thumb_crt0.o
 .text.__aeabi_read_tp
                0x0000000000000000        0x8 Clocks 1768 CTL ARM RAM Debug/thumb_crt0.o
 .text.abort    0x0000000000000000        0x2 Clocks 1768 CTL ARM RAM Debug/thumb_crt0.o
 .text.__assert
                0x0000000000000000        0x2 Clocks 1768 CTL ARM RAM Debug/thumb_crt0.o
 .text.__assert_func
                0x0000000000000000        0x2 Clocks 1768 CTL ARM RAM Debug/thumb_crt0.o
 .text.__aeabi_assert
                0x0000000000000000        0x2 Clocks 1768 CTL ARM RAM Debug/thumb_crt0.o
 .text.__sync_synchronize
                0x0000000000000000        0x2 Clocks 1768 CTL ARM RAM Debug/thumb_crt0.o
 .text.__getchar
[...]
Memory Configuration

Name             Origin             Length             Attributes
UNPLACED_SECTIONS 0x0000000100000000 0x0000000000000000 xw
CM3_System_Control_Space 0x00000000e000e000 0x0000000000001000 xw
AHB_Peripherals  0x0000000050000000 0x0000000000200000 xw
APB1_Peripherals 0x0000000040080000 0x0000000000080000 xw
APB0_Peripherals 0x0000000040000000 0x0000000000080000 xw
GPIO             0x000000002009c000 0x0000000000004000 xw
AHBSRAM          0x000000002007c000 0x0000000000008000 xw
RAM              0x0000000010000000 0x0000000000008000 xw
FLASH            0x0000000000000000 0x0000000000080000 xr
*default*        0x0000000000000000 0xffffffffffffffff

Linker script and memory map

                0x0000000000000000                __do_debug_operation = __do_debug_operation_mempoll
                0x0000000000000000                __vfprintf = __vfprintf_float_long_long
                0x0000000000000000                __vfscanf = __vfscanf_float_long_long_cc
                0x00000000e000e000                __CM3_System_Control_Space_segment_start__ = 0xe000e000
                0x00000000e000f000                __CM3_System_Control_Space_segment_end__ = 0xe000f000
                0x0000000000001000                __CM3_System_Control_Space_segment_size__ = 0x1000
                0x0000000050000000                __AHB_Peripherals_segment_start__ = 0x50000000
                0x0000000050200000                __AHB_Peripherals_segment_end__ = 0x50200000
                0x0000000000200000                __AHB_Peripherals_segment_size__ = 0x200000
                0x0000000040080000                __APB1_Peripherals_segment_start__ = 0x40080000
                0x0000000040100000                __APB1_Peripherals_segment_end__ = 0x40100000
                0x0000000000080000                __APB1_Peripherals_segment_size__ = 0x80000
                0x0000000040000000                __APB0_Peripherals_segment_start__ = 0x40000000
                0x0000000040080000                __APB0_Peripherals_segment_end__ = 0x40080000
                0x0000000000080000                __APB0_Peripherals_segment_size__ = 0x80000
                0x000000002009c000                __GPIO_segment_start__ = 0x2009c000
                0x00000000200a0000                __GPIO_segment_end__ = 0x200a0000
                0x0000000000004000                __GPIO_segment_size__ = 0x4000
                0x000000002007c000                __AHBSRAM_segment_start__ = 0x2007c000
                0x0000000020084000                __AHBSRAM_segment_end__ = 0x20084000
                0x0000000000008000                __AHBSRAM_segment_size__ = 0x8000
                0x0000000010000000                __RAM_segment_start__ = 0x10000000
                0x0000000010008000                __RAM_segment_end__ = 0x10008000
                0x0000000000008000                __RAM_segment_size__ = 0x8000
                0x0000000000000000                __FLASH_segment_start__ = 0x0
                0x0000000000080000                __FLASH_segment_end__ = 0x80000
                0x0000000000080000                __FLASH_segment_size__ = 0x80000
                0x0000000000000080                __HEAPSIZE__ = 0x80
                0x0000000000000000                __STACKSIZE_ABT__ = 0x0
                0x0000000000000000                __STACKSIZE_FIQ__ = 0x0
                0x0000000000000000                __STACKSIZE_IRQ__ = 0x0
                0x0000000000000100                __STACKSIZE_PROCESS__ = 0x100
                0x0000000000000000                __STACKSIZE_SVC__ = 0x0
                0x0000000000000000                __STACKSIZE_UND__ = 0x0
                0x0000000000000100                __STACKSIZE__ = 0x100
                0x0000000010000000                __vectors_load_start__ = ALIGN (__RAM_segment_start__, 0x100)

.vectors        0x0000000010000000       0xcc
                0x0000000010000000                __vectors_start__ = .
 *(.vectors .vectors.*)
 .vectors       0x0000000010000000       0xcc Clocks 1768 CTL ARM RAM Debug/LPC1700_Startup.o
                0x0000000010000000                _vectors
                0x00000000100000cc                __vectors_end__ = (__vectors_start__ + SIZEOF (.vectors))
                0x00000000000000cc                __vectors_size__ = SIZEOF (.vectors)
                0x00000000100000cc                __vectors_load_end__ = __vectors_end__
                0x0000000000000001                . = ASSERT (((__vectors_start__ == __vectors_end__) || ((__vectors_end__ - __RAM_segment_start__) <= __RAM_segment_size__)), error: .vectors is too large to fit in RAM memory segment)
                0x00000000100000cc                __fast_load_start__ = ALIGN (__vectors_end__, 0x4)

.fast           0x00000000100000cc        0x0
                0x00000000100000cc                __fast_start__ = .
 *(.fast .fast.*)
                0x00000000100000cc                __fast_end__ = (__fast_start__ + SIZEOF (.fast))
                0x0000000000000000                __fast_size__ = SIZEOF (.fast)
                0x00000000100000cc                __fast_load_end__ = __fast_end__
                0x0000000000000001                . = ASSERT (((__fast_start__ == __fast_end__) || ((__fast_end__ - __RAM_segment_start__) <= __RAM_segment_size__)), error: .fast is too large to fit in RAM memory segment)
                0x00000000100000cc                __init_load_start__ = ALIGN (__fast_end__, 0x4)

.init           0x00000000100000cc      0x1d0
                0x00000000100000cc                __init_start__ = .
 *(.init .init.*)
 .init          0x00000000100000cc      0x154 Clocks 1768 CTL ARM RAM Debug/thumb_crt0.o
                0x00000000100000cc                _start
                0x000000001000017c                exit
 .init          0x0000000010000220       0x7c Clocks 1768 CTL ARM RAM Debug/LPC1700_Startup.o
                0x0000000010000220                reset_handler
                0x0000000010000232                NMI_Handler
                0x0000000010000234                HardFault_Handler
                0x0000000010000236                MemManage_Handler
                0x0000000010000238                BusFault_Handler
                0x000000001000023a                UsageFault_Handler
                0x000000001000023c                SVC_Handler
                0x000000001000023e                DebugMon_Handler
                0x0000000010000244                WDT_IRQHandler
                0x0000000010000246                TIMER0_IRQHandler
                0x0000000010000248                TIMER1_IRQHandler
                0x000000001000024a                TIMER2_IRQHandler
                0x000000001000024c                TIMER3_IRQHandler
                0x000000001000024e                UART0_IRQHandler
                0x0000000010000250                UART1_IRQHandler
                0x0000000010000252                UART2_IRQHandler
                0x0000000010000254                UART3_IRQHandler
                0x0000000010000256                PWM1_IRQHandler
                0x0000000010000258                I2C0_IRQHandler
                0x000000001000025a                I2C1_IRQHandler
                0x000000001000025c                I2C2_IRQHandler
                0x000000001000025e                SPI_IRQHandler
                0x0000000010000260                SSP0_IRQHandler
                0x0000000010000262                SSP1_IRQHandler
                0x0000000010000264                PLL0_IRQHandler
                0x0000000010000266                RTC_IRQHandler
                0x0000000010000268                EINT0_IRQHandler
                0x000000001000026a                EINT1_IRQHandler
                0x000000001000026c                EINT2_IRQHandler
                0x0000000010000270                ADC_IRQHandler
                0x0000000010000272                BOD_IRQHandler
                0x0000000010000274                USB_IRQHandler
                0x0000000010000276                CAN_IRQHandler
                0x0000000010000278                GPDMA_IRQHandler
                0x000000001000027a                I2S_IRQHandler
                0x000000001000027c                ENET_IRQHandler
                0x000000001000027e                RIT_IRQHandler
                0x0000000010000280                MCPWM_IRQHandler
                0x0000000010000282                QEI_IRQHandler
                0x0000000010000284                PLL1_IRQHandler
                0x0000000010000286                USBACT_IRQHandler
                0x0000000010000288                CANACT_IRQHandler
                0x000000001000028a                reset_wait
                0x000000001000029c                __init_end__ = (__init_start__ + SIZEOF (.init))
                0x00000000000001d0                __init_size__ = SIZEOF (.init)
                0x000000001000029c                __init_load_end__ = __init_end__
                0x0000000000000001                . = ASSERT (((__init_start__ == __init_end__) || ((__init_end__ - __RAM_segment_start__) <= __RAM_segment_size__)), error: .init is too large to fit in RAM memory segment)
                0x000000001000029c                __text_load_start__ = ALIGN (__init_end__, 0x4)

.text           0x000000001000029c      0xa62
                0x000000001000029c                __text_start__ = .
 *(.text .text.* .glue_7t .glue_7 .gnu.linkonce.t.* .gcc_except_table .ARM.extab* .gnu.linkonce.armextab.*)
 .glue_7        0x000000001000029c        0x0 linker stubs
 .glue_7t       0x000000001000029c        0x0 linker stubs
 .text.new_task_code
                0x000000001000029c       0x60 Clocks 1768 CTL ARM RAM Debug/main_ctl.o
                0x000000001000029c                new_task_code
 .text.ctl_handle_error
                0x00000000100002fc        0xa Clocks 1768 CTL ARM RAM Debug/main_ctl.o
                0x00000000100002fc                ctl_handle_error
 *fill*         0x0000000010000306        0x2 
 .text.main     0x0000000010000308       0x8c Clocks 1768 CTL ARM RAM Debug/main_ctl.o
                0x0000000010000308                main
 .text.NVIC_SetPriority
                0x0000000010000394       0x50 Clocks 1768 CTL ARM RAM Debug/ctl_lpc1700.o
 .text.SysTick_Handler
                0x00000000100003e4      0x11c Clocks 1768 CTL ARM RAM Debug/ctl_lpc1700.o
                0x00000000100003e4                SysTick_Handler
 .text.ctl_set_priority
                0x0000000010000500       0x20 Clocks 1768 CTL ARM RAM Debug/ctl_lpc1700.o
                0x0000000010000500                ctl_set_priority
 .text.ctl_start_timer
                0x0000000010000520       0x64 Clocks 1768 CTL ARM RAM Debug/ctl_lpc1700.o
                0x0000000010000520                ctl_start_timer
 .text.EINT3_IRQHandler
                0x0000000010000584       0xf0 Clocks 1768 CTL ARM RAM Debug/ctl_mbed_nxp_lpc1768.o
                0x0000000010000584                EINT3_IRQHandler
 .text.SystemInit
                0x0000000010000674      0x130 Clocks 1768 CTL ARM RAM Debug/system_LPC17xx.o
                0x0000000010000674                SystemInit
 .text.liblpc1000.liblpc1000_lpc17xx_get_cclk
                0x00000000100007a4       0x78 /Users/jayalcock/Library/Rowley Associates Limited/CrossWorks for ARM/v4/packages/targets/LPC1000/lib/liblpc1000_v7m_t_le_eabi.a(liblpc1000_lpc17xx_get_cclk.o)
                0x00000000100007a4                liblpc1000_get_cclk
                0x00000000100007a4                liblpc1000_lpc17xx_get_cclk
 .text.libctl.ctl_private_add_to_task_list
                0x000000001000081c       0x4c /Users/jayalcock/Library/Rowley Associates Limited/CrossWorks for ARM/v4/packages/libraries/libctl/lib/libctl_v7m_t_le_eabi.a(ctl_unity.o)
                0x000000001000081c                ctl_private_add_to_task_list
 .text.libctl.ctl_private_remove_from_task_list
                0x0000000010000868       0x30 /Users/jayalcock/Library/Rowley Associates Limited/CrossWorks for ARM/v4/packages/libraries/libctl/lib/libctl_v7m_t_le_eabi.a(ctl_unity.o)
                0x0000000010000868                ctl_private_remove_from_task_list
 .text.libctl.ctl_private_reschedule
                0x0000000010000898       0xb4 /Users/jayalcock/Library/Rowley Associates Limited/CrossWorks for ARM/v4/packages/libraries/libctl/lib/libctl_v7m_t_le_eabi.a(ctl_unity.o)
                0x0000000010000898                ctl_private_reschedule
 .text.libctl.ctl_task_init
                0x000000001000094c       0x30 /Users/jayalcock/Library/Rowley Associates Limited/CrossWorks for ARM/v4/packages/libraries/libctl/lib/libctl_v7m_t_le_eabi.a(ctl_unity.o)
                0x000000001000094c                ctl_task_init
 .text.libctl.ctl_task_run
                0x000000001000097c       0x84 /Users/jayalcock/Library/Rowley Associates Limited/CrossWorks for ARM/v4/packages/libraries/libctl/lib/libctl_v7m_t_le_eabi.a(ctl_unity.o)
                0x000000001000097c                ctl_task_run
 .text.libctl.ctl_task_die
                0x0000000010000a00       0x40 /Users/jayalcock/Library/Rowley Associates Limited/CrossWorks for ARM/v4/packages/libraries/libctl/lib/libctl_v7m_t_le_eabi.a(ctl_unity.o)
                0x0000000010000a00                ctl_task_die
 .text.libctl.ctl_task_set_priority
                0x0000000010000a40       0x4c /Users/jayalcock/Library/Rowley Associates Limited/CrossWorks for ARM/v4/packages/libraries/libctl/lib/libctl_v7m_t_le_eabi.a(ctl_unity.o)
                0x0000000010000a40                ctl_task_set_priority
 .text.libctl.ctl_timeout_wait
                0x0000000010000a8c       0x44 /Users/jayalcock/Library/Rowley Associates Limited/CrossWorks for ARM/v4/packages/libraries/libctl/lib/libctl_v7m_t_le_eabi.a(ctl_unity.o)
                0x0000000010000a8c                ctl_timeout_wait
 .text.libctl.ctl_increment_tick_from_isr
                0x0000000010000ad0       0x94 /Users/jayalcock/Library/Rowley Associates Limited/CrossWorks for ARM/v4/packages/libraries/libctl/lib/libctl_v7m_t_le_eabi.a(ctl_unity.o)
                0x0000000010000ad0                ctl_increment_tick_from_isr
 .text.libctl   0x0000000010000b64      0x134 /Users/jayalcock/Library/Rowley Associates Limited/CrossWorks for ARM/v4/packages/libraries/libctl/lib/libctl_v7m_t_le_eabi.a(ctl_cm3.o)
                0x0000000010000b64                ctl_private_get_stack_start
                0x0000000010000b68                ctl_private_get_thread_local_storage
                0x0000000010000b6c                ctl_private_init_registers
                0x0000000010000bc6                ctl_private_init_thread_local_storage
                0x0000000010000c00                __aeabi_read_tp
                0x0000000010000c12                ctl_private_reschedule_from_api_call
                0x0000000010000c24                PendSV
                0x0000000010000c24                PendSV_ISR
                0x0000000010000c24                PendSV_Handler
 .text.libc.memset
                0x0000000010000c98       0x66 /Applications/CrossWorks for ARM 4.7/lib/libc_v7m_t_le_eabi.a(libc2_asm.o)
                0x0000000010000c98                memset
                0x0000000010000cfe                __text_end__ = (__text_start__ + SIZEOF (.text))
                0x0000000000000a62                __text_size__ = SIZEOF (.text)
                0x0000000010000cfe                __text_load_end__ = __text_end__

.vfp11_veneer   0x0000000100000000        0x0
 .vfp11_veneer  0x0000000100000000        0x0 linker stubs

.v4_bx          0x0000000100000000        0x0
 .v4_bx         0x0000000100000000        0x0 linker stubs

.iplt           0x0000000100000000        0x0
 .iplt          0x0000000100000000        0x0 Clocks 1768 CTL ARM RAM Debug/main_ctl.o
                0x0000000000000001                . = ASSERT (((__text_start__ == __text_end__) || ((__text_end__ - __RAM_segment_start__) <= __RAM_segment_size__)), error: .text is too large to fit in RAM memory segment)
                0x0000000010000d00                __dtors_load_start__ = ALIGN (__text_end__, 0x4)

.dtors          0x0000000010000d00        0x0
                0x0000000010000d00                __dtors_start__ = .
 *(SORT_BY_NAME(.dtors.*))
 *(.dtors)
 *(.fini_array)
 *(SORT_BY_NAME(.fini_array.*))
                0x0000000010000d00                __dtors_end__ = (__dtors_start__ + SIZEOF (.dtors))
                0x0000000000000000                __dtors_size__ = SIZEOF (.dtors)
                0x0000000010000d00                __dtors_load_end__ = __dtors_end__
                0x0000000000000001                . = ASSERT (((__dtors_start__ == __dtors_end__) || ((__dtors_end__ - __RAM_segment_start__) <= __RAM_segment_size__)), error: .dtors is too large to fit in RAM memory segment)
                0x0000000010000d00                __ctors_load_start__ = ALIGN (__dtors_end__, 0x4)

.ctors          0x0000000010000d00        0x0
                0x0000000010000d00                __ctors_start__ = .
 *(SORT_BY_NAME(.ctors.*))
 *(.ctors)
 *(.init_array)
 *(SORT_BY_NAME(.init_array.*))
                0x0000000010000d00                __ctors_end__ = (__ctors_start__ + SIZEOF (.ctors))
                0x0000000000000000                __ctors_size__ = SIZEOF (.ctors)
                0x0000000010000d00                __ctors_load_end__ = __ctors_end__
                0x0000000000000001                . = ASSERT (((__ctors_start__ == __ctors_end__) || ((__ctors_end__ - __RAM_segment_start__) <= __RAM_segment_size__)), error: .ctors is too large to fit in RAM memory segment)
                0x0000000010000d00                __data_load_start__ = ALIGN (__ctors_end__, 0x4)

.data           0x0000000010000d00        0x8
                0x0000000010000d00                __data_start__ = .
 *(.data .data.* .gnu.linkonce.d.*)
 .data.libctl.ctl_time_increment
                0x0000000010000d00        0x4 /Users/jayalcock/Library/Rowley Associates Limited/CrossWorks for ARM/v4/packages/libraries/libctl/lib/libctl_v7m_t_le_eabi.a(ctl_unity.o)
                0x0000000010000d00                ctl_time_increment
 .data.libctl.ctl_timeslice_period
                0x0000000010000d04        0x4 /Users/jayalcock/Library/Rowley Associates Limited/CrossWorks for ARM/v4/packages/libraries/libctl/lib/libctl_v7m_t_le_eabi.a(ctl_unity.o)
                0x0000000010000d04                ctl_timeslice_period
                0x0000000010000d08                __data_end__ = (__data_start__ + SIZEOF (.data))
                0x0000000000000008                __data_size__ = SIZEOF (.data)
                0x0000000010000d08                __data_load_end__ = __data_end__

.igot.plt       0x0000000100000000        0x0
 .igot.plt      0x0000000100000000        0x0 Clocks 1768 CTL ARM RAM Debug/main_ctl.o
                0x0000000000000001                . = ASSERT (((__data_start__ == __data_end__) || ((__data_end__ - __RAM_segment_start__) <= __RAM_segment_size__)), error: .data is too large to fit in RAM memory segment)
                0x0000000010000d08                __rodata_load_start__ = ALIGN (__data_end__, 0x4)

.rodata         0x0000000010000d08       0x11
                0x0000000010000d08                __rodata_start__ = .
 *(.rodata .rodata.* .gnu.linkonce.r.*)
 .rodata        0x0000000010000d08       0x11 Clocks 1768 CTL ARM RAM Debug/main_ctl.o
                0x0000000010000d19                __rodata_end__ = (__rodata_start__ + SIZEOF (.rodata))
                0x0000000000000011                __rodata_size__ = SIZEOF (.rodata)
                0x0000000010000d19                __rodata_load_end__ = __rodata_end__

.rel.dyn        0x0000000000000000        0x0
 .rel.iplt      0x0000000000000000        0x0 Clocks 1768 CTL ARM RAM Debug/main_ctl.o
                0x0000000000000001                . = ASSERT (((__rodata_start__ == __rodata_end__) || ((__rodata_end__ - __RAM_segment_start__) <= __RAM_segment_size__)), error: .rodata is too large to fit in RAM memory segment)
                0x0000000010000d1c                __constdata_load_start__ = ALIGN (__rodata_end__, 0x4)

.constdata      0x0000000010000d1c        0x0
                0x0000000010000d1c                __constdata_start__ = .
 *(.constdata .constdata.*)
                0x0000000010000d1c                __constdata_end__ = (__constdata_start__ + SIZEOF (.constdata))
                0x0000000000000000                __constdata_size__ = SIZEOF (.constdata)
                0x0000000010000d1c                __constdata_load_end__ = __constdata_end__
                0x0000000000000001                . = ASSERT (((__constdata_start__ == __constdata_end__) || ((__constdata_end__ - __RAM_segment_start__) <= __RAM_segment_size__)), error: .constdata is too large to fit in RAM memory segment)
                0x0000000010000d1c                __ARM.exidx_load_start__ = ALIGN (__constdata_end__, 0x4)

.ARM.exidx      0x0000000010000d1c        0x0
                0x0000000010000d1c                __ARM.exidx_start__ = .
                0x0000000010000d1c                __exidx_start = __ARM.exidx_start__
 *(.ARM.exidx .ARM.exidx.*)
                0x0000000010000d1c                __ARM.exidx_end__ = (__ARM.exidx_start__ + SIZEOF (.ARM.exidx))
                0x0000000000000000                __ARM.exidx_size__ = SIZEOF (.ARM.exidx)
                0x0000000010000d1c                __exidx_end = __ARM.exidx_end__
                0x0000000010000d1c                __ARM.exidx_load_end__ = __ARM.exidx_end__
                0x0000000000000001                . = ASSERT (((__ARM.exidx_start__ == __ARM.exidx_end__) || ((__ARM.exidx_end__ - __RAM_segment_start__) <= __RAM_segment_size__)), error: .ARM.exidx is too large to fit in RAM memory segment)
                0x0000000010000d1c                __bss_load_start__ = ALIGN (__ARM.exidx_end__, 0x4)

.bss            0x0000000010000d1c      0x184
                0x0000000010000d1c                __bss_start__ = .
 *(.bss .bss.* .gnu.linkonce.b.*)
 .bss.main_task
                0x0000000010000d1c       0x2c Clocks 1768 CTL ARM RAM Debug/main_ctl.o
                0x0000000010000d1c                main_task
 .bss.new_task  0x0000000010000d48       0x2c Clocks 1768 CTL ARM RAM Debug/main_ctl.o
                0x0000000010000d48                new_task
 .bss.new_task_stack
                0x0000000010000d74      0x108 Clocks 1768 CTL ARM RAM Debug/main_ctl.o
                0x0000000010000d74                new_task_stack
 .bss.userTimerISR
                0x0000000010000e7c        0x4 Clocks 1768 CTL ARM RAM Debug/ctl_lpc1700.o
 .bss.userButtonISR
                0x0000000010000e80        0x4 Clocks 1768 CTL ARM RAM Debug/ctl_mbed_nxp_lpc1768.o
 .bss.libctl.ctl_current_time
                0x0000000010000e84        0x4 /Users/jayalcock/Library/Rowley Associates Limited/CrossWorks for ARM/v4/packages/libraries/libctl/lib/libctl_v7m_t_le_eabi.a(ctl_unity.o)
                0x0000000010000e84                ctl_current_time
 .bss.libctl.ctl_interrupt_count
                0x0000000010000e88        0x1 /Users/jayalcock/Library/Rowley Associates Limited/CrossWorks for ARM/v4/packages/libraries/libctl/lib/libctl_v7m_t_le_eabi.a(ctl_unity.o)
                0x0000000010000e88                ctl_interrupt_count
 *fill*         0x0000000010000e89        0x3 
 .bss.libctl.ctl_last_schedule_time
                0x0000000010000e8c        0x4 /Users/jayalcock/Library/Rowley Associates Limited/CrossWorks for ARM/v4/packages/libraries/libctl/lib/libctl_v7m_t_le_eabi.a(ctl_unity.o)
                0x0000000010000e8c                ctl_last_schedule_time
 .bss.libctl.ctl_reschedule_on_last_isr_exit
                0x0000000010000e90        0x1 /Users/jayalcock/Library/Rowley Associates Limited/CrossWorks for ARM/v4/packages/libraries/libctl/lib/libctl_v7m_t_le_eabi.a(ctl_unity.o)
                0x0000000010000e90                ctl_reschedule_on_last_isr_exit
 *fill*         0x0000000010000e91        0x3 
 .bss.libctl.ctl_task_executing
                0x0000000010000e94        0x4 /Users/jayalcock/Library/Rowley Associates Limited/CrossWorks for ARM/v4/packages/libraries/libctl/lib/libctl_v7m_t_le_eabi.a(ctl_unity.o)
                0x0000000010000e94                ctl_task_executing
 .bss.libctl.ctl_task_list
                0x0000000010000e98        0x4 /Users/jayalcock/Library/Rowley Associates Limited/CrossWorks for ARM/v4/packages/libraries/libctl/lib/libctl_v7m_t_le_eabi.a(ctl_unity.o)
                0x0000000010000e98                ctl_task_list
 .bss.libctl.ctl_task_switch_callout
                0x0000000010000e9c        0x4 /Users/jayalcock/Library/Rowley Associates Limited/CrossWorks for ARM/v4/packages/libraries/libctl/lib/libctl_v7m_t_le_eabi.a(ctl_unity.o)
                0x0000000010000e9c                ctl_task_switch_callout
 *(COMMON)
                0x0000000010000ea0                __bss_end__ = (__bss_start__ + SIZEOF (.bss))
                0x0000000000000184                __bss_size__ = SIZEOF (.bss)
                0x0000000010000ea0                __bss_load_end__ = __bss_end__
                0x0000000000000001                . = ASSERT (((__bss_start__ == __bss_end__) || ((__bss_end__ - __RAM_segment_start__) <= __RAM_segment_size__)), error: .bss is too large to fit in RAM memory segment)
                0x0000000010000ea0                __non_init_load_start__ = ALIGN (__bss_end__, 0x4)

.non_init       0x0000000010000ea0        0x0
                0x0000000010000ea0                __non_init_start__ = .
 *(.non_init .non_init.*)
                0x0000000010000ea0                __non_init_end__ = (__non_init_start__ + SIZEOF (.non_init))
                0x0000000000000000                __non_init_size__ = SIZEOF (.non_init)
                0x0000000010000ea0                __non_init_load_end__ = __non_init_end__
                0x0000000000000001                . = ASSERT (((__non_init_start__ == __non_init_end__) || ((__non_init_end__ - __RAM_segment_start__) <= __RAM_segment_size__)), error: .non_init is too large to fit in RAM memory segment)
                0x0000000010000f00                __vectors_ram_load_start__ = ALIGN (__non_init_end__, 0x100)

.vectors_ram    0x0000000010000f00        0x0
                0x0000000010000f00                __vectors_ram_start__ = .
 *(.vectors_ram .vectors_ram.*)
                0x0000000010000f00                __vectors_ram_end__ = (__vectors_ram_start__ + SIZEOF (.vectors_ram))
                0x0000000000000000                __vectors_ram_size__ = SIZEOF (.vectors_ram)
                0x0000000010000f00                __vectors_ram_load_end__ = __vectors_ram_end__
                0x0000000000000001                . = ASSERT (((__vectors_ram_start__ == __vectors_ram_end__) || ((__vectors_ram_end__ - __RAM_segment_start__) <= __RAM_segment_size__)), error: .vectors_ram is too large to fit in RAM memory segment)
                0x0000000010000f00                __tbss_load_start__ = ALIGN (__vectors_ram_end__, 0x4)

.tbss           0x0000000010000f00        0x0
                0x0000000010000f00                __tbss_start__ = .
 *(.tbss .tbss.*)
                0x0000000010000f00                __tbss_end__ = (__tbss_start__ + SIZEOF (.tbss))
                0x0000000000000000                __tbss_size__ = SIZEOF (.tbss)
                0x0000000010000f00                __tbss_load_end__ = __tbss_end__
                0x0000000000000001                . = ASSERT (((__tbss_start__ == __tbss_end__) || ((__tbss_end__ - __RAM_segment_start__) <= __RAM_segment_size__)), error: .tbss is too large to fit in RAM memory segment)
                0x0000000010000f00                __tdata_load_start__ = ALIGN (__tbss_end__, 0x4)

.tdata          0x0000000010000f00        0x0
                0x0000000010000f00                __tdata_start__ = .
 *(.tdata .tdata.*)
                0x0000000010000f00                __tdata_end__ = (__tdata_start__ + SIZEOF (.tdata))
                0x0000000000000000                __tdata_size__ = SIZEOF (.tdata)
                0x0000000010000f00                __tdata_load_end__ = __tdata_end__
                0x0000000000000001                . = ASSERT (((__tdata_start__ == __tdata_end__) || ((__tdata_end__ - __RAM_segment_start__) <= __RAM_segment_size__)), error: .tdata is too large to fit in RAM memory segment)
                0x000000002007c000                __heap_load_start__ = ALIGN (__AHBSRAM_segment_start__, 0x4)

.heap           0x000000002007c000       0x80
                0x000000002007c000                __heap_start__ = .
 *(.heap .heap.*)
                0x000000002007c080                . = ALIGN (MAX ((__heap_start__ + __HEAPSIZE__), .), 0x4)
 *fill*         0x000000002007c000       0x80 
                0x000000002007c080                __heap_end__ = (__heap_start__ + SIZEOF (.heap))
                0x0000000000000080                __heap_size__ = SIZEOF (.heap)
                0x000000002007c080                __heap_load_end__ = __heap_end__
                0x0000000000000001                . = ASSERT (((__heap_start__ == __heap_end__) || ((__heap_end__ - __AHBSRAM_segment_start__) <= __AHBSRAM_segment_size__)), error: .heap is too large to fit in AHBSRAM memory segment)
                0x000000002007c080                __stack_load_start__ = ALIGN (__heap_end__, 0x4)

.stack          0x000000002007c080      0x100
                0x000000002007c080                __stack_start__ = .
 *(.stack .stack.*)
                0x000000002007c180                . = ALIGN (MAX ((__stack_start__ + __STACKSIZE__), .), 0x4)
 *fill*         0x000000002007c080      0x100 
                0x000000002007c180                __stack_end__ = (__stack_start__ + SIZEOF (.stack))
                0x0000000000000100                __stack_size__ = SIZEOF (.stack)
                0x000000002007c180                __stack_load_end__ = __stack_end__
                0x0000000000000001                . = ASSERT (((__stack_start__ == __stack_end__) || ((__stack_end__ - __AHBSRAM_segment_start__) <= __AHBSRAM_segment_size__)), error: .stack is too large to fit in AHBSRAM memory segment)
                0x000000002007c180                __stack_process_load_start__ = ALIGN (__stack_end__, 0x4)

.stack_process  0x000000002007c180      0x100
                0x000000002007c180                __stack_process_start__ = .
 *(.stack_process .stack_process.*)
                0x000000002007c280                . = ALIGN (MAX ((__stack_process_start__ + __STACKSIZE_PROCESS__), .), 0x4)
 *fill*         0x000000002007c180      0x100 
                0x000000002007c280                __stack_process_end__ = (__stack_process_start__ + SIZEOF (.stack_process))
                0x0000000000000100                __stack_process_size__ = SIZEOF (.stack_process)
                0x000000002007c280                __stack_process_load_end__ = __stack_process_end__
                0x000000002007c280                __AHBSRAM_segment_used_end__ = (ALIGN (__stack_end__, 0x4) + SIZEOF (.stack_process))
                0x0000000000000280                __AHBSRAM_segment_used_size__ = (__AHBSRAM_segment_used_end__ - __AHBSRAM_segment_start__)
                0x0000000000000001                . = ASSERT (((__stack_process_start__ == __stack_process_end__) || ((__stack_process_end__ - __AHBSRAM_segment_start__) <= __AHBSRAM_segment_size__)), error: .stack_process is too large to fit in AHBSRAM memory segment)
                0x0000000010000f00                __text2_load_start__ = ALIGN (__tdata_end__, 0x4)

.text2          0x0000000010000f00        0x0
                0x0000000010000f00                __text2_start__ = .
 *(.text2 .text2.*)
                0x0000000010000f00                __text2_end__ = (__text2_start__ + SIZEOF (.text2))
                0x0000000000000000                __text2_size__ = SIZEOF (.text2)
                0x0000000010000f00                __text2_load_end__ = __text2_end__
                0x0000000000000001                . = ASSERT (((__text2_start__ == __text2_end__) || ((__text2_end__ - __RAM_segment_start__) <= __RAM_segment_size__)), error: .text2 is too large to fit in RAM memory segment)
                0x0000000010000f00                __rodata2_load_start__ = ALIGN (__text2_end__, 0x4)

.rodata2        0x0000000010000f00        0x0
                0x0000000010000f00                __rodata2_start__ = .
 *(.rodata2 .rodata2.*)
                0x0000000010000f00                __rodata2_end__ = (__rodata2_start__ + SIZEOF (.rodata2))
                0x0000000000000000                __rodata2_size__ = SIZEOF (.rodata2)
                0x0000000010000f00                __rodata2_load_end__ = __rodata2_end__
                0x0000000000000001                . = ASSERT (((__rodata2_start__ == __rodata2_end__) || ((__rodata2_end__ - __RAM_segment_start__) <= __RAM_segment_size__)), error: .rodata2 is too large to fit in RAM memory segment)
                0x0000000010000f00                __data2_load_start__ = ALIGN (__rodata2_end__, 0x4)

.data2          0x0000000010000f00        0x0
                0x0000000010000f00                __data2_start__ = .
 *(.data2 .data2.*)
                0x0000000010000f00                __data2_end__ = (__data2_start__ + SIZEOF (.data2))
                0x0000000000000000                __data2_size__ = SIZEOF (.data2)
                0x0000000010000f00                __data2_load_end__ = __data2_end__
                0x0000000000000001                . = ASSERT (((__data2_start__ == __data2_end__) || ((__data2_end__ - __RAM_segment_start__) <= __RAM_segment_size__)), error: .data2 is too large to fit in RAM memory segment)
                0x0000000010000f00                __bss2_load_start__ = ALIGN (__data2_end__, 0x4)

.bss2           0x0000000010000f00        0x0
                0x0000000010000f00                __bss2_start__ = .
 *(.bss2 .bss2.*)
                0x0000000010000f00                __bss2_end__ = (__bss2_start__ + SIZEOF (.bss2))
                0x0000000000000000                __bss2_size__ = SIZEOF (.bss2)
                0x0000000010000f00                __bss2_load_end__ = __bss2_end__
                0x0000000010000f00                __RAM_segment_used_end__ = (ALIGN (__data2_end__, 0x4) + SIZEOF (.bss2))
                0x0000000000000f00                __RAM_segment_used_size__ = (__RAM_segment_used_end__ - __RAM_segment_start__)
                0x0000000000000001                . = ASSERT (((__bss2_start__ == __bss2_end__) || ((__bss2_end__ - __RAM_segment_start__) <= __RAM_segment_size__)), error: .bss2 is too large to fit in RAM memory segment)
START GROUP
LOAD Clocks 1768 CTL ARM RAM Debug/main_ctl.o
LOAD Clocks 1768 CTL ARM RAM Debug/thumb_crt0.o
LOAD Clocks 1768 CTL ARM RAM Debug/LPC1700_Startup.o
LOAD Clocks 1768 CTL ARM RAM Debug/ctl_lpc1700.o
LOAD Clocks 1768 CTL ARM RAM Debug/ctl_mbed_nxp_lpc1768.o
LOAD Clocks 1768 CTL ARM RAM Debug/system_LPC17xx.o
LOAD /Users/jayalcock/Library/Rowley Associates Limited/CrossWorks for ARM/v4/packages/targets/LPC1000/lib/liblpc1000_v7m_t_le_eabi.a
LOAD /Users/jayalcock/Library/Rowley Associates Limited/CrossWorks for ARM/v4/packages/libraries/libctl/lib/libctl_v7m_t_le_eabi.a
LOAD /Applications/CrossWorks for ARM 4.7/lib/libm_v7m_t_le_eabi.a
LOAD /Applications/CrossWorks for ARM 4.7/lib/libc_v7m_t_le_eabi.a
LOAD /Applications/CrossWorks for ARM 4.7/lib/libdebugio_v7m_t_le_eabi.a
LOAD /Applications/CrossWorks for ARM 4.7/lib/libcm_v7m_t_le_eabi.a
END GROUP
OUTPUT(Clocks 1768 CTL ARM RAM Debug/Clocks 1768 CTL.elf elf32-littlearm)
LOAD linker stubs

.debug_frame    0x0000000000000000      0x304
 .debug_frame   0x0000000000000000       0x68 Clocks 1768 CTL ARM RAM Debug/main_ctl.o
 .debug_frame   0x0000000000000068      0x1bc Clocks 1768 CTL ARM RAM Debug/ctl_lpc1700.o
 .debug_frame   0x0000000000000224       0x90 Clocks 1768 CTL ARM RAM Debug/ctl_mbed_nxp_lpc1768.o
 .debug_frame   0x00000000000002b4       0x30 Clocks 1768 CTL ARM RAM Debug/system_LPC17xx.o
 .debug_frame   0x00000000000002e4       0x20 /Users/jayalcock/Library/Rowley Associates Limited/CrossWorks for ARM/v4/packages/targets/LPC1000/lib/liblpc1000_v7m_t_le_eabi.a(liblpc1000_lpc17xx_get_cclk.o)

.debug_info     0x0000000000000000     0x2a84
 .debug_info    0x0000000000000000      0xda8 Clocks 1768 CTL ARM RAM Debug/main_ctl.o
 .debug_info    0x0000000000000da8       0x22 Clocks 1768 CTL ARM RAM Debug/thumb_crt0.o
 .debug_info    0x0000000000000dca       0x26 Clocks 1768 CTL ARM RAM Debug/LPC1700_Startup.o
 .debug_info    0x0000000000000df0     0x13d3 Clocks 1768 CTL ARM RAM Debug/ctl_lpc1700.o
 .debug_info    0x00000000000021c3      0x580 Clocks 1768 CTL ARM RAM Debug/ctl_mbed_nxp_lpc1768.o
 .debug_info    0x0000000000002743      0x30b Clocks 1768 CTL ARM RAM Debug/system_LPC17xx.o
 .debug_info    0x0000000000002a4e       0x36 /Users/jayalcock/Library/Rowley Associates Limited/CrossWorks for ARM/v4/packages/targets/LPC1000/lib/liblpc1000_v7m_t_le_eabi.a(liblpc1000_lpc17xx_get_cclk.o)

.debug_abbrev   0x0000000000000000      0x91f
 .debug_abbrev  0x0000000000000000      0x248 Clocks 1768 CTL ARM RAM Debug/main_ctl.o
 .debug_abbrev  0x0000000000000248       0x12 Clocks 1768 CTL ARM RAM Debug/thumb_crt0.o
 .debug_abbrev  0x000000000000025a       0x14 Clocks 1768 CTL ARM RAM Debug/LPC1700_Startup.o
 .debug_abbrev  0x000000000000026e      0x364 Clocks 1768 CTL ARM RAM Debug/ctl_lpc1700.o
 .debug_abbrev  0x00000000000005d2      0x235 Clocks 1768 CTL ARM RAM Debug/ctl_mbed_nxp_lpc1768.o
 .debug_abbrev  0x0000000000000807       0xf0 Clocks 1768 CTL ARM RAM Debug/system_LPC17xx.o
 .debug_abbrev  0x00000000000008f7       0x28 /Users/jayalcock/Library/Rowley Associates Limited/CrossWorks for ARM/v4/packages/targets/LPC1000/lib/liblpc1000_v7m_t_le_eabi.a(liblpc1000_lpc17xx_get_cclk.o)

.debug_pubnames
                0x0000000000000000      0xd5e
 .debug_pubnames
                0x0000000000000000      0x1fe Clocks 1768 CTL ARM RAM Debug/main_ctl.o
 .debug_pubnames
                0x00000000000001fe      0x5cb Clocks 1768 CTL ARM RAM Debug/ctl_lpc1700.o
 .debug_pubnames
                0x00000000000007c9      0x546 Clocks 1768 CTL ARM RAM Debug/ctl_mbed_nxp_lpc1768.o
 .debug_pubnames
                0x0000000000000d0f       0x4f Clocks 1768 CTL ARM RAM Debug/system_LPC17xx.o

.debug_pubtypes
                0x0000000000000000      0x8d8
 .debug_pubtypes
                0x0000000000000000      0x235 Clocks 1768 CTL ARM RAM Debug/main_ctl.o
 .debug_pubtypes
                0x0000000000000235      0x4a6 Clocks 1768 CTL ARM RAM Debug/ctl_lpc1700.o
 .debug_pubtypes
                0x00000000000006db      0x132 Clocks 1768 CTL ARM RAM Debug/ctl_mbed_nxp_lpc1768.o
 .debug_pubtypes
                0x000000000000080d       0xcb Clocks 1768 CTL ARM RAM Debug/system_LPC17xx.o

.debug_aranges  0x0000000000000000      0x1d0
 .debug_aranges
                0x0000000000000000       0x30 Clocks 1768 CTL ARM RAM Debug/main_ctl.o
 .debug_aranges
                0x0000000000000030       0x88 Clocks 1768 CTL ARM RAM Debug/thumb_crt0.o
 .debug_aranges
                0x00000000000000b8       0x20 Clocks 1768 CTL ARM RAM Debug/LPC1700_Startup.o
 .debug_aranges
                0x00000000000000d8       0x78 Clocks 1768 CTL ARM RAM Debug/ctl_lpc1700.o
 .debug_aranges
                0x0000000000000150       0x38 Clocks 1768 CTL ARM RAM Debug/ctl_mbed_nxp_lpc1768.o
 .debug_aranges
                0x0000000000000188       0x28 Clocks 1768 CTL ARM RAM Debug/system_LPC17xx.o
 .debug_aranges
                0x00000000000001b0       0x20 /Users/jayalcock/Library/Rowley Associates Limited/CrossWorks for ARM/v4/packages/targets/LPC1000/lib/liblpc1000_v7m_t_le_eabi.a(liblpc1000_lpc17xx_get_cclk.o)

.debug_ranges   0x0000000000000000      0x158
 .debug_ranges  0x0000000000000000       0x20 Clocks 1768 CTL ARM RAM Debug/main_ctl.o
 .debug_ranges  0x0000000000000020       0x80 Clocks 1768 CTL ARM RAM Debug/thumb_crt0.o
 .debug_ranges  0x00000000000000a0       0x68 Clocks 1768 CTL ARM RAM Debug/ctl_lpc1700.o
 .debug_ranges  0x0000000000000108       0x28 Clocks 1768 CTL ARM RAM Debug/ctl_mbed_nxp_lpc1768.o
 .debug_ranges  0x0000000000000130       0x18 Clocks 1768 CTL ARM RAM Debug/system_LPC17xx.o
 .debug_ranges  0x0000000000000148       0x10 /Users/jayalcock/Library/Rowley Associates Limited/CrossWorks for ARM/v4/packages/targets/LPC1000/lib/liblpc1000_v7m_t_le_eabi.a(liblpc1000_lpc17xx_get_cclk.o)

.debug_macro    0x0000000000000000    0x1ba93
 .debug_macro   0x0000000000000000       0x98 Clocks 1768 CTL ARM RAM Debug/main_ctl.o
 .debug_macro   0x0000000000000098      0xae4 Clocks 1768 CTL ARM RAM Debug/main_ctl.o
 .debug_macro   0x0000000000000b7c       0x89 Clocks 1768 CTL ARM RAM Debug/main_ctl.o
 .debug_macro   0x0000000000000c05       0x10 Clocks 1768 CTL ARM RAM Debug/main_ctl.o
 .debug_macro   0x0000000000000c15       0x11 Clocks 1768 CTL ARM RAM Debug/main_ctl.o
 .debug_macro   0x0000000000000c26       0x28 Clocks 1768 CTL ARM RAM Debug/main_ctl.o
 .debug_macro   0x0000000000000c4e       0x1c Clocks 1768 CTL ARM RAM Debug/main_ctl.o
 .debug_macro   0x0000000000000c6a       0x3a Clocks 1768 CTL ARM RAM Debug/main_ctl.o
 .debug_macro   0x0000000000000ca4      0x18d Clocks 1768 CTL ARM RAM Debug/main_ctl.o
 .debug_macro   0x0000000000000e31       0x2d Clocks 1768 CTL ARM RAM Debug/main_ctl.o
 .debug_macro   0x0000000000000e5e      0xbb1 Clocks 1768 CTL ARM RAM Debug/main_ctl.o
 .debug_macro   0x0000000000001a0f      0x2c7 Clocks 1768 CTL ARM RAM Debug/main_ctl.o
 .debug_macro   0x0000000000001cd6       0xcc Clocks 1768 CTL ARM RAM Debug/ctl_lpc1700.o
 .debug_macro   0x0000000000001da2      0x214 Clocks 1768 CTL ARM RAM Debug/ctl_lpc1700.o
 .debug_macro   0x0000000000001fb6    0x197a7 Clocks 1768 CTL ARM RAM Debug/ctl_lpc1700.o
 .debug_macro   0x000000000001b75d       0x2e Clocks 1768 CTL ARM RAM Debug/ctl_lpc1700.o
 .debug_macro   0x000000000001b78b       0x10 Clocks 1768 CTL ARM RAM Debug/ctl_lpc1700.o
 .debug_macro   0x000000000001b79b       0xe3 Clocks 1768 CTL ARM RAM Debug/ctl_lpc1700.o
 .debug_macro   0x000000000001b87e       0x7d Clocks 1768 CTL ARM RAM Debug/ctl_lpc1700.o
 .debug_macro   0x000000000001b8fb       0x8d Clocks 1768 CTL ARM RAM Debug/ctl_mbed_nxp_lpc1768.o
 .debug_macro   0x000000000001b988      0x10b Clocks 1768 CTL ARM RAM Debug/system_LPC17xx.o

.debug_line     0x0000000000000000     0x13c1
 .debug_line    0x0000000000000000      0x2bd Clocks 1768 CTL ARM RAM Debug/main_ctl.o
 .debug_line    0x00000000000002bd      0x1e3 Clocks 1768 CTL ARM RAM Debug/thumb_crt0.o
 .debug_line    0x00000000000004a0       0xdd Clocks 1768 CTL ARM RAM Debug/LPC1700_Startup.o
 .debug_line    0x000000000000057d      0x62c Clocks 1768 CTL ARM RAM Debug/ctl_lpc1700.o
 .debug_line    0x0000000000000ba9      0x41c Clocks 1768 CTL ARM RAM Debug/ctl_mbed_nxp_lpc1768.o
 .debug_line    0x0000000000000fc5      0x364 Clocks 1768 CTL ARM RAM Debug/system_LPC17xx.o
 .debug_line    0x0000000000001329       0x98 /Users/jayalcock/Library/Rowley Associates Limited/CrossWorks for ARM/v4/packages/targets/LPC1000/lib/liblpc1000_v7m_t_le_eabi.a(liblpc1000_lpc17xx_get_cclk.o)

.debug_str      0x0000000000000000    0x81a38
 .debug_str     0x0000000000000000     0x9929 Clocks 1768 CTL ARM RAM Debug/main_ctl.o
                                       0x9aa0 (size before relaxing)
 .debug_str     0x0000000000009929       0xaf Clocks 1768 CTL ARM RAM Debug/thumb_crt0.o
 .debug_str     0x00000000000099d8       0x74 Clocks 1768 CTL ARM RAM Debug/LPC1700_Startup.o
                                         0xea (size before relaxing)
 .debug_str     0x0000000000009a4c    0x779d9 Clocks 1768 CTL ARM RAM Debug/ctl_lpc1700.o
                                      0x81280 (size before relaxing)
 .debug_str     0x0000000000081425      0x107 Clocks 1768 CTL ARM RAM Debug/ctl_mbed_nxp_lpc1768.o
                                      0x7fadf (size before relaxing)
 .debug_str     0x000000000008152c      0x42f Clocks 1768 CTL ARM RAM Debug/system_LPC17xx.o
                                       0x9079 (size before relaxing)
 .debug_str     0x000000000008195b       0xdd /Users/jayalcock/Library/Rowley Associates Limited/CrossWorks for ARM/v4/packages/targets/LPC1000/lib/liblpc1000_v7m_t_le_eabi.a(liblpc1000_lpc17xx_get_cclk.o)

.comment        0x0000000000000000       0xb5
 .comment       0x0000000000000000       0x24 Clocks 1768 CTL ARM RAM Debug/main_ctl.o
                                         0x25 (size before relaxing)
 .comment       0x0000000000000024       0x25 Clocks 1768 CTL ARM RAM Debug/ctl_lpc1700.o
 .comment       0x0000000000000024       0x25 Clocks 1768 CTL ARM RAM Debug/ctl_mbed_nxp_lpc1768.o
 .comment       0x0000000000000024       0x25 Clocks 1768 CTL ARM RAM Debug/system_LPC17xx.o
 .comment       0x0000000000000024       0x4e /Users/jayalcock/Library/Rowley Associates Limited/CrossWorks for ARM/v4/packages/targets/LPC1000/lib/liblpc1000_v7m_t_le_eabi.a(liblpc1000_lpc17xx_get_cclk.o)
                                         0x4f (size before relaxing)
 .comment       0x0000000000000072       0x43 /Users/jayalcock/Library/Rowley Associates Limited/CrossWorks for ARM/v4/packages/libraries/libctl/lib/libctl_v7m_t_le_eabi.a(ctl_unity.o)
                                         0x44 (size before relaxing)

.ARM.attributes
                0x0000000000000000       0x31
 .ARM.attributes
                0x0000000000000000       0x33 Clocks 1768 CTL ARM RAM Debug/main_ctl.o
 .ARM.attributes
                0x0000000000000033       0x21 Clocks 1768 CTL ARM RAM Debug/thumb_crt0.o
 .ARM.attributes
                0x0000000000000054       0x21 Clocks 1768 CTL ARM RAM Debug/LPC1700_Startup.o
 .ARM.attributes
                0x0000000000000075       0x33 Clocks 1768 CTL ARM RAM Debug/ctl_lpc1700.o
 .ARM.attributes
                0x00000000000000a8       0x33 Clocks 1768 CTL ARM RAM Debug/ctl_mbed_nxp_lpc1768.o
 .ARM.attributes
                0x00000000000000db       0x33 Clocks 1768 CTL ARM RAM Debug/system_LPC17xx.o
 .ARM.attributes
                0x000000000000010e       0x2d /Users/jayalcock/Library/Rowley Associates Limited/CrossWorks for ARM/v4/packages/targets/LPC1000/lib/liblpc1000_v7m_t_le_eabi.a(liblpc1000_lpc17xx_get_cclk.o)
 .ARM.attributes
                0x000000000000013b       0x2d /Users/jayalcock/Library/Rowley Associates Limited/CrossWorks for ARM/v4/packages/libraries/libctl/lib/libctl_v7m_t_le_eabi.a(ctl_unity.o)
 .ARM.attributes
                0x0000000000000168       0x1b /Users/jayalcock/Library/Rowley Associates Limited/CrossWorks for ARM/v4/packages/libraries/libctl/lib/libctl_v7m_t_le_eabi.a(ctl_cm3.o)
 .ARM.attributes
                0x0000000000000183       0x1b /Applications/CrossWorks for ARM 4.7/lib/libc_v7m_t_le_eabi.a(libc2_asm.o)
