Archive member included to satisfy reference by file (symbol)

/Users/jayalcock/Library/Rowley Associates Limited/CrossWorks for ARM/v4/packages/libraries/libctl/lib/libctl_v7m_t_le_eabi.a(ctl_unity.o)
                              Clocks 1768 CTL THUMB Flash Debug/main_ctl.o (ctl_task_init)
/Users/jayalcock/Library/Rowley Associates Limited/CrossWorks for ARM/v4/packages/libraries/libctl/lib/libctl_v7m_t_le_eabi.a(ctl_cm3.o)
                              /Users/jayalcock/Library/Rowley Associates Limited/CrossWorks for ARM/v4/packages/libraries/libctl/lib/libctl_v7m_t_le_eabi.a(ctl_unity.o) (ctl_private_init_registers)
/Users/jayalcock/Library/Rowley Associates Limited/CrossWorks for ARM/v4/packages/targets/LPC1000/lib/liblpc1000_v7m_t_le_eabi.a(liblpc1000_lpc17xx_get_cclk.o)
                              Clocks 1768 CTL THUMB Flash Debug/ctl_lpc1700.o (liblpc1000_lpc17xx_get_cclk)
/Applications/CrossWorks for ARM 4.8/lib/libc_v7m_t_le_eabi.a(libc2.o)
                              Clocks 1768 CTL THUMB Flash Debug/Comms.o (printf)
/Applications/CrossWorks for ARM 4.8/lib/libc_v7m_t_le_eabi.a(libc2_asm.o)
                              /Applications/CrossWorks for ARM 4.8/lib/libc_v7m_t_le_eabi.a(libc2.o) (memcpy)
/Applications/CrossWorks for ARM 4.8/lib/libc_v7m_t_le_eabi.a(libvfprintf.o)
                              (__vfprintf_float_long_long)
/Applications/CrossWorks for ARM 4.8/lib/libc_v7m_t_le_eabi.a(libvfscanf.o)
                              (__vfscanf_float_long_long_cc)
/Applications/CrossWorks for ARM 4.8/lib/libc_v7m_t_le_eabi.a(libc_asm.o)
                              /Applications/CrossWorks for ARM 4.8/lib/libc_v7m_t_le_eabi.a(libc2.o) (__aeabi_uldivmod)
/Applications/CrossWorks for ARM 4.8/lib/libdebugio_v7m_t_le_eabi.a(libdebugio.o)
                              Clocks 1768 CTL THUMB Flash Debug/thumb_crt0.o (debug_fopen)
/Applications/CrossWorks for ARM 4.8/lib/libdebugio_v7m_t_le_eabi.a(do_nv_debug_operation.o)
                              /Applications/CrossWorks for ARM 4.8/lib/libdebugio_v7m_t_le_eabi.a(libdebugio.o) (__do_nvdebug_operation)
/Applications/CrossWorks for ARM 4.8/lib/libdebugio_v7m_t_le_eabi.a(mempoll_debug_operations.o)
                              (__do_debug_operation_mempoll)
/Applications/CrossWorks for ARM 4.8/lib/libcxxabi_noexcept_v7m_t_le_eabi.a(stdlib_new_delete.o)
                              Clocks 1768 CTL THUMB Flash Debug/Comms.o (operator new(unsigned int))
/Applications/CrossWorks for ARM 4.8/lib/libcxxabi_noexcept_v7m_t_le_eabi.a(cxa_handlers.o)
                              /Applications/CrossWorks for ARM 4.8/lib/libcxxabi_noexcept_v7m_t_le_eabi.a(stdlib_new_delete.o) (std::get_new_handler())
/Applications/CrossWorks for ARM 4.8/lib/libcxxabi_noexcept_v7m_t_le_eabi.a(abort_message.o)
                              /Applications/CrossWorks for ARM 4.8/lib/libcxxabi_noexcept_v7m_t_le_eabi.a(cxa_handlers.o) (abort_message)
/Applications/CrossWorks for ARM 4.8/lib/libcxxabi_noexcept_v7m_t_le_eabi.a(cxa_default_handlers.o)
                              /Applications/CrossWorks for ARM 4.8/lib/libcxxabi_noexcept_v7m_t_le_eabi.a(cxa_handlers.o) (__cxa_unexpected_handler)
/Applications/CrossWorks for ARM 4.8/lib/libm_v7m_t_le_eabi.a(libm_asm.o)
                              /Applications/CrossWorks for ARM 4.8/lib/libc_v7m_t_le_eabi.a(libc2.o) (__aeabi_i2f)
/Applications/CrossWorks for ARM 4.8/lib/libm_v7m_t_le_eabi.a(libm2.o)
                              /Applications/CrossWorks for ARM 4.8/lib/libc_v7m_t_le_eabi.a(libvfprintf.o) (frexp)
/Applications/CrossWorks for ARM 4.8/lib/libm_v7m_t_le_eabi.a(libm2_asm.o)
                              /Applications/CrossWorks for ARM 4.8/lib/libm_v7m_t_le_eabi.a(libm2.o) (fabs)

Discarded input sections

 .text          0x0000000000000000        0x0 Clocks 1768 CTL THUMB Flash Debug/thumb_crt0.o
 .data          0x0000000000000000        0x0 Clocks 1768 CTL THUMB Flash Debug/thumb_crt0.o
 .bss           0x0000000000000000        0x0 Clocks 1768 CTL THUMB Flash Debug/thumb_crt0.o
 .text.__aeabi_read_tp
                0x0000000000000000        0x8 Clocks 1768 CTL THUMB Flash Debug/thumb_crt0.o
 .text.__assert
                0x0000000000000000        0x2 Clocks 1768 CTL THUMB Flash Debug/thumb_crt0.o
 .text.__assert_func
                0x0000000000000000        0x2 Clocks 1768 CTL THUMB Flash Debug/thumb_crt0.o
 .text.__aeabi_assert
                0x0000000000000000        0x2 Clocks 1768 CTL THUMB Flash Debug/thumb_crt0.o
 .text.__sync_synchronize
                0x0000000000000000        0x2 Clocks 1768 CTL THUMB Flash Debug/thumb_crt0.o
 .text.__getchar
                0x0000000000000000        0x4 Clocks 1768 CTL THUMB Flash Debug/thumb_crt0.o
 .text.__putchar
                0x0000000000000000        0x4 Clocks 1768 CTL THUMB Flash Debug/thumb_crt0.o
 .text.__open   0x0000000000000000        0x4 Clocks 1768 CTL THUMB Flash Debug/thumb_crt0.o
[...]
Memory Configuration

Name             Origin             Length             Attributes
UNPLACED_SECTIONS 0x0000000100000000 0x0000000000000000 xw
CM3_System_Control_Space 0x00000000e000e000 0x0000000000001000 xw
AHB_Peripherals  0x0000000050000000 0x0000000000200000 xw
APB1_Peripherals 0x0000000040080000 0x0000000000080000 xw
APB0_Peripherals 0x0000000040000000 0x0000000000080000 xw
GPIO             0x000000002009c000 0x0000000000004000 xw
AHBSRAM          0x000000002007c000 0x0000000000008000 xw
RAM              0x0000000010000000 0x0000000000008000 xw
FLASH            0x0000000000000000 0x0000000000080000 xr
*default*        0x0000000000000000 0xffffffffffffffff

Linker script and memory map

                0x0000000000000000                __do_debug_operation = __do_debug_operation_mempoll
                0x0000000000001628                __vfprintf = __vfprintf_float_long_long
                0x0000000000000000                __vfscanf = __vfscanf_float_long_long_cc
                0x00000000e000e000                __CM3_System_Control_Space_segment_start__ = 0xe000e000
                0x00000000e000f000                __CM3_System_Control_Space_segment_end__ = 0xe000f000
                0x0000000000001000                __CM3_System_Control_Space_segment_size__ = 0x1000
                0x0000000050000000                __AHB_Peripherals_segment_start__ = 0x50000000
                0x0000000050200000                __AHB_Peripherals_segment_end__ = 0x50200000
                0x0000000000200000                __AHB_Peripherals_segment_size__ = 0x200000
                0x0000000040080000                __APB1_Peripherals_segment_start__ = 0x40080000
                0x0000000040100000                __APB1_Peripherals_segment_end__ = 0x40100000
                0x0000000000080000                __APB1_Peripherals_segment_size__ = 0x80000
                0x0000000040000000                __APB0_Peripherals_segment_start__ = 0x40000000
                0x0000000040080000                __APB0_Peripherals_segment_end__ = 0x40080000
                0x0000000000080000                __APB0_Peripherals_segment_size__ = 0x80000
                0x000000002009c000                __GPIO_segment_start__ = 0x2009c000
                0x00000000200a0000                __GPIO_segment_end__ = 0x200a0000
                0x0000000000004000                __GPIO_segment_size__ = 0x4000
                0x000000002007c000                __AHBSRAM_segment_start__ = 0x2007c000
                0x0000000020084000                __AHBSRAM_segment_end__ = 0x20084000
                0x0000000000008000                __AHBSRAM_segment_size__ = 0x8000
                0x0000000010000000                __RAM_segment_start__ = 0x10000000
                0x0000000010008000                __RAM_segment_end__ = 0x10008000
                0x0000000000008000                __RAM_segment_size__ = 0x8000
                0x0000000000000000                __FLASH_segment_start__ = 0x0
                0x0000000000080000                __FLASH_segment_end__ = 0x80000
                0x0000000000080000                __FLASH_segment_size__ = 0x80000
                0x0000000000000080                __HEAPSIZE__ = 0x80
                0x0000000000000000                __STACKSIZE_ABT__ = 0x0
                0x0000000000000000                __STACKSIZE_FIQ__ = 0x0
                0x0000000000000000                __STACKSIZE_IRQ__ = 0x0
                0x0000000000000100                __STACKSIZE_PROCESS__ = 0x100
                0x0000000000000000                __STACKSIZE_SVC__ = 0x0
                0x0000000000000000                __STACKSIZE_UND__ = 0x0
                0x0000000000000100                __STACKSIZE__ = 0x100
                0x0000000010000000                __vectors_ram_load_start__ = ALIGN (__RAM_segment_start__, 0x100)

.vectors_ram    0x0000000010000000        0x0
                0x0000000010000000                __vectors_ram_start__ = .
 *(.vectors_ram .vectors_ram.*)
                0x0000000010000000                __vectors_ram_end__ = (__vectors_ram_start__ + SIZEOF (.vectors_ram))
                0x0000000000000000                __vectors_ram_size__ = SIZEOF (.vectors_ram)
                0x0000000010000000                __vectors_ram_load_end__ = __vectors_ram_end__
                0x0000000000000001                . = ASSERT (((__vectors_ram_start__ == __vectors_ram_end__) || ((__vectors_ram_end__ - __RAM_segment_start__) <= __RAM_segment_size__)), error: .vectors_ram is too large to fit in RAM memory segment)
                0x0000000000000000                __vectors_load_start__ = ALIGN (__FLASH_segment_start__, 0x100)

.vectors        0x0000000000000000       0xcc
                0x0000000000000000                __vectors_start__ = .
 *(.vectors .vectors.*)
 .vectors       0x0000000000000000       0xcc Clocks 1768 CTL THUMB Flash Debug/LPC1700_Startup.o
                0x0000000000000000                _vectors
                0x00000000000000cc                __vectors_end__ = (__vectors_start__ + SIZEOF (.vectors))
                0x00000000000000cc                __vectors_size__ = SIZEOF (.vectors)
                0x00000000000000cc                __vectors_load_end__ = __vectors_end__
                0x0000000000000001                . = ASSERT (((__vectors_start__ == __vectors_end__) || ((__vectors_end__ - __FLASH_segment_start__) <= __FLASH_segment_size__)), error: .vectors is too large to fit in FLASH memory segment)
                0x00000000000000cc                __init_load_start__ = ALIGN (__vectors_end__, 0x4)

.init           0x00000000000000cc      0x1d0
                0x00000000000000cc                __init_start__ = .
 *(.init .init.*)
 .init          0x00000000000000cc      0x154 Clocks 1768 CTL THUMB Flash Debug/thumb_crt0.o
                0x00000000000000cc                _start
                0x000000000000017c                exit
 .init          0x0000000000000220       0x7c Clocks 1768 CTL THUMB Flash Debug/LPC1700_Startup.o
                0x0000000000000220                reset_handler
                0x0000000000000232                NMI_Handler
                0x0000000000000234                HardFault_Handler
                0x0000000000000236                MemManage_Handler
                0x0000000000000238                BusFault_Handler
                0x000000000000023a                UsageFault_Handler
                0x000000000000023c                SVC_Handler
                0x000000000000023e                DebugMon_Handler
                0x0000000000000244                WDT_IRQHandler
                0x0000000000000246                TIMER0_IRQHandler
                0x0000000000000248                TIMER1_IRQHandler
                0x000000000000024a                TIMER2_IRQHandler
                0x000000000000024c                TIMER3_IRQHandler
                0x0000000000000250                UART1_IRQHandler
                0x0000000000000252                UART2_IRQHandler
                0x0000000000000254                UART3_IRQHandler
                0x0000000000000256                PWM1_IRQHandler
                0x0000000000000258                I2C0_IRQHandler
                0x000000000000025a                I2C1_IRQHandler
                0x000000000000025c                I2C2_IRQHandler
                0x000000000000025e                SPI_IRQHandler
                0x0000000000000260                SSP0_IRQHandler
                0x0000000000000262                SSP1_IRQHandler
                0x0000000000000264                PLL0_IRQHandler
                0x0000000000000266                RTC_IRQHandler
                0x0000000000000268                EINT0_IRQHandler
                0x000000000000026a                EINT1_IRQHandler
                0x000000000000026c                EINT2_IRQHandler
                0x0000000000000270                ADC_IRQHandler
                0x0000000000000272                BOD_IRQHandler
                0x0000000000000274                USB_IRQHandler
                0x0000000000000276                CAN_IRQHandler
                0x0000000000000278                GPDMA_IRQHandler
                0x000000000000027a                I2S_IRQHandler
                0x000000000000027c                ENET_IRQHandler
                0x000000000000027e                RIT_IRQHandler
                0x0000000000000280                MCPWM_IRQHandler
                0x0000000000000282                QEI_IRQHandler
                0x0000000000000284                PLL1_IRQHandler
                0x0000000000000286                USBACT_IRQHandler
                0x0000000000000288                CANACT_IRQHandler
                0x000000000000028a                reset_wait
                0x000000000000029c                __init_end__ = (__init_start__ + SIZEOF (.init))
                0x00000000000001d0                __init_size__ = SIZEOF (.init)
                0x000000000000029c                __init_load_end__ = __init_end__
                0x0000000000000001                . = ASSERT (((__init_start__ == __init_end__) || ((__init_end__ - __FLASH_segment_start__) <= __FLASH_segment_size__)), error: .init is too large to fit in FLASH memory segment)
                0x000000000000029c                __text_load_start__ = ALIGN (__init_end__, 0x4)

.text           0x000000000000029c     0x313e
                0x000000000000029c                __text_start__ = .
 *(.text .text.* .glue_7t .glue_7 .gnu.linkonce.t.* .gcc_except_table .ARM.extab* .gnu.linkonce.armextab.*)
 .glue_7        0x000000000000029c        0x0 linker stubs
 .glue_7t       0x000000000000029c        0x0 linker stubs
 .text.abort    0x000000000000029c        0x2 Clocks 1768 CTL THUMB Flash Debug/thumb_crt0.o
                0x000000000000029c                abort
 *fill*         0x000000000000029e        0x2 
 .text.NVIC_SetPriority
                0x00000000000002a0       0x50 Clocks 1768 CTL THUMB Flash Debug/ctl_lpc1700.o
 .text.SysTick_Handler
                0x00000000000002f0      0x11c Clocks 1768 CTL THUMB Flash Debug/ctl_lpc1700.o
                0x00000000000002f0                SysTick_Handler
 .text.ctl_set_priority
                0x000000000000040c       0x20 Clocks 1768 CTL THUMB Flash Debug/ctl_lpc1700.o
                0x000000000000040c                ctl_set_priority
 .text.ctl_start_timer
                0x000000000000042c       0x64 Clocks 1768 CTL THUMB Flash Debug/ctl_lpc1700.o
                0x000000000000042c                ctl_start_timer
 .text.EINT3_IRQHandler
                0x0000000000000490       0xf0 Clocks 1768 CTL THUMB Flash Debug/ctl_mbed_nxp_lpc1768.o
                0x0000000000000490                EINT3_IRQHandler
 .text.SystemInit
                0x0000000000000580      0x130 Clocks 1768 CTL THUMB Flash Debug/system_LPC17xx.o
                0x0000000000000580                SystemInit
 .text._Z16myUSART_callbackj
                0x00000000000006b0       0x2c Clocks 1768 CTL THUMB Flash Debug/Comms.o
                0x00000000000006b0                myUSART_callback(unsigned int)
 .text._Z13myUART_ThreadPv
                0x00000000000006dc       0xdc Clocks 1768 CTL THUMB Flash Debug/Comms.o
                0x00000000000006dc                myUART_Thread(void*)
 .text._ZN4UARTC2EPKcS1_
                0x00000000000007b8       0x3c Clocks 1768 CTL THUMB Flash Debug/Comms.o
                0x00000000000007b8                UART::UART(char const*, char const*)
                0x00000000000007b8                UART::UART(char const*, char const*)
 .text._ZN4UART9printDataEv
                0x00000000000007f4       0x2c Clocks 1768 CTL THUMB Flash Debug/Comms.o
                0x00000000000007f4                UART::printData()
 .text.ARM_USART_GetVersion
                0x0000000000000820       0x24 Clocks 1768 CTL THUMB Flash Debug/Driver_USART.o
 .text.ARM_USART_GetCapabilities
                0x0000000000000844        0xa Clocks 1768 CTL THUMB Flash Debug/Driver_USART.o
 .text.ARM_USART_Initialize
                0x000000000000084e        0xc Clocks 1768 CTL THUMB Flash Debug/Driver_USART.o
 .text.ARM_USART_Uninitialize
                0x000000000000085a        0x6 Clocks 1768 CTL THUMB Flash Debug/Driver_USART.o
 .text.ARM_USART_PowerControl
                0x0000000000000860       0x2a Clocks 1768 CTL THUMB Flash Debug/Driver_USART.o
 .text.ARM_USART_Send
                0x000000000000088a        0xe Clocks 1768 CTL THUMB Flash Debug/Driver_USART.o
 .text.ARM_USART_Receive
                0x0000000000000898        0xe Clocks 1768 CTL THUMB Flash Debug/Driver_USART.o
 .text.ARM_USART_Transfer
                0x00000000000008a6       0x10 Clocks 1768 CTL THUMB Flash Debug/Driver_USART.o
 .text.ARM_USART_GetTxCount
                0x00000000000008b6        0x6 Clocks 1768 CTL THUMB Flash Debug/Driver_USART.o
 .text.ARM_USART_GetRxCount
                0x00000000000008bc        0x6 Clocks 1768 CTL THUMB Flash Debug/Driver_USART.o
 .text.ARM_USART_Control
                0x00000000000008c2        0xe Clocks 1768 CTL THUMB Flash Debug/Driver_USART.o
 .text.ARM_USART_GetStatus
                0x00000000000008d0        0x6 Clocks 1768 CTL THUMB Flash Debug/Driver_USART.o
 .text.ARM_USART_SetModemControl
                0x00000000000008d6       0x10 Clocks 1768 CTL THUMB Flash Debug/Driver_USART.o
 .text.ARM_USART_GetModemStatus
                0x00000000000008e6        0x6 Clocks 1768 CTL THUMB Flash Debug/Driver_USART.o
 .text._ZN4DATAC2Eb
                0x00000000000008ec       0x78 Clocks 1768 CTL THUMB Flash Debug/Functions_HL.o
                0x00000000000008ec                DATA::DATA(bool)
                0x00000000000008ec                DATA::DATA(bool)
 .text._ZN4DATA7getTimeEv
                0x0000000000000964        0xe Clocks 1768 CTL THUMB Flash Debug/Functions_HL.o
                0x0000000000000964                DATA::getTime()
 .text._ZN4DATA14NTPinterrogateEv
                0x0000000000000972       0x1c Clocks 1768 CTL THUMB Flash Debug/Functions_HL.o
                0x0000000000000972                DATA::NTPinterrogate()
 *fill*         0x000000000000098e        0x2 
 .text._ZN4DATA7setTimeEv
                0x0000000000000990       0x54 Clocks 1768 CTL THUMB Flash Debug/Functions_HL.o
                0x0000000000000990                DATA::setTime()
 .text._Z13new_task_codePv
                0x00000000000009e4       0x60 Clocks 1768 CTL THUMB Flash Debug/main_ctl.o
                0x00000000000009e4                new_task_code(void*)
 .text.ctl_handle_error
                0x0000000000000a44        0xa Clocks 1768 CTL THUMB Flash Debug/main_ctl.o
                0x0000000000000a44                ctl_handle_error
 *fill*         0x0000000000000a4e        0x2 
 .text.main     0x0000000000000a50      0x114 Clocks 1768 CTL THUMB Flash Debug/main_ctl.o
                0x0000000000000a50                main
 .text.UARTWriteChar
                0x0000000000000b64       0x30 Clocks 1768 CTL THUMB Flash Debug/uart.o
                0x0000000000000b64                UARTWriteChar
 .text.UART0_IRQHandler
                0x0000000000000b94       0x54 Clocks 1768 CTL THUMB Flash Debug/uart.o
                0x0000000000000b94                UART0_IRQHandler
 .text.__putchar
                0x0000000000000be8       0x28 Clocks 1768 CTL THUMB Flash Debug/uart.o
                0x0000000000000be8                __putchar
 .text.libctl.ctl_private_add_to_task_list
                0x0000000000000c10       0x4c /Users/jayalcock/Library/Rowley Associates Limited/CrossWorks for ARM/v4/packages/libraries/libctl/lib/libctl_v7m_t_le_eabi.a(ctl_unity.o)
                0x0000000000000c10                ctl_private_add_to_task_list
 .text.libctl.ctl_private_remove_from_task_list
                0x0000000000000c5c       0x30 /Users/jayalcock/Library/Rowley Associates Limited/CrossWorks for ARM/v4/packages/libraries/libctl/lib/libctl_v7m_t_le_eabi.a(ctl_unity.o)
                0x0000000000000c5c                ctl_private_remove_from_task_list
 .text.libctl.ctl_private_reschedule
                0x0000000000000c8c       0xb4 /Users/jayalcock/Library/Rowley Associates Limited/CrossWorks for ARM/v4/packages/libraries/libctl/lib/libctl_v7m_t_le_eabi.a(ctl_unity.o)
                0x0000000000000c8c                ctl_private_reschedule
 .text.libctl.ctl_task_init
                0x0000000000000d40       0x30 /Users/jayalcock/Library/Rowley Associates Limited/CrossWorks for ARM/v4/packages/libraries/libctl/lib/libctl_v7m_t_le_eabi.a(ctl_unity.o)
                0x0000000000000d40                ctl_task_init
 .text.libctl.ctl_task_run
                0x0000000000000d70       0x84 /Users/jayalcock/Library/Rowley Associates Limited/CrossWorks for ARM/v4/packages/libraries/libctl/lib/libctl_v7m_t_le_eabi.a(ctl_unity.o)
                0x0000000000000d70                ctl_task_run
 .text.libctl.ctl_task_die
                0x0000000000000df4       0x40 /Users/jayalcock/Library/Rowley Associates Limited/CrossWorks for ARM/v4/packages/libraries/libctl/lib/libctl_v7m_t_le_eabi.a(ctl_unity.o)
                0x0000000000000df4                ctl_task_die
 .text.libctl.ctl_task_set_priority
                0x0000000000000e34       0x4c /Users/jayalcock/Library/Rowley Associates Limited/CrossWorks for ARM/v4/packages/libraries/libctl/lib/libctl_v7m_t_le_eabi.a(ctl_unity.o)
                0x0000000000000e34                ctl_task_set_priority
 .text.libctl.ctl_timeout_wait
                0x0000000000000e80       0x44 /Users/jayalcock/Library/Rowley Associates Limited/CrossWorks for ARM/v4/packages/libraries/libctl/lib/libctl_v7m_t_le_eabi.a(ctl_unity.o)
                0x0000000000000e80                ctl_timeout_wait
 .text.libctl.ctl_increment_tick_from_isr
                0x0000000000000ec4       0x94 /Users/jayalcock/Library/Rowley Associates Limited/CrossWorks for ARM/v4/packages/libraries/libctl/lib/libctl_v7m_t_le_eabi.a(ctl_unity.o)
                0x0000000000000ec4                ctl_increment_tick_from_isr
 .text.libctl.ctl_events_init
                0x0000000000000f58       0x1e /Users/jayalcock/Library/Rowley Associates Limited/CrossWorks for ARM/v4/packages/libraries/libctl/lib/libctl_v7m_t_le_eabi.a(ctl_unity.o)
                0x0000000000000f58                ctl_events_init
 *fill*         0x0000000000000f76        0x2 
 .text.libctl.ctl_events_wait
                0x0000000000000f78       0xe4 /Users/jayalcock/Library/Rowley Associates Limited/CrossWorks for ARM/v4/packages/libraries/libctl/lib/libctl_v7m_t_le_eabi.a(ctl_unity.o)
                0x0000000000000f78                ctl_events_wait
 .text.libctl.__heap_lock
                0x000000000000105c       0x28 /Users/jayalcock/Library/Rowley Associates Limited/CrossWorks for ARM/v4/packages/libraries/libctl/lib/libctl_v7m_t_le_eabi.a(ctl_unity.o)
                0x000000000000105c                __heap_lock
 .text.libctl.__printf_lock
                0x0000000000001084       0x28 /Users/jayalcock/Library/Rowley Associates Limited/CrossWorks for ARM/v4/packages/libraries/libctl/lib/libctl_v7m_t_le_eabi.a(ctl_unity.o)
                0x0000000000001084                __printf_lock
 .text.libctl.ctl_private_events_schedule
                0x00000000000010ac       0x74 /Users/jayalcock/Library/Rowley Associates Limited/CrossWorks for ARM/v4/packages/libraries/libctl/lib/libctl_v7m_t_le_eabi.a(ctl_unity.o)
                0x00000000000010ac                ctl_private_events_schedule
 .text.libctl.ctl_events_set_clear
                0x0000000000001120       0x64 /Users/jayalcock/Library/Rowley Associates Limited/CrossWorks for ARM/v4/packages/libraries/libctl/lib/libctl_v7m_t_le_eabi.a(ctl_unity.o)
                0x0000000000001120                ctl_events_set_clear
 .text.libctl.__heap_unlock
                0x0000000000001184       0x1c /Users/jayalcock/Library/Rowley Associates Limited/CrossWorks for ARM/v4/packages/libraries/libctl/lib/libctl_v7m_t_le_eabi.a(ctl_unity.o)
                0x0000000000001184                __heap_unlock
 .text.libctl.__printf_unlock
                0x00000000000011a0       0x1c /Users/jayalcock/Library/Rowley Associates Limited/CrossWorks for ARM/v4/packages/libraries/libctl/lib/libctl_v7m_t_le_eabi.a(ctl_unity.o)
                0x00000000000011a0                __printf_unlock
 .text.libctl   0x00000000000011bc      0x134 /Users/jayalcock/Library/Rowley Associates Limited/CrossWorks for ARM/v4/packages/libraries/libctl/lib/libctl_v7m_t_le_eabi.a(ctl_cm3.o)
                0x00000000000011bc                ctl_private_get_stack_start
                0x00000000000011c0                ctl_private_get_thread_local_storage
                0x00000000000011c4                ctl_private_init_registers
                0x000000000000121e                ctl_private_init_thread_local_storage
                0x0000000000001258                __aeabi_read_tp
                0x000000000000126a                ctl_private_reschedule_from_api_call
                0x000000000000127c                PendSV
                0x000000000000127c                PendSV_ISR
                0x000000000000127c                PendSV_Handler
 .text.liblpc1000.liblpc1000_lpc17xx_get_cclk
                0x00000000000012f0       0x78 /Users/jayalcock/Library/Rowley Associates Limited/CrossWorks for ARM/v4/packages/targets/LPC1000/lib/liblpc1000_v7m_t_le_eabi.a(liblpc1000_lpc17xx_get_cclk.o)
                0x00000000000012f0                liblpc1000_get_cclk
                0x00000000000012f0                liblpc1000_lpc17xx_get_cclk
 .text.libc.__RAL_pow10
                0x0000000000001368       0x50 /Applications/CrossWorks for ARM 4.8/lib/libc_v7m_t_le_eabi.a(libc2.o)
                0x0000000000001368                __RAL_pow10
 .text.libc.__putc
                0x00000000000013b8       0x36 /Applications/CrossWorks for ARM 4.8/lib/libc_v7m_t_le_eabi.a(libc2.o)
                0x00000000000013b8                __putc
 .text.libc.__RAL_print_padding
                0x00000000000013ee       0x1c /Applications/CrossWorks for ARM 4.8/lib/libc_v7m_t_le_eabi.a(libc2.o)
                0x00000000000013ee                __RAL_print_padding
 .text.libc.__RAL_pre_padding
                0x000000000000140a       0x1a /Applications/CrossWorks for ARM 4.8/lib/libc_v7m_t_le_eabi.a(libc2.o)
                0x000000000000140a                __RAL_pre_padding
 .text.libc.abs
                0x0000000000001424        0x8 /Applications/CrossWorks for ARM 4.8/lib/libc_v7m_t_le_eabi.a(libc2.o)
                0x0000000000001424                abs
 .text.libc.__aeabi_errno_addr
                0x000000000000142c       0x14 /Applications/CrossWorks for ARM 4.8/lib/libc_v7m_t_le_eabi.a(libc2.o)
                0x000000000000142c                __aeabi_errno_addr
 .text.libc.malloc
                0x0000000000001440       0x90 /Applications/CrossWorks for ARM 4.8/lib/libc_v7m_t_le_eabi.a(libc2.o)
                0x0000000000001440                malloc
 .text.libc.printf
                0x00000000000014d0       0x40 /Applications/CrossWorks for ARM 4.8/lib/libc_v7m_t_le_eabi.a(libc2.o)
                0x00000000000014d0                printf
 .text.libc.sprintf
                0x0000000000001510       0x2a /Applications/CrossWorks for ARM 4.8/lib/libc_v7m_t_le_eabi.a(libc2.o)
                0x0000000000001510                sprintf
 .text.libc.strnlen
                0x000000000000153a       0x22 /Applications/CrossWorks for ARM 4.8/lib/libc_v7m_t_le_eabi.a(libc2.o)
                0x000000000000153a                strnlen
 .text.libc.memset
                0x000000000000155c       0x66 /Applications/CrossWorks for ARM 4.8/lib/libc_v7m_t_le_eabi.a(libc2_asm.o)
                0x000000000000155c                memset
 .text.libc.strlen
                0x00000000000015c2       0x60 /Applications/CrossWorks for ARM 4.8/lib/libc_v7m_t_le_eabi.a(libc2_asm.o)
                0x00000000000015c2                strlen
 *fill*         0x0000000000001622        0x6 
 .text.libc.__vfprintf_float_long_long
                0x0000000000001628     0x10a4 /Applications/CrossWorks for ARM 4.8/lib/libc_v7m_t_le_eabi.a(libvfprintf.o)
                0x0000000000001628                __vfprintf_float_long_long
 .text.libc.__int64_udivmod
                0x00000000000026cc       0xce /Applications/CrossWorks for ARM 4.8/lib/libc_v7m_t_le_eabi.a(libc_asm.o)
                0x00000000000026cc                __int64_udivmod
                0x00000000000026cc                __aeabi_uldivmod
                0x00000000000026cc                __int64_udiv
                0x00000000000026cc                __udivdi3
 .text.libcxxabi._Znwj
                0x000000000000279a       0x24 /Applications/CrossWorks for ARM 4.8/lib/libcxxabi_noexcept_v7m_t_le_eabi.a(stdlib_new_delete.o)
                0x000000000000279a                operator new(unsigned int)
 *fill*         0x00000000000027be        0x2 
 .text.libcxxabi._ZSt13get_terminatev
                0x00000000000027c0       0x10 /Applications/CrossWorks for ARM 4.8/lib/libcxxabi_noexcept_v7m_t_le_eabi.a(cxa_handlers.o)
                0x00000000000027c0                std::get_terminate()
 .text.libcxxabi._ZSt11__terminatePFvvE
                0x00000000000027d0       0x10 /Applications/CrossWorks for ARM 4.8/lib/libcxxabi_noexcept_v7m_t_le_eabi.a(cxa_handlers.o)
                0x00000000000027d0                std::__terminate(void (*)())
 .text.libcxxabi._ZSt9terminatev
                0x00000000000027e0        0xc /Applications/CrossWorks for ARM 4.8/lib/libcxxabi_noexcept_v7m_t_le_eabi.a(cxa_handlers.o)
                0x00000000000027e0                std::terminate()
 .text.libcxxabi._ZSt15get_new_handlerv
                0x00000000000027ec       0x10 /Applications/CrossWorks for ARM 4.8/lib/libcxxabi_noexcept_v7m_t_le_eabi.a(cxa_handlers.o)
                0x00000000000027ec                std::get_new_handler()
 .text.libcxxabi.abort_message
                0x00000000000027fc       0x10 /Applications/CrossWorks for ARM 4.8/lib/libcxxabi_noexcept_v7m_t_le_eabi.a(abort_message.o)
                0x00000000000027fc                abort_message
 .text.libcxxabi._GLOBAL__sub_I___cxa_terminate_handler
                0x000000000000280c       0x20 /Applications/CrossWorks for ARM 4.8/lib/libcxxabi_noexcept_v7m_t_le_eabi.a(cxa_default_handlers.o)
 .text.libc.__int64_to_float64
                0x000000000000282c       0xa0 /Applications/CrossWorks for ARM 4.8/lib/libm_v7m_t_le_eabi.a(libm_asm.o)
                0x000000000000282c                __floatdidf
                0x000000000000282c                __int64_to_float64
                0x000000000000282c                __aeabi_l2d
                0x0000000000002850                __RAL_aeabi_l2d_common
 .text.libc.__uint64_to_float64
                0x00000000000028cc       0x14 /Applications/CrossWorks for ARM 4.8/lib/libm_v7m_t_le_eabi.a(libm_asm.o)
                0x00000000000028cc                __uint64_to_float64
                0x00000000000028cc                __aeabi_ul2d
                0x00000000000028cc                __floatundidf
 .text.libc.__float64_to_uint64
                0x00000000000028e0       0x48 /Applications/CrossWorks for ARM 4.8/lib/libm_v7m_t_le_eabi.a(libm_asm.o)
                0x00000000000028e0                __aeabi_d2ulz
                0x00000000000028e0                __fixunsdfdi
                0x00000000000028e0                __float64_to_uint64
 .text.libc.__float64_add
                0x0000000000002928      0x294 /Applications/CrossWorks for ARM 4.8/lib/libm_v7m_t_le_eabi.a(libm_asm.o)
                0x0000000000002928                __aeabi_drsub
                0x0000000000002930                __float64_sub
                0x0000000000002930                __aeabi_dsub
                0x0000000000002930                __subdf3
                0x0000000000002934                __adddf3
                0x0000000000002934                __float64_add
                0x0000000000002934                __aeabi_dadd
 .text.libc.__float64_mul
                0x0000000000002bbc      0x16c /Applications/CrossWorks for ARM 4.8/lib/libm_v7m_t_le_eabi.a(libm_asm.o)
                0x0000000000002bbc                __aeabi_dmul
                0x0000000000002bbc                __float64_mul
                0x0000000000002bbc                __muldf3
 .text.libc.__float64_div
                0x0000000000002d28      0x214 /Applications/CrossWorks for ARM 4.8/lib/libm_v7m_t_le_eabi.a(libm_asm.o)
                0x0000000000002d28                __aeabi_ddiv
                0x0000000000002d28                __divdf3
                0x0000000000002d28                __float64_div
 .text.libc.__float64_cmpeq
                0x0000000000002f3c       0x32 /Applications/CrossWorks for ARM 4.8/lib/libm_v7m_t_le_eabi.a(libm_asm.o)
                0x0000000000002f3c                __aeabi_dcmpeq
 .text.libc.__float64_cmple
                0x0000000000002f6e       0x3c /Applications/CrossWorks for ARM 4.8/lib/libm_v7m_t_le_eabi.a(libm_asm.o)
                0x0000000000002f6e                __aeabi_dcmple
 .text.libc.__float64_cmpge
                0x0000000000002faa       0x3c /Applications/CrossWorks for ARM 4.8/lib/libm_v7m_t_le_eabi.a(libm_asm.o)
                0x0000000000002faa                __aeabi_dcmpge
 .text.libc.__float64_cmplt
                0x0000000000002fe6       0x38 /Applications/CrossWorks for ARM 4.8/lib/libm_v7m_t_le_eabi.a(libm_asm.o)
                0x0000000000002fe6                __aeabi_dcmplt
 .text.libc.__float64_cmpgt
                0x000000000000301e       0x38 /Applications/CrossWorks for ARM 4.8/lib/libm_v7m_t_le_eabi.a(libm_asm.o)
                0x000000000000301e                __aeabi_dcmpgt
 .text.libc.__float64_signbit
                0x0000000000003056        0x6 /Applications/CrossWorks for ARM 4.8/lib/libm_v7m_t_le_eabi.a(libm_asm.o)
                0x0000000000003056                __float64_signbit
 .text.libc.__float64_isinf
                0x000000000000305c       0x10 /Applications/CrossWorks for ARM 4.8/lib/libm_v7m_t_le_eabi.a(libm_asm.o)
                0x000000000000305c                __float64_isinf
 .text.libc.__float64_isnan
                0x000000000000306c       0x10 /Applications/CrossWorks for ARM 4.8/lib/libm_v7m_t_le_eabi.a(libm_asm.o)
                0x000000000000306c                __float64_isnan
 .text.libc.frexp
                0x000000000000307c       0x48 /Applications/CrossWorks for ARM 4.8/lib/libm_v7m_t_le_eabi.a(libm2.o)
                0x000000000000307c                frexp(double, int*)
                0x000000000000307c                frexpl(long double, int*)
                0x000000000000307c                frexpl
                0x000000000000307c                frexp
 .text.libc.ldexp
                0x00000000000030c4       0x68 /Applications/CrossWorks for ARM 4.8/lib/libm_v7m_t_le_eabi.a(libm2.o)
                0x00000000000030c4                ldexp(double, int)
                0x00000000000030c4                ldexpl(long double, int)
                0x00000000000030c4                ldexp
                0x00000000000030c4                ldexpl
 .text.libc.modf
                0x000000000000312c       0xa0 /Applications/CrossWorks for ARM 4.8/lib/libm_v7m_t_le_eabi.a(libm2.o)
                0x000000000000312c                modfl
                0x000000000000312c                modf
                0x000000000000312c                modf(double, double*)
                0x000000000000312c                modfl(long double, long double*)
 .text.libc.floor
                0x00000000000031cc       0x9c /Applications/CrossWorks for ARM 4.8/lib/libm_v7m_t_le_eabi.a(libm2.o)
                0x00000000000031cc                floor
                0x00000000000031cc                floorl
                0x00000000000031cc                floorl(long double)
                0x00000000000031cc                floor(double)
 .text.libc.fmod
                0x0000000000003268      0x16c /Applications/CrossWorks for ARM 4.8/lib/libm_v7m_t_le_eabi.a(libm2.o)
                0x0000000000003268                fmod(double, double)
                0x0000000000003268                fmod
                0x0000000000003268                fmodl
                0x0000000000003268                fmodl(long double, long double)
 .text.libc.fabs
                0x00000000000033d4        0x6 /Applications/CrossWorks for ARM 4.8/lib/libm_v7m_t_le_eabi.a(libm2_asm.o)
                0x00000000000033d4                fabs
                0x00000000000033d4                fabsl
                0x00000000000033d4                fabs(double)
                0x00000000000033d4                fabsl(long double)
                0x00000000000033da                __text_end__ = (__text_start__ + SIZEOF (.text))
                0x000000000000313e                __text_size__ = SIZEOF (.text)
                0x00000000000033da                __text_load_end__ = __text_end__

.vfp11_veneer   0x0000000100000000        0x0
 .vfp11_veneer  0x0000000100000000        0x0 linker stubs

.v4_bx          0x0000000100000000        0x0
 .v4_bx         0x0000000100000000        0x0 linker stubs

.iplt           0x0000000100000000        0x0
 .iplt          0x0000000100000000        0x0 Clocks 1768 CTL THUMB Flash Debug/thumb_crt0.o
                0x0000000000000001                . = ASSERT (((__text_start__ == __text_end__) || ((__text_end__ - __FLASH_segment_start__) <= __FLASH_segment_size__)), error: .text is too large to fit in FLASH memory segment)
                0x00000000000033dc                __dtors_load_start__ = ALIGN (__text_end__, 0x4)

.dtors          0x00000000000033dc        0x0
                0x00000000000033dc                __dtors_start__ = .
 *(SORT_BY_NAME(.dtors.*))
 *(.dtors)
 *(.fini_array)
 *(SORT_BY_NAME(.fini_array.*))
                0x00000000000033dc                __dtors_end__ = (__dtors_start__ + SIZEOF (.dtors))
                0x0000000000000000                __dtors_size__ = SIZEOF (.dtors)
                0x00000000000033dc                __dtors_load_end__ = __dtors_end__
                0x0000000000000001                . = ASSERT (((__dtors_start__ == __dtors_end__) || ((__dtors_end__ - __FLASH_segment_start__) <= __FLASH_segment_size__)), error: .dtors is too large to fit in FLASH memory segment)
                0x00000000000033dc                __ctors_load_start__ = ALIGN (__dtors_end__, 0x4)

.ctors          0x00000000000033dc        0x4
                0x00000000000033dc                __ctors_start__ = .
 *(SORT_BY_NAME(.ctors.*))
 *(.ctors)
 *(.init_array)
 .init_array    0x00000000000033dc        0x4 /Applications/CrossWorks for ARM 4.8/lib/libcxxabi_noexcept_v7m_t_le_eabi.a(cxa_default_handlers.o)
 *(SORT_BY_NAME(.init_array.*))
                0x00000000000033e0                __ctors_end__ = (__ctors_start__ + SIZEOF (.ctors))
                0x0000000000000004                __ctors_size__ = SIZEOF (.ctors)
                0x00000000000033e0                __ctors_load_end__ = __ctors_end__
                0x0000000000000001                . = ASSERT (((__ctors_start__ == __ctors_end__) || ((__ctors_end__ - __FLASH_segment_start__) <= __FLASH_segment_size__)), error: .ctors is too large to fit in FLASH memory segment)
                0x00000000000033e0                __rodata_load_start__ = ALIGN (__ctors_end__, 0x4)

.rodata         0x00000000000033e0      0x218
                0x00000000000033e0                __rodata_start__ = .
 *(.rodata .rodata.* .gnu.linkonce.r.*)
 .rodata        0x00000000000033e0       0x38 Clocks 1768 CTL THUMB Flash Debug/Comms.o
 .rodata.DriverVersion
                0x0000000000003418        0x4 Clocks 1768 CTL THUMB Flash Debug/Driver_USART.o
 .rodata.Driver_USART0
                0x000000000000341c       0x38 Clocks 1768 CTL THUMB Flash Debug/Driver_USART.o
                0x000000000000341c                Driver_USART0
 .rodata        0x0000000000003454        0xa Clocks 1768 CTL THUMB Flash Debug/Functions_HL.o
 *fill*         0x000000000000345e        0x2 
 .rodata        0x0000000000003460       0x2d Clocks 1768 CTL THUMB Flash Debug/main_ctl.o
 *fill*         0x000000000000348d        0x3 
 .rodata.libc.__RAL_hex_lc
                0x0000000000003490       0x10 /Applications/CrossWorks for ARM 4.8/lib/libc_v7m_t_le_eabi.a(libc2.o)
                0x0000000000003490                __RAL_hex_lc
 .rodata.libc.__RAL_hex_uc
                0x00000000000034a0       0x10 /Applications/CrossWorks for ARM 4.8/lib/libc_v7m_t_le_eabi.a(libc2.o)
                0x00000000000034a0                __RAL_hex_uc
 .rodata.libc.__aeabi_EDOM
                0x00000000000034b0        0x4 /Applications/CrossWorks for ARM 4.8/lib/libc_v7m_t_le_eabi.a(libc2.o)
                0x00000000000034b0                __aeabi_EDOM
 .rodata.libc.__aeabi_ERANGE
                0x00000000000034b4        0x4 /Applications/CrossWorks for ARM 4.8/lib/libc_v7m_t_le_eabi.a(libc2.o)
                0x00000000000034b4                __aeabi_ERANGE
 .rodata.libc.power
                0x00000000000034b8       0x48 /Applications/CrossWorks for ARM 4.8/lib/libc_v7m_t_le_eabi.a(libc2.o)
 .rodata.libc.__vfprintf_int.str1.4
                0x0000000000003500        0x7 /Applications/CrossWorks for ARM 4.8/lib/libc_v7m_t_le_eabi.a(libvfprintf.o)
 *fill*         0x0000000000003507        0x1 
 .rodata.libc.__vfprintf_float_long.str1.4
                0x0000000000003508       0x28 /Applications/CrossWorks for ARM 4.8/lib/libc_v7m_t_le_eabi.a(libvfprintf.o)
 .rodata.libc.ipow10
                0x0000000000003530       0xa0 /Applications/CrossWorks for ARM 4.8/lib/libc_v7m_t_le_eabi.a(libvfprintf.o)
 .rodata.libcxxabi._ZSt11__terminatePFvvE.str1.4
                0x00000000000035d0       0x28 /Applications/CrossWorks for ARM 4.8/lib/libcxxabi_noexcept_v7m_t_le_eabi.a(cxa_handlers.o)
                0x00000000000035f8                __rodata_end__ = (__rodata_start__ + SIZEOF (.rodata))
                0x0000000000000218                __rodata_size__ = SIZEOF (.rodata)
                0x00000000000035f8                __rodata_load_end__ = __rodata_end__

.rel.dyn        0x0000000000000000        0x0
 .rel.iplt      0x0000000000000000        0x0 Clocks 1768 CTL THUMB Flash Debug/thumb_crt0.o
                0x0000000000000001                . = ASSERT (((__rodata_start__ == __rodata_end__) || ((__rodata_end__ - __FLASH_segment_start__) <= __FLASH_segment_size__)), error: .rodata is too large to fit in FLASH memory segment)
                0x00000000000035f8                __constdata_load_start__ = ALIGN (__rodata_end__, 0x4)

.constdata      0x00000000000035f8        0x0
                0x00000000000035f8                __constdata_start__ = .
 *(.constdata .constdata.*)
                0x00000000000035f8                __constdata_end__ = (__constdata_start__ + SIZEOF (.constdata))
                0x0000000000000000                __constdata_size__ = SIZEOF (.constdata)
                0x00000000000035f8                __constdata_load_end__ = __constdata_end__
                0x0000000000000001                . = ASSERT (((__constdata_start__ == __constdata_end__) || ((__constdata_end__ - __FLASH_segment_start__) <= __FLASH_segment_size__)), error: .constdata is too large to fit in FLASH memory segment)
                0x00000000000035f8                __ARM.exidx_load_start__ = ALIGN (__constdata_end__, 0x4)

.ARM.exidx      0x00000000000035f8        0x0
                0x00000000000035f8                __ARM.exidx_start__ = .
                0x00000000000035f8                __exidx_start = __ARM.exidx_start__
 *(.ARM.exidx .ARM.exidx.*)
                0x00000000000035f8                __ARM.exidx_end__ = (__ARM.exidx_start__ + SIZEOF (.ARM.exidx))
                0x0000000000000000                __ARM.exidx_size__ = SIZEOF (.ARM.exidx)
                0x00000000000035f8                __exidx_end = __ARM.exidx_end__
                0x00000000000035f8                __ARM.exidx_load_end__ = __ARM.exidx_end__
                0x0000000000000001                . = ASSERT (((__ARM.exidx_start__ == __ARM.exidx_end__) || ((__ARM.exidx_end__ - __FLASH_segment_start__) <= __FLASH_segment_size__)), error: .ARM.exidx is too large to fit in FLASH memory segment)
                0x00000000000035f8                __fast_load_start__ = ALIGN (__ARM.exidx_end__, 0x4)

.fast           0x0000000010000000        0x0 load address 0x00000000000035f8
                0x0000000010000000                __fast_start__ = .
 *(.fast .fast.*)
                0x0000000010000000                __fast_end__ = (__fast_start__ + SIZEOF (.fast))
                0x0000000000000000                __fast_size__ = SIZEOF (.fast)
                0x00000000000035f8                __fast_load_end__ = (__fast_load_start__ + SIZEOF (.fast))
                0x0000000000000001                . = ASSERT (((__fast_load_start__ == __fast_load_end__) || ((__fast_load_end__ - __FLASH_segment_start__) <= __FLASH_segment_size__)), error: .fast is too large to fit in FLASH memory segment)

.fast_run       0x0000000010000000        0x0
                0x0000000010000000                __fast_run_start__ = .
                0x0000000010000000                . = MAX ((__fast_run_start__ + SIZEOF (.fast)), .)
                0x0000000010000000                __fast_run_end__ = (__fast_run_start__ + SIZEOF (.fast_run))
                0x0000000000000000                __fast_run_size__ = SIZEOF (.fast_run)
                0x0000000010000000                __fast_run_load_end__ = __fast_run_end__
                0x0000000000000001                . = ASSERT (((__fast_run_start__ == __fast_run_end__) || ((__fast_run_end__ - __RAM_segment_start__) <= __RAM_segment_size__)), error: .fast_run is too large to fit in RAM memory segment)
                0x00000000000035f8                __data_load_start__ = ALIGN ((__fast_load_start__ + SIZEOF (.fast)), 0x4)

.data           0x0000000010000000       0x1c load address 0x00000000000035f8
                0x0000000010000000                __data_start__ = .
 *(.data .data.* .gnu.linkonce.d.*)
 .data._ZZ13myUART_ThreadPvE8USARTdrv
                0x0000000010000000        0x4 Clocks 1768 CTL THUMB Flash Debug/Comms.o
 .data.SSID     0x0000000010000004        0x4 Clocks 1768 CTL THUMB Flash Debug/main_ctl.o
                0x0000000010000004                SSID
 .data.PASSWORD
                0x0000000010000008        0x4 Clocks 1768 CTL THUMB Flash Debug/main_ctl.o
                0x0000000010000008                PASSWORD
 .data.libctl.ctl_libc_mutex
                0x000000001000000c        0x4 /Users/jayalcock/Library/Rowley Associates Limited/CrossWorks for ARM/v4/packages/libraries/libctl/lib/libctl_v7m_t_le_eabi.a(ctl_unity.o)
                0x000000001000000c                ctl_libc_mutex
 .data.libctl.ctl_time_increment
                0x0000000010000010        0x4 /Users/jayalcock/Library/Rowley Associates Limited/CrossWorks for ARM/v4/packages/libraries/libctl/lib/libctl_v7m_t_le_eabi.a(ctl_unity.o)
                0x0000000010000010                ctl_time_increment
 .data.libctl.ctl_timeslice_period
                0x0000000010000014        0x4 /Users/jayalcock/Library/Rowley Associates Limited/CrossWorks for ARM/v4/packages/libraries/libctl/lib/libctl_v7m_t_le_eabi.a(ctl_unity.o)
                0x0000000010000014                ctl_timeslice_period
 .data.libc.heap
                0x0000000010000018        0x4 /Applications/CrossWorks for ARM 4.8/lib/libc_v7m_t_le_eabi.a(libc2.o)
                0x000000001000001c                __data_end__ = (__data_start__ + SIZEOF (.data))
                0x000000000000001c                __data_size__ = SIZEOF (.data)
                0x0000000000003614                __data_load_end__ = (__data_load_start__ + SIZEOF (.data))

.igot.plt       0x0000000100000000        0x0
 .igot.plt      0x0000000100000000        0x0 Clocks 1768 CTL THUMB Flash Debug/thumb_crt0.o
                0x0000000000000001                . = ASSERT (((__data_load_start__ == __data_load_end__) || ((__data_load_end__ - __FLASH_segment_start__) <= __FLASH_segment_size__)), error: .data is too large to fit in FLASH memory segment)

.data_run       0x0000000010000000       0x1c load address 0x00000000000035f8
                0x0000000010000000                __data_run_start__ = .
                0x000000001000001c                . = MAX ((__data_run_start__ + SIZEOF (.data)), .)
 *fill*         0x0000000010000000       0x1c 
                0x000000001000001c                __data_run_end__ = (__data_run_start__ + SIZEOF (.data_run))
                0x000000000000001c                __data_run_size__ = SIZEOF (.data_run)
                0x000000001000001c                __data_run_load_end__ = __data_run_end__
                0x0000000000000001                . = ASSERT (((__data_run_start__ == __data_run_end__) || ((__data_run_end__ - __RAM_segment_start__) <= __RAM_segment_size__)), error: .data_run is too large to fit in RAM memory segment)
                0x000000001000001c                __bss_load_start__ = ALIGN (__data_run_end__, 0x4)

.bss            0x000000001000001c      0x2d0
                0x000000001000001c                __bss_start__ = .
 *(.bss .bss.* .gnu.linkonce.b.*)
 .bss.userTimerISR
                0x000000001000001c        0x4 Clocks 1768 CTL THUMB Flash Debug/ctl_lpc1700.o
 .bss.userButtonISR
                0x0000000010000020        0x4 Clocks 1768 CTL THUMB Flash Debug/ctl_mbed_nxp_lpc1768.o
 .bss.USART_Event
                0x0000000010000024        0x4 Clocks 1768 CTL THUMB Flash Debug/Comms.o
                0x0000000010000024                USART_Event
 .bss.main_task
                0x0000000010000028       0x2c Clocks 1768 CTL THUMB Flash Debug/main_ctl.o
                0x0000000010000028                main_task
 .bss.new_task  0x0000000010000054       0x2c Clocks 1768 CTL THUMB Flash Debug/main_ctl.o
                0x0000000010000054                new_task
 .bss.USART_task
                0x0000000010000080       0x2c Clocks 1768 CTL THUMB Flash Debug/main_ctl.o
                0x0000000010000080                USART_task
 .bss.new_task_stack
                0x00000000100000ac      0x108 Clocks 1768 CTL THUMB Flash Debug/main_ctl.o
                0x00000000100000ac                new_task_stack
 .bss.USART_task_stack
                0x00000000100001b4      0x108 Clocks 1768 CTL THUMB Flash Debug/main_ctl.o
                0x00000000100001b4                USART_task_stack
 .bss.rxchar    0x00000000100002bc        0x1 Clocks 1768 CTL THUMB Flash Debug/uart.o
 *fill*         0x00000000100002bd        0x3 
 .bss.libctl.ctl_current_time
                0x00000000100002c0        0x4 /Users/jayalcock/Library/Rowley Associates Limited/CrossWorks for ARM/v4/packages/libraries/libctl/lib/libctl_v7m_t_le_eabi.a(ctl_unity.o)
                0x00000000100002c0                ctl_current_time
 .bss.libctl.ctl_interrupt_count
                0x00000000100002c4        0x1 /Users/jayalcock/Library/Rowley Associates Limited/CrossWorks for ARM/v4/packages/libraries/libctl/lib/libctl_v7m_t_le_eabi.a(ctl_unity.o)
                0x00000000100002c4                ctl_interrupt_count
 *fill*         0x00000000100002c5        0x3 
 .bss.libctl.ctl_last_schedule_time
                0x00000000100002c8        0x4 /Users/jayalcock/Library/Rowley Associates Limited/CrossWorks for ARM/v4/packages/libraries/libctl/lib/libctl_v7m_t_le_eabi.a(ctl_unity.o)
                0x00000000100002c8                ctl_last_schedule_time
 .bss.libctl.ctl_reschedule_on_last_isr_exit
                0x00000000100002cc        0x1 /Users/jayalcock/Library/Rowley Associates Limited/CrossWorks for ARM/v4/packages/libraries/libctl/lib/libctl_v7m_t_le_eabi.a(ctl_unity.o)
                0x00000000100002cc                ctl_reschedule_on_last_isr_exit
 *fill*         0x00000000100002cd        0x3 
 .bss.libctl.ctl_task_executing
                0x00000000100002d0        0x4 /Users/jayalcock/Library/Rowley Associates Limited/CrossWorks for ARM/v4/packages/libraries/libctl/lib/libctl_v7m_t_le_eabi.a(ctl_unity.o)
                0x00000000100002d0                ctl_task_executing
 .bss.libctl.ctl_task_list
                0x00000000100002d4        0x4 /Users/jayalcock/Library/Rowley Associates Limited/CrossWorks for ARM/v4/packages/libraries/libctl/lib/libctl_v7m_t_le_eabi.a(ctl_unity.o)
                0x00000000100002d4                ctl_task_list
 .bss.libctl.ctl_task_switch_callout
                0x00000000100002d8        0x4 /Users/jayalcock/Library/Rowley Associates Limited/CrossWorks for ARM/v4/packages/libraries/libctl/lib/libctl_v7m_t_le_eabi.a(ctl_unity.o)
                0x00000000100002d8                ctl_task_switch_callout
 .bss.libc.__user_format_extender
                0x00000000100002dc        0x4 /Applications/CrossWorks for ARM 4.8/lib/libc_v7m_t_le_eabi.a(libc2.o)
                0x00000000100002dc                __user_format_extender
 .bss.libcxxabi.__cxa_new_handler
                0x00000000100002e0        0x4 /Applications/CrossWorks for ARM 4.8/lib/libcxxabi_noexcept_v7m_t_le_eabi.a(cxa_handlers.o)
                0x00000000100002e0                __cxa_new_handler
 .bss.libcxxabi.__cxa_terminate_handler
                0x00000000100002e4        0x4 /Applications/CrossWorks for ARM 4.8/lib/libcxxabi_noexcept_v7m_t_le_eabi.a(cxa_default_handlers.o)
                0x00000000100002e4                __cxa_terminate_handler
 .bss.libcxxabi.__cxa_unexpected_handler
                0x00000000100002e8        0x4 /Applications/CrossWorks for ARM 4.8/lib/libcxxabi_noexcept_v7m_t_le_eabi.a(cxa_default_handlers.o)
                0x00000000100002e8                __cxa_unexpected_handler
 *(COMMON)
                0x00000000100002ec                __bss_end__ = (__bss_start__ + SIZEOF (.bss))
                0x00000000000002d0                __bss_size__ = SIZEOF (.bss)
                0x00000000100002ec                __bss_load_end__ = __bss_end__
                0x0000000000000001                . = ASSERT (((__bss_start__ == __bss_end__) || ((__bss_end__ - __RAM_segment_start__) <= __RAM_segment_size__)), error: .bss is too large to fit in RAM memory segment)
                0x00000000100002ec                __non_init_load_start__ = ALIGN (__bss_end__, 0x4)

.non_init       0x00000000100002ec        0x0
                0x00000000100002ec                __non_init_start__ = .
 *(.non_init .non_init.*)
                0x00000000100002ec                __non_init_end__ = (__non_init_start__ + SIZEOF (.non_init))
                0x0000000000000000                __non_init_size__ = SIZEOF (.non_init)
                0x00000000100002ec                __non_init_load_end__ = __non_init_end__
                0x0000000000000001                . = ASSERT (((__non_init_start__ == __non_init_end__) || ((__non_init_end__ - __RAM_segment_start__) <= __RAM_segment_size__)), error: .non_init is too large to fit in RAM memory segment)
                0x00000000100002ec                __tbss_load_start__ = ALIGN (__non_init_end__, 0x4)

.tbss           0x00000000100002ec        0x4
                0x00000000100002ec                __tbss_start__ = .
 *(.tbss .tbss.*)
 .tbss.errno_val
                0x00000000100002ec        0x4 /Applications/CrossWorks for ARM 4.8/lib/libc_v7m_t_le_eabi.a(libc2.o)
                0x00000000100002f0                __tbss_end__ = (__tbss_start__ + SIZEOF (.tbss))
                0x0000000000000004                __tbss_size__ = SIZEOF (.tbss)
                0x00000000100002f0                __tbss_load_end__ = __tbss_end__
                0x0000000000000001                . = ASSERT (((__tbss_start__ == __tbss_end__) || ((__tbss_end__ - __RAM_segment_start__) <= __RAM_segment_size__)), error: .tbss is too large to fit in RAM memory segment)
                0x0000000000003614                __tdata_load_start__ = ALIGN ((__data_load_start__ + SIZEOF (.data)), 0x4)

.tdata          0x00000000100002f0        0x0 load address 0x0000000000003614
                0x00000000100002f0                __tdata_start__ = .
 *(.tdata .tdata.*)
                0x00000000100002f0                __tdata_end__ = (__tdata_start__ + SIZEOF (.tdata))
                0x0000000000000000                __tdata_size__ = SIZEOF (.tdata)
                0x0000000000003614                __tdata_load_end__ = (__tdata_load_start__ + SIZEOF (.tdata))
                0x0000000000000001                . = ASSERT (((__tdata_load_start__ == __tdata_load_end__) || ((__tdata_load_end__ - __FLASH_segment_start__) <= __FLASH_segment_size__)), error: .tdata is too large to fit in FLASH memory segment)

.tdata_run      0x00000000100002f0        0x0
                0x00000000100002f0                __tdata_run_start__ = .
                0x00000000100002f0                . = MAX ((__tdata_run_start__ + SIZEOF (.tdata)), .)
                0x00000000100002f0                __tdata_run_end__ = (__tdata_run_start__ + SIZEOF (.tdata_run))
                0x0000000000000000                __tdata_run_size__ = SIZEOF (.tdata_run)
                0x00000000100002f0                __tdata_run_load_end__ = __tdata_run_end__
                0x0000000000000001                . = ASSERT (((__tdata_run_start__ == __tdata_run_end__) || ((__tdata_run_end__ - __RAM_segment_start__) <= __RAM_segment_size__)), error: .tdata_run is too large to fit in RAM memory segment)
                0x000000002007c000                __heap_load_start__ = ALIGN (__AHBSRAM_segment_start__, 0x4)

.heap           0x000000002007c000       0x80
                0x000000002007c000                __heap_start__ = .
 *(.heap .heap.*)
                0x000000002007c080                . = ALIGN (MAX ((__heap_start__ + __HEAPSIZE__), .), 0x4)
 *fill*         0x000000002007c000       0x80 
                0x000000002007c080                __heap_end__ = (__heap_start__ + SIZEOF (.heap))
                0x0000000000000080                __heap_size__ = SIZEOF (.heap)
                0x000000002007c080                __heap_load_end__ = __heap_end__
                0x0000000000000001                . = ASSERT (((__heap_start__ == __heap_end__) || ((__heap_end__ - __AHBSRAM_segment_start__) <= __AHBSRAM_segment_size__)), error: .heap is too large to fit in AHBSRAM memory segment)
                0x000000002007c080                __stack_load_start__ = ALIGN (__heap_end__, 0x4)

.stack          0x000000002007c080      0x100
                0x000000002007c080                __stack_start__ = .
 *(.stack .stack.*)
                0x000000002007c180                . = ALIGN (MAX ((__stack_start__ + __STACKSIZE__), .), 0x4)
 *fill*         0x000000002007c080      0x100 
                0x000000002007c180                __stack_end__ = (__stack_start__ + SIZEOF (.stack))
                0x0000000000000100                __stack_size__ = SIZEOF (.stack)
                0x000000002007c180                __stack_load_end__ = __stack_end__
                0x0000000000000001                . = ASSERT (((__stack_start__ == __stack_end__) || ((__stack_end__ - __AHBSRAM_segment_start__) <= __AHBSRAM_segment_size__)), error: .stack is too large to fit in AHBSRAM memory segment)
                0x000000002007c180                __stack_process_load_start__ = ALIGN (__stack_end__, 0x4)

.stack_process  0x000000002007c180      0x100
                0x000000002007c180                __stack_process_start__ = .
 *(.stack_process .stack_process.*)
                0x000000002007c280                . = ALIGN (MAX ((__stack_process_start__ + __STACKSIZE_PROCESS__), .), 0x4)
 *fill*         0x000000002007c180      0x100 
                0x000000002007c280                __stack_process_end__ = (__stack_process_start__ + SIZEOF (.stack_process))
                0x0000000000000100                __stack_process_size__ = SIZEOF (.stack_process)
                0x000000002007c280                __stack_process_load_end__ = __stack_process_end__
                0x000000002007c280                __AHBSRAM_segment_used_end__ = (ALIGN (__stack_end__, 0x4) + SIZEOF (.stack_process))
                0x0000000000000280                __AHBSRAM_segment_used_size__ = (__AHBSRAM_segment_used_end__ - __AHBSRAM_segment_start__)
                0x0000000000000001                . = ASSERT (((__stack_process_start__ == __stack_process_end__) || ((__stack_process_end__ - __AHBSRAM_segment_start__) <= __AHBSRAM_segment_size__)), error: .stack_process is too large to fit in AHBSRAM memory segment)
                0x0000000000003614                __text2_load_start__ = ALIGN ((__tdata_load_start__ + SIZEOF (.tdata)), 0x4)

.text2          0x0000000000003614        0x0
                0x0000000000003614                __text2_start__ = .
 *(.text2 .text2.*)
                0x0000000000003614                __text2_end__ = (__text2_start__ + SIZEOF (.text2))
                0x0000000000000000                __text2_size__ = SIZEOF (.text2)
                0x0000000000003614                __text2_load_end__ = __text2_end__
                0x0000000000000001                . = ASSERT (((__text2_start__ == __text2_end__) || ((__text2_end__ - __FLASH_segment_start__) <= __FLASH_segment_size__)), error: .text2 is too large to fit in FLASH memory segment)
                0x0000000000003614                __rodata2_load_start__ = ALIGN (__text2_end__, 0x4)

.rodata2        0x0000000000003614        0x0
                0x0000000000003614                __rodata2_start__ = .
 *(.rodata2 .rodata2.*)
                0x0000000000003614                __rodata2_end__ = (__rodata2_start__ + SIZEOF (.rodata2))
                0x0000000000000000                __rodata2_size__ = SIZEOF (.rodata2)
                0x0000000000003614                __rodata2_load_end__ = __rodata2_end__
                0x0000000000000001                . = ASSERT (((__rodata2_start__ == __rodata2_end__) || ((__rodata2_end__ - __FLASH_segment_start__) <= __FLASH_segment_size__)), error: .rodata2 is too large to fit in FLASH memory segment)
                0x0000000000003614                __data2_load_start__ = ALIGN (__rodata2_end__, 0x4)

.data2          0x00000000100002f0        0x0 load address 0x0000000000003614
                0x00000000100002f0                __data2_start__ = .
 *(.data2 .data2.*)
                0x00000000100002f0                __data2_end__ = (__data2_start__ + SIZEOF (.data2))
                0x0000000000000000                __data2_size__ = SIZEOF (.data2)
                0x0000000000003614                __data2_load_end__ = (__data2_load_start__ + SIZEOF (.data2))
                0x0000000000003614                __FLASH_segment_used_end__ = (ALIGN (__rodata2_end__, 0x4) + SIZEOF (.data2))
                0x0000000000003614                __FLASH_segment_used_size__ = (__FLASH_segment_used_end__ - __FLASH_segment_start__)
                0x0000000000000001                . = ASSERT (((__data2_load_start__ == __data2_load_end__) || ((__data2_load_end__ - __FLASH_segment_start__) <= __FLASH_segment_size__)), error: .data2 is too large to fit in FLASH memory segment)

.data2_run      0x00000000100002f0        0x0
                0x00000000100002f0                __data2_run_start__ = .
                0x00000000100002f0                . = MAX ((__data2_run_start__ + SIZEOF (.data2)), .)
                0x00000000100002f0                __data2_run_end__ = (__data2_run_start__ + SIZEOF (.data2_run))
                0x0000000000000000                __data2_run_size__ = SIZEOF (.data2_run)
                0x00000000100002f0                __data2_run_load_end__ = __data2_run_end__
                0x0000000000000001                . = ASSERT (((__data2_run_start__ == __data2_run_end__) || ((__data2_run_end__ - __RAM_segment_start__) <= __RAM_segment_size__)), error: .data2_run is too large to fit in RAM memory segment)
                0x00000000100002f0                __bss2_load_start__ = ALIGN (__data2_run_end__, 0x4)

.bss2           0x00000000100002f0        0x0
                0x00000000100002f0                __bss2_start__ = .
 *(.bss2 .bss2.*)
                0x00000000100002f0                __bss2_end__ = (__bss2_start__ + SIZEOF (.bss2))
                0x0000000000000000                __bss2_size__ = SIZEOF (.bss2)
                0x00000000100002f0                __bss2_load_end__ = __bss2_end__
                0x00000000100002f0                __RAM_segment_used_end__ = (ALIGN (__data2_run_end__, 0x4) + SIZEOF (.bss2))
                0x00000000000002f0                __RAM_segment_used_size__ = (__RAM_segment_used_end__ - __RAM_segment_start__)
                0x0000000000000001                . = ASSERT (((__bss2_start__ == __bss2_end__) || ((__bss2_end__ - __RAM_segment_start__) <= __RAM_segment_size__)), error: .bss2 is too large to fit in RAM memory segment)
START GROUP
LOAD Clocks 1768 CTL THUMB Flash Debug/thumb_crt0.o
LOAD Clocks 1768 CTL THUMB Flash Debug/LPC1700_Startup.o
LOAD Clocks 1768 CTL THUMB Flash Debug/ctl_lpc1700.o
LOAD Clocks 1768 CTL THUMB Flash Debug/ctl_mbed_nxp_lpc1768.o
LOAD Clocks 1768 CTL THUMB Flash Debug/system_LPC17xx.o
LOAD Clocks 1768 CTL THUMB Flash Debug/Comms.o
LOAD Clocks 1768 CTL THUMB Flash Debug/Driver_USART.o
LOAD Clocks 1768 CTL THUMB Flash Debug/Functions_HL.o
LOAD Clocks 1768 CTL THUMB Flash Debug/main_ctl.o
LOAD Clocks 1768 CTL THUMB Flash Debug/uart.o
LOAD /Users/jayalcock/Library/Rowley Associates Limited/CrossWorks for ARM/v4/packages/libraries/libctl/lib/libctl_v7m_t_le_eabi.a
LOAD /Users/jayalcock/Library/Rowley Associates Limited/CrossWorks for ARM/v4/packages/targets/LPC1000/lib/liblpc1000_v7m_t_le_eabi.a
LOAD /Users/jayalcock/Library/Rowley Associates Limited/CrossWorks for ARM/v4/packages/libraries/libctl/lib/libctl_v7m_t_le_eabi.a
LOAD /Applications/CrossWorks for ARM 4.8/lib/libm_v7m_t_le_eabi.a
LOAD /Applications/CrossWorks for ARM 4.8/lib/libc_v7m_t_le_eabi.a
LOAD /Applications/CrossWorks for ARM 4.8/lib/libdebugio_v7m_t_le_eabi.a
LOAD /Applications/CrossWorks for ARM 4.8/lib/libcm_v7m_t_le_eabi.a
LOAD /Applications/CrossWorks for ARM 4.8/lib/libcxxabi_noexcept_v7m_t_le_eabi.a
END GROUP
OUTPUT(Clocks 1768 CTL THUMB Flash Debug/Clocks 1768 CTL.elf elf32-littlearm)
LOAD linker stubs

.ARM.attributes
                0x0000000000000000       0x2f
 .ARM.attributes
                0x0000000000000000       0x21 Clocks 1768 CTL THUMB Flash Debug/thumb_crt0.o
 .ARM.attributes
                0x0000000000000021       0x21 Clocks 1768 CTL THUMB Flash Debug/LPC1700_Startup.o
 .ARM.attributes
                0x0000000000000042       0x33 Clocks 1768 CTL THUMB Flash Debug/ctl_lpc1700.o
 .ARM.attributes
                0x0000000000000075       0x33 Clocks 1768 CTL THUMB Flash Debug/ctl_mbed_nxp_lpc1768.o
 .ARM.attributes
                0x00000000000000a8       0x33 Clocks 1768 CTL THUMB Flash Debug/system_LPC17xx.o
 .ARM.attributes
                0x00000000000000db       0x33 Clocks 1768 CTL THUMB Flash Debug/Comms.o
 .ARM.attributes
                0x000000000000010e       0x33 Clocks 1768 CTL THUMB Flash Debug/Driver_USART.o
 .ARM.attributes
                0x0000000000000141       0x33 Clocks 1768 CTL THUMB Flash Debug/Functions_HL.o
 .ARM.attributes
                0x0000000000000174       0x33 Clocks 1768 CTL THUMB Flash Debug/main_ctl.o
 .ARM.attributes
                0x00000000000001a7       0x33 Clocks 1768 CTL THUMB Flash Debug/uart.o
 .ARM.attributes
                0x00000000000001da       0x2d /Users/jayalcock/Library/Rowley Associates Limited/CrossWorks for ARM/v4/packages/libraries/libctl/lib/libctl_v7m_t_le_eabi.a(ctl_unity.o)
 .ARM.attributes
                0x0000000000000207       0x1b /Users/jayalcock/Library/Rowley Associates Limited/CrossWorks for ARM/v4/packages/libraries/libctl/lib/libctl_v7m_t_le_eabi.a(ctl_cm3.o)
 .ARM.attributes
                0x0000000000000222       0x2d /Users/jayalcock/Library/Rowley Associates Limited/CrossWorks for ARM/v4/packages/targets/LPC1000/lib/liblpc1000_v7m_t_le_eabi.a(liblpc1000_lpc17xx_get_cclk.o)
 .ARM.attributes
                0x000000000000024f       0x2d /Applications/CrossWorks for ARM 4.8/lib/libc_v7m_t_le_eabi.a(libc2.o)
 .ARM.attributes
                0x000000000000027c       0x1b /Applications/CrossWorks for ARM 4.8/lib/libc_v7m_t_le_eabi.a(libc2_asm.o)
 .ARM.attributes
                0x0000000000000297       0x2d /Applications/CrossWorks for ARM 4.8/lib/libc_v7m_t_le_eabi.a(libvfprintf.o)
 .ARM.attributes
                0x00000000000002c4       0x1b /Applications/CrossWorks for ARM 4.8/lib/libc_v7m_t_le_eabi.a(libc_asm.o)
 .ARM.attributes
                0x00000000000002df       0x2d /Applications/CrossWorks for ARM 4.8/lib/libcxxabi_noexcept_v7m_t_le_eabi.a(stdlib_new_delete.o)
 .ARM.attributes
                0x000000000000030c       0x2d /Applications/CrossWorks for ARM 4.8/lib/libcxxabi_noexcept_v7m_t_le_eabi.a(cxa_handlers.o)
 .ARM.attributes
                0x0000000000000339       0x2d /Applications/CrossWorks for ARM 4.8/lib/libcxxabi_noexcept_v7m_t_le_eabi.a(abort_message.o)
 .ARM.attributes
                0x0000000000000366       0x2d /Applications/CrossWorks for ARM 4.8/lib/libcxxabi_noexcept_v7m_t_le_eabi.a(cxa_default_handlers.o)
 .ARM.attributes
                0x0000000000000393       0x1b /Applications/CrossWorks for ARM 4.8/lib/libm_v7m_t_le_eabi.a(libm_asm.o)
 .ARM.attributes
                0x00000000000003ae       0x2d /Applications/CrossWorks for ARM 4.8/lib/libm_v7m_t_le_eabi.a(libm2.o)
 .ARM.attributes
                0x00000000000003db       0x1b /Applications/CrossWorks for ARM 4.8/lib/libm_v7m_t_le_eabi.a(libm2_asm.o)

.comment        0x0000000000000000       0xb6
 .comment       0x0000000000000000       0x25 Clocks 1768 CTL THUMB Flash Debug/ctl_lpc1700.o
                                         0x26 (size before relaxing)
 .comment       0x0000000000000025       0x26 Clocks 1768 CTL THUMB Flash Debug/ctl_mbed_nxp_lpc1768.o
 .comment       0x0000000000000025       0x26 Clocks 1768 CTL THUMB Flash Debug/system_LPC17xx.o
 .comment       0x0000000000000025       0x26 Clocks 1768 CTL THUMB Flash Debug/Comms.o
 .comment       0x0000000000000025       0x26 Clocks 1768 CTL THUMB Flash Debug/Driver_USART.o
 .comment       0x0000000000000025       0x26 Clocks 1768 CTL THUMB Flash Debug/Functions_HL.o
 .comment       0x0000000000000025       0x26 Clocks 1768 CTL THUMB Flash Debug/main_ctl.o
 .comment       0x0000000000000025       0x26 Clocks 1768 CTL THUMB Flash Debug/uart.o
 .comment       0x0000000000000025       0x43 /Users/jayalcock/Library/Rowley Associates Limited/CrossWorks for ARM/v4/packages/libraries/libctl/lib/libctl_v7m_t_le_eabi.a(ctl_unity.o)
                                         0x44 (size before relaxing)
 .comment       0x0000000000000068       0x4e /Users/jayalcock/Library/Rowley Associates Limited/CrossWorks for ARM/v4/packages/targets/LPC1000/lib/liblpc1000_v7m_t_le_eabi.a(liblpc1000_lpc17xx_get_cclk.o)
                                         0x4f (size before relaxing)
 .comment       0x00000000000000b6       0x26 /Applications/CrossWorks for ARM 4.8/lib/libc_v7m_t_le_eabi.a(libc2.o)
 .comment       0x00000000000000b6       0x26 /Applications/CrossWorks for ARM 4.8/lib/libc_v7m_t_le_eabi.a(libvfprintf.o)
 .comment       0x00000000000000b6       0x26 /Applications/CrossWorks for ARM 4.8/lib/libcxxabi_noexcept_v7m_t_le_eabi.a(stdlib_new_delete.o)
 .comment       0x00000000000000b6       0x26 /Applications/CrossWorks for ARM 4.8/lib/libcxxabi_noexcept_v7m_t_le_eabi.a(cxa_handlers.o)
 .comment       0x00000000000000b6       0x26 /Applications/CrossWorks for ARM 4.8/lib/libcxxabi_noexcept_v7m_t_le_eabi.a(abort_message.o)
 .comment       0x00000000000000b6       0x26 /Applications/CrossWorks for ARM 4.8/lib/libcxxabi_noexcept_v7m_t_le_eabi.a(cxa_default_handlers.o)
 .comment       0x00000000000000b6       0x26 /Applications/CrossWorks for ARM 4.8/lib/libm_v7m_t_le_eabi.a(libm2.o)

.debug_line     0x0000000000000000     0x2355
 .debug_line    0x0000000000000000      0x204 Clocks 1768 CTL THUMB Flash Debug/thumb_crt0.o
 .debug_line    0x0000000000000204       0xde Clocks 1768 CTL THUMB Flash Debug/LPC1700_Startup.o
 .debug_line    0x00000000000002e2      0x62c Clocks 1768 CTL THUMB Flash Debug/ctl_lpc1700.o
 .debug_line    0x000000000000090e      0x41c Clocks 1768 CTL THUMB Flash Debug/ctl_mbed_nxp_lpc1768.o
 .debug_line    0x0000000000000d2a      0x36b Clocks 1768 CTL THUMB Flash Debug/system_LPC17xx.o
 .debug_line    0x0000000000001095      0x4ee Clocks 1768 CTL THUMB Flash Debug/Comms.o
 .debug_line    0x0000000000001583      0x281 Clocks 1768 CTL THUMB Flash Debug/Driver_USART.o
 .debug_line    0x0000000000001804      0x20b Clocks 1768 CTL THUMB Flash Debug/Functions_HL.o
 .debug_line    0x0000000000001a0f      0x42d Clocks 1768 CTL THUMB Flash Debug/main_ctl.o
 .debug_line    0x0000000000001e3c      0x481 Clocks 1768 CTL THUMB Flash Debug/uart.o
 .debug_line    0x00000000000022bd       0x98 /Users/jayalcock/Library/Rowley Associates Limited/CrossWorks for ARM/v4/packages/targets/LPC1000/lib/liblpc1000_v7m_t_le_eabi.a(liblpc1000_lpc17xx_get_cclk.o)

.debug_info     0x0000000000000000     0x409d
 .debug_info    0x0000000000000000       0x22 Clocks 1768 CTL THUMB Flash Debug/thumb_crt0.o
 .debug_info    0x0000000000000022       0x23 Clocks 1768 CTL THUMB Flash Debug/LPC1700_Startup.o
 .debug_info    0x0000000000000045      0x8eb Clocks 1768 CTL THUMB Flash Debug/ctl_lpc1700.o
 .debug_info    0x0000000000000930      0x3e4 Clocks 1768 CTL THUMB Flash Debug/ctl_mbed_nxp_lpc1768.o
 .debug_info    0x0000000000000d14      0x2ed Clocks 1768 CTL THUMB Flash Debug/system_LPC17xx.o
 .debug_info    0x0000000000001001     0x1315 Clocks 1768 CTL THUMB Flash Debug/Comms.o
 .debug_info    0x0000000000002316      0x83c Clocks 1768 CTL THUMB Flash Debug/Driver_USART.o
 .debug_info    0x0000000000002b52      0x2d9 Clocks 1768 CTL THUMB Flash Debug/Functions_HL.o
 .debug_info    0x0000000000002e2b      0xdd1 Clocks 1768 CTL THUMB Flash Debug/main_ctl.o
 .debug_info    0x0000000000003bfc      0x46b Clocks 1768 CTL THUMB Flash Debug/uart.o
 .debug_info    0x0000000000004067       0x36 /Users/jayalcock/Library/Rowley Associates Limited/CrossWorks for ARM/v4/packages/targets/LPC1000/lib/liblpc1000_v7m_t_le_eabi.a(liblpc1000_lpc17xx_get_cclk.o)

.debug_abbrev   0x0000000000000000     0x128f
 .debug_abbrev  0x0000000000000000       0x12 Clocks 1768 CTL THUMB Flash Debug/thumb_crt0.o
 .debug_abbrev  0x0000000000000012       0x14 Clocks 1768 CTL THUMB Flash Debug/LPC1700_Startup.o
 .debug_abbrev  0x0000000000000026      0x2d6 Clocks 1768 CTL THUMB Flash Debug/ctl_lpc1700.o
 .debug_abbrev  0x00000000000002fc      0x1db Clocks 1768 CTL THUMB Flash Debug/ctl_mbed_nxp_lpc1768.o
 .debug_abbrev  0x00000000000004d7       0xdd Clocks 1768 CTL THUMB Flash Debug/system_LPC17xx.o
 .debug_abbrev  0x00000000000005b4      0x44c Clocks 1768 CTL THUMB Flash Debug/Comms.o
 .debug_abbrev  0x0000000000000a00      0x1ed Clocks 1768 CTL THUMB Flash Debug/Driver_USART.o
 .debug_abbrev  0x0000000000000bed      0x1b0 Clocks 1768 CTL THUMB Flash Debug/Functions_HL.o
 .debug_abbrev  0x0000000000000d9d      0x2ed Clocks 1768 CTL THUMB Flash Debug/main_ctl.o
 .debug_abbrev  0x000000000000108a      0x1dd Clocks 1768 CTL THUMB Flash Debug/uart.o
 .debug_abbrev  0x0000000000001267       0x28 /Users/jayalcock/Library/Rowley Associates Limited/CrossWorks for ARM/v4/packages/targets/LPC1000/lib/liblpc1000_v7m_t_le_eabi.a(liblpc1000_lpc17xx_get_cclk.o)

.debug_aranges  0x0000000000000000      0x360
 .debug_aranges
                0x0000000000000000       0x98 Clocks 1768 CTL THUMB Flash Debug/thumb_crt0.o
 .debug_aranges
                0x0000000000000098       0x20 Clocks 1768 CTL THUMB Flash Debug/LPC1700_Startup.o
 .debug_aranges
                0x00000000000000b8       0x78 Clocks 1768 CTL THUMB Flash Debug/ctl_lpc1700.o
 .debug_aranges
                0x0000000000000130       0x38 Clocks 1768 CTL THUMB Flash Debug/ctl_mbed_nxp_lpc1768.o
 .debug_aranges
                0x0000000000000168       0x28 Clocks 1768 CTL THUMB Flash Debug/system_LPC17xx.o
 .debug_aranges
                0x0000000000000190       0x60 Clocks 1768 CTL THUMB Flash Debug/Comms.o
 .debug_aranges
                0x00000000000001f0       0x90 Clocks 1768 CTL THUMB Flash Debug/Driver_USART.o
 .debug_aranges
                0x0000000000000280       0x40 Clocks 1768 CTL THUMB Flash Debug/Functions_HL.o
 .debug_aranges
                0x00000000000002c0       0x30 Clocks 1768 CTL THUMB Flash Debug/main_ctl.o
 .debug_aranges
                0x00000000000002f0       0x50 Clocks 1768 CTL THUMB Flash Debug/uart.o
 .debug_aranges
                0x0000000000000340       0x20 /Users/jayalcock/Library/Rowley Associates Limited/CrossWorks for ARM/v4/packages/targets/LPC1000/lib/liblpc1000_v7m_t_le_eabi.a(liblpc1000_lpc17xx_get_cclk.o)

.debug_str      0x0000000000000000    0x832fb
 .debug_str     0x0000000000000000       0x89 Clocks 1768 CTL THUMB Flash Debug/thumb_crt0.o
 .debug_str     0x0000000000000089       0x74 Clocks 1768 CTL THUMB Flash Debug/LPC1700_Startup.o
                                         0xc4 (size before relaxing)
 .debug_str     0x00000000000000fd    0x8066b Clocks 1768 CTL THUMB Flash Debug/ctl_lpc1700.o
                                      0x80792 (size before relaxing)
 .debug_str     0x0000000000080768      0x107 Clocks 1768 CTL THUMB Flash Debug/ctl_mbed_nxp_lpc1768.o
                                      0x7f7f1 (size before relaxing)
 .debug_str     0x000000000008086f      0x437 Clocks 1768 CTL THUMB Flash Debug/system_LPC17xx.o
                                       0x8f15 (size before relaxing)
 .debug_str     0x0000000000080ca6     0x1de2 Clocks 1768 CTL THUMB Flash Debug/Comms.o
                                       0xad70 (size before relaxing)
 .debug_str     0x0000000000082a88      0x236 Clocks 1768 CTL THUMB Flash Debug/Driver_USART.o
                                       0x4a4b (size before relaxing)
 .debug_str     0x0000000000082cbe      0x178 Clocks 1768 CTL THUMB Flash Debug/Functions_HL.o
                                       0x3120 (size before relaxing)
 .debug_str     0x0000000000082e36      0x307 Clocks 1768 CTL THUMB Flash Debug/main_ctl.o
                                       0xab86 (size before relaxing)
 .debug_str     0x000000000008313d       0xe1 Clocks 1768 CTL THUMB Flash Debug/uart.o
                                      0x805ff (size before relaxing)
 .debug_str     0x000000000008321e       0xdd /Users/jayalcock/Library/Rowley Associates Limited/CrossWorks for ARM/v4/packages/targets/LPC1000/lib/liblpc1000_v7m_t_le_eabi.a(liblpc1000_lpc17xx_get_cclk.o)

.debug_ranges   0x0000000000000000      0x2a8
 .debug_ranges  0x0000000000000000       0x90 Clocks 1768 CTL THUMB Flash Debug/thumb_crt0.o
 .debug_ranges  0x0000000000000090       0x68 Clocks 1768 CTL THUMB Flash Debug/ctl_lpc1700.o
 .debug_ranges  0x00000000000000f8       0x28 Clocks 1768 CTL THUMB Flash Debug/ctl_mbed_nxp_lpc1768.o
 .debug_ranges  0x0000000000000120       0x18 Clocks 1768 CTL THUMB Flash Debug/system_LPC17xx.o
 .debug_ranges  0x0000000000000138       0x50 Clocks 1768 CTL THUMB Flash Debug/Comms.o
 .debug_ranges  0x0000000000000188       0x80 Clocks 1768 CTL THUMB Flash Debug/Driver_USART.o
 .debug_ranges  0x0000000000000208       0x30 Clocks 1768 CTL THUMB Flash Debug/Functions_HL.o
 .debug_ranges  0x0000000000000238       0x20 Clocks 1768 CTL THUMB Flash Debug/main_ctl.o
 .debug_ranges  0x0000000000000258       0x40 Clocks 1768 CTL THUMB Flash Debug/uart.o
 .debug_ranges  0x0000000000000298       0x10 /Users/jayalcock/Library/Rowley Associates Limited/CrossWorks for ARM/v4/packages/targets/LPC1000/lib/liblpc1000_v7m_t_le_eabi.a(liblpc1000_lpc17xx_get_cclk.o)

.debug_frame    0x0000000000000000      0x79c
 .debug_frame   0x0000000000000000      0x1bc Clocks 1768 CTL THUMB Flash Debug/ctl_lpc1700.o
 .debug_frame   0x00000000000001bc       0x90 Clocks 1768 CTL THUMB Flash Debug/ctl_mbed_nxp_lpc1768.o
 .debug_frame   0x000000000000024c       0x30 Clocks 1768 CTL THUMB Flash Debug/system_LPC17xx.o
 .debug_frame   0x000000000000027c      0x160 Clocks 1768 CTL THUMB Flash Debug/Comms.o
 .debug_frame   0x00000000000003dc      0x190 Clocks 1768 CTL THUMB Flash Debug/Driver_USART.o
 .debug_frame   0x000000000000056c       0xc8 Clocks 1768 CTL THUMB Flash Debug/Functions_HL.o
 .debug_frame   0x0000000000000634       0x68 Clocks 1768 CTL THUMB Flash Debug/main_ctl.o
 .debug_frame   0x000000000000069c       0xe0 Clocks 1768 CTL THUMB Flash Debug/uart.o
 .debug_frame   0x000000000000077c       0x20 /Users/jayalcock/Library/Rowley Associates Limited/CrossWorks for ARM/v4/packages/targets/LPC1000/lib/liblpc1000_v7m_t_le_eabi.a(liblpc1000_lpc17xx_get_cclk.o)

.debug_pubnames
                0x0000000000000000     0x15ff
 .debug_pubnames
                0x0000000000000000      0x5cb Clocks 1768 CTL THUMB Flash Debug/ctl_lpc1700.o
 .debug_pubnames
                0x00000000000005cb      0x546 Clocks 1768 CTL THUMB Flash Debug/ctl_mbed_nxp_lpc1768.o
 .debug_pubnames
                0x0000000000000b11       0x4f Clocks 1768 CTL THUMB Flash Debug/system_LPC17xx.o
 .debug_pubnames
                0x0000000000000b60      0x1f5 Clocks 1768 CTL THUMB Flash Debug/Comms.o
 .debug_pubnames
                0x0000000000000d55      0x1ff Clocks 1768 CTL THUMB Flash Debug/Driver_USART.o
 .debug_pubnames
                0x0000000000000f54       0x76 Clocks 1768 CTL THUMB Flash Debug/Functions_HL.o
 .debug_pubnames
                0x0000000000000fca      0x1d1 Clocks 1768 CTL THUMB Flash Debug/main_ctl.o
 .debug_pubnames
                0x000000000000119b      0x464 Clocks 1768 CTL THUMB Flash Debug/uart.o

.debug_pubtypes
                0x0000000000000000      0xbe6
 .debug_pubtypes
                0x0000000000000000      0x148 Clocks 1768 CTL THUMB Flash Debug/ctl_lpc1700.o
 .debug_pubtypes
                0x0000000000000148       0xd8 Clocks 1768 CTL THUMB Flash Debug/ctl_mbed_nxp_lpc1768.o
 .debug_pubtypes
                0x0000000000000220       0xbf Clocks 1768 CTL THUMB Flash Debug/system_LPC17xx.o
 .debug_pubtypes
                0x00000000000002df      0x322 Clocks 1768 CTL THUMB Flash Debug/Comms.o
 .debug_pubtypes
                0x0000000000000601      0x25c Clocks 1768 CTL THUMB Flash Debug/Driver_USART.o
 .debug_pubtypes
                0x000000000000085d       0x86 Clocks 1768 CTL THUMB Flash Debug/Functions_HL.o
 .debug_pubtypes
                0x00000000000008e3      0x1d5 Clocks 1768 CTL THUMB Flash Debug/main_ctl.o
 .debug_pubtypes
                0x0000000000000ab8      0x12e Clocks 1768 CTL THUMB Flash Debug/uart.o

.debug_macro    0x0000000000000000    0x1d74d
 .debug_macro   0x0000000000000000       0xcc Clocks 1768 CTL THUMB Flash Debug/ctl_lpc1700.o
 .debug_macro   0x00000000000000cc      0xac0 Clocks 1768 CTL THUMB Flash Debug/ctl_lpc1700.o
 .debug_macro   0x0000000000000b8c       0x11 Clocks 1768 CTL THUMB Flash Debug/ctl_lpc1700.o
 .debug_macro   0x0000000000000b9d       0x28 Clocks 1768 CTL THUMB Flash Debug/ctl_lpc1700.o
 .debug_macro   0x0000000000000bc5       0x1c Clocks 1768 CTL THUMB Flash Debug/ctl_lpc1700.o
 .debug_macro   0x0000000000000be1       0x3a Clocks 1768 CTL THUMB Flash Debug/ctl_lpc1700.o
 .debug_macro   0x0000000000000c1b      0x18d Clocks 1768 CTL THUMB Flash Debug/ctl_lpc1700.o
 .debug_macro   0x0000000000000da8       0x2d Clocks 1768 CTL THUMB Flash Debug/ctl_lpc1700.o
 .debug_macro   0x0000000000000dd5      0xbb1 Clocks 1768 CTL THUMB Flash Debug/ctl_lpc1700.o
 .debug_macro   0x0000000000001986      0x2c7 Clocks 1768 CTL THUMB Flash Debug/ctl_lpc1700.o
 .debug_macro   0x0000000000001c4d      0x214 Clocks 1768 CTL THUMB Flash Debug/ctl_lpc1700.o
 .debug_macro   0x0000000000001e61    0x197a7 Clocks 1768 CTL THUMB Flash Debug/ctl_lpc1700.o
 .debug_macro   0x000000000001b608       0x89 Clocks 1768 CTL THUMB Flash Debug/ctl_lpc1700.o
 .debug_macro   0x000000000001b691       0x2e Clocks 1768 CTL THUMB Flash Debug/ctl_lpc1700.o
 .debug_macro   0x000000000001b6bf       0x10 Clocks 1768 CTL THUMB Flash Debug/ctl_lpc1700.o
 .debug_macro   0x000000000001b6cf       0xe3 Clocks 1768 CTL THUMB Flash Debug/ctl_lpc1700.o
 .debug_macro   0x000000000001b7b2       0x7d Clocks 1768 CTL THUMB Flash Debug/ctl_lpc1700.o
 .debug_macro   0x000000000001b82f       0x8d Clocks 1768 CTL THUMB Flash Debug/ctl_mbed_nxp_lpc1768.o
 .debug_macro   0x000000000001b8bc      0x10b Clocks 1768 CTL THUMB Flash Debug/system_LPC17xx.o
 .debug_macro   0x000000000001b9c7       0xc9 Clocks 1768 CTL THUMB Flash Debug/Comms.o
 .debug_macro   0x000000000001ba90      0xae4 Clocks 1768 CTL THUMB Flash Debug/Comms.o
 .debug_macro   0x000000000001c574       0x10 Clocks 1768 CTL THUMB Flash Debug/Comms.o
 .debug_macro   0x000000000001c584       0x72 Clocks 1768 CTL THUMB Flash Debug/Comms.o
 .debug_macro   0x000000000001c5f6      0xbb1 Clocks 1768 CTL THUMB Flash Debug/Comms.o
 .debug_macro   0x000000000001d1a7       0x6a Clocks 1768 CTL THUMB Flash Debug/Comms.o
 .debug_macro   0x000000000001d211       0x10 Clocks 1768 CTL THUMB Flash Debug/Comms.o
 .debug_macro   0x000000000001d221       0x34 Clocks 1768 CTL THUMB Flash Debug/Comms.o
 .debug_macro   0x000000000001d255      0x1ef Clocks 1768 CTL THUMB Flash Debug/Comms.o
 .debug_macro   0x000000000001d444       0x5f Clocks 1768 CTL THUMB Flash Debug/Driver_USART.o
 .debug_macro   0x000000000001d4a3       0x1c Clocks 1768 CTL THUMB Flash Debug/Driver_USART.o
 .debug_macro   0x000000000001d4bf       0x22 Clocks 1768 CTL THUMB Flash Debug/Driver_USART.o
 .debug_macro   0x000000000001d4e1       0x33 Clocks 1768 CTL THUMB Flash Debug/Functions_HL.o
 .debug_macro   0x000000000001d514       0x78 Clocks 1768 CTL THUMB Flash Debug/Functions_HL.o
 .debug_macro   0x000000000001d58c       0xf8 Clocks 1768 CTL THUMB Flash Debug/main_ctl.o
 .debug_macro   0x000000000001d684       0xc9 Clocks 1768 CTL THUMB Flash Debug/uart.o
